###############################################################################
#                                                                             #
# IAR ELF Linker V6.50.6.4896/W32 for ARM               27/Aug/2015  01:05:23 #
# Copyright 2007-2013 IAR Systems AB.                                         #
#                                                                             #
#    Output file  =  C:\tfsbuildR\SVIFF\Release2\FIRMWARE\cmdbuild\Rel\projec #
#                    t_FFAP\FFAP.out.tmp                                      #
#    Map file     =  C:\tfsbuildR\SVIFF\Release2\FIRMWARE\cmdbuild\Rel\projec #
#                    t_FFAP\FFAP.map                                          #
#    Command line =  -f C:\tfsbuildR\SVIFF\Release2\FIRMWARE\cmdbuild\Rel\pro #
#                    ject_FFAP\FFAP.icf (C:\tfsbuildR\SVIFF\Release2\FIRMWARE #
#                    \cmdbuild\Rel\project_FFAP/allfeatures.o                 #
#                    C:\tfsbuildR\SVIFF\Release2\FIRMWARE\cmdbuild\Rel\projec #
#                    t_FFAP/projectdef.o C:\tfsbuildR\SVIFF\Release2\FIRMWARE #
#                    \cmdbuild\Rel\project_FFAP/hartvers.o                    #
#                    C:\tfsbuildR\SVIFF\Release2\FIRMWARE\cmdbuild\Rel\projec #
#                    t_FFAP/hccheck.o C:\tfsbuildR\SVIFF\Release2\FIRMWARE\cm #
#                    dbuild\Rel\project_FFAP/nvmemids.o                       #
#                    C:\tfsbuildR\SVIFF\Release2\FIRMWARE\cmdbuild\Rel\projec #
#                    t_FFAP/position.o C:\tfsbuildR\SVIFF\Release2\FIRMWARE\c #
#                    mdbuild\Rel\project_FFAP/posint.o                        #
#                    C:\tfsbuildR\SVIFF\Release2\FIRMWARE\cmdbuild\Rel\projec #
#                    t_FFAP/ipcurr.o C:\tfsbuildR\SVIFF\Release2\FIRMWARE\cmd #
#                    build\Rel\project_FFAP/adtbldrv.o                        #
#                    C:\tfsbuildR\SVIFF\Release2\FIRMWARE\cmdbuild\Rel\projec #
#                    t_FFAP/sysio.o C:\tfsbuildR\SVIFF\Release2\FIRMWARE\cmdb #
#                    uild\Rel\project_FFAP/poscharact.o                       #
#                    C:\tfsbuildR\SVIFF\Release2\FIRMWARE\cmdbuild\Rel\projec #
#                    t_FFAP/poschrtab.o C:\tfsbuildR\SVIFF\Release2\FIRMWARE\ #
#                    cmdbuild\Rel\project_FFAP/doswitchff.o                   #
#                    C:\tfsbuildR\SVIFF\Release2\FIRMWARE\cmdbuild\Rel\projec #
#                    t_FFAP/pressures.o C:\tfsbuildR\SVIFF\Release2\FIRMWARE\ #
#                    cmdbuild\Rel\project_FFAP/inpv.o                         #
#                    C:\tfsbuildR\SVIFF\Release2\FIRMWARE\cmdbuild\Rel\projec #
#                    t_FFAP/posext.o C:\tfsbuildR\SVIFF\Release2\FIRMWARE\cmd #
#                    build\Rel\project_FFAP/tempr_mncb.o                      #
#                    C:\tfsbuildR\SVIFF\Release2\FIRMWARE\cmdbuild\Rel\projec #
#                    t_FFAP/tempr.o C:\tfsbuildR\SVIFF\Release2\FIRMWARE\cmdb #
#                    uild\Rel\project_FFAP/tempcomp.o                         #
#                    C:\tfsbuildR\SVIFF\Release2\FIRMWARE\cmdbuild\Rel\projec #
#                    t_FFAP/ui_io.o C:\tfsbuildR\SVIFF\Release2\FIRMWARE\cmdb #
#                    uild\Rel\project_FFAP/tcomptab.o                         #
#                    C:\tfsbuildR\SVIFF\Release2\FIRMWARE\cmdbuild\Rel\projec #
#                    t_FFAP/adtbl.o C:\tfsbuildR\SVIFF\Release2\FIRMWARE\cmdb #
#                    uild\Rel\project_FFAP/prestab.o                          #
#                    C:\tfsbuildR\SVIFF\Release2\FIRMWARE\cmdbuild\Rel\projec #
#                    t_FFAP/diagnostics.o C:\tfsbuildR\SVIFF\Release2\FIRMWAR #
#                    E\cmdbuild\Rel\project_FFAP/diagnosticsUniversal.o       #
#                    C:\tfsbuildR\SVIFF\Release2\FIRMWARE\cmdbuild\Rel\projec #
#                    t_FFAP/procshims.o C:\tfsbuildR\SVIFF\Release2\FIRMWARE\ #
#                    cmdbuild\Rel\project_FFAP/process.o                      #
#                    C:\tfsbuildR\SVIFF\Release2\FIRMWARE\cmdbuild\Rel\projec #
#                    t_FFAP/reset.o C:\tfsbuildR\SVIFF\Release2\FIRMWARE\cmdb #
#                    uild\Rel\project_FFAP/idle.o                             #
#                    C:\tfsbuildR\SVIFF\Release2\FIRMWARE\cmdbuild\Rel\projec #
#                    t_FFAP/tasktable.o C:\tfsbuildR\SVIFF\Release2\FIRMWARE\ #
#                    cmdbuild\Rel\project_FFAP/atune.o                        #
#                    C:\tfsbuildR\SVIFF\Release2\FIRMWARE\cmdbuild\Rel\projec #
#                    t_FFAP/control.o C:\tfsbuildR\SVIFF\Release2\FIRMWARE\cm #
#                    dbuild\Rel\project_FFAP/ctllimits.o                      #
#                    C:\tfsbuildR\SVIFF\Release2\FIRMWARE\cmdbuild\Rel\projec #
#                    t_FFAP/pneumatics.o C:\tfsbuildR\SVIFF\Release2\FIRMWARE #
#                    \cmdbuild\Rel\project_FFAP/errlimits.o                   #
#                    C:\tfsbuildR\SVIFF\Release2\FIRMWARE\cmdbuild\Rel\projec #
#                    t_FFAP/fullthrottle.o C:\tfsbuildR\SVIFF\Release2\FIRMWA #
#                    RE\cmdbuild\Rel\project_FFAP/pidselect.o                 #
#                    C:\tfsbuildR\SVIFF\Release2\FIRMWARE\cmdbuild\Rel\projec #
#                    t_FFAP/proctable.o C:\tfsbuildR\SVIFF\Release2\FIRMWARE\ #
#                    cmdbuild\Rel\project_FFAP/cycle.o                        #
#                    C:\tfsbuildR\SVIFF\Release2\FIRMWARE\cmdbuild\Rel\projec #
#                    t_FFAP/mncbmain1.o C:\tfsbuildR\SVIFF\Release2\FIRMWARE\ #
#                    cmdbuild\Rel\project_FFAP/ctltask.o                      #
#                    C:\tfsbuildR\SVIFF\Release2\FIRMWARE\cmdbuild\Rel\projec #
#                    t_FFAP/configure.o C:\tfsbuildR\SVIFF\Release2\FIRMWARE\ #
#                    cmdbuild\Rel\project_FFAP/valveutils.o                   #
#                    C:\tfsbuildR\SVIFF\Release2\FIRMWARE\cmdbuild\Rel\projec #
#                    t_FFAP/cryptutils.o C:\tfsbuildR\SVIFF\Release2\FIRMWARE #
#                    \cmdbuild\Rel\project_FFAP/cnfghook.o                    #
#                    C:\tfsbuildR\SVIFF\Release2\FIRMWARE\cmdbuild\Rel\projec #
#                    t_FFAP/sha256.o C:\tfsbuildR\SVIFF\Release2\FIRMWARE\cmd #
#                    build\Rel\project_FFAP/shaseed.o                         #
#                    C:\tfsbuildR\SVIFF\Release2\FIRMWARE\cmdbuild\Rel\projec #
#                    t_FFAP/hmac.o C:\tfsbuildR\SVIFF\Release2\FIRMWARE\cmdbu #
#                    ild\Rel\project_FFAP/utilities.o                         #
#                    C:\tfsbuildR\SVIFF\Release2\FIRMWARE\cmdbuild\Rel\projec #
#                    t_FFAP/crc.o C:\tfsbuildR\SVIFF\Release2\FIRMWARE\cmdbui #
#                    ld\Rel\project_FFAP/datautils.o                          #
#                    C:\tfsbuildR\SVIFF\Release2\FIRMWARE\cmdbuild\Rel\projec #
#                    t_FFAP/chsum.o C:\tfsbuildR\SVIFF\Release2\FIRMWARE\cmdb #
#                    uild\Rel\project_FFAP/bufutils.o                         #
#                    C:\tfsbuildR\SVIFF\Release2\FIRMWARE\cmdbuild\Rel\projec #
#                    t_FFAP/errutils.o C:\tfsbuildR\SVIFF\Release2\FIRMWARE\c #
#                    mdbuild\Rel\project_FFAP/numutils.o                      #
#                    C:\tfsbuildR\SVIFF\Release2\FIRMWARE\cmdbuild\Rel\projec #
#                    t_FFAP/ifman.o C:\tfsbuildR\SVIFF\Release2\FIRMWARE\cmdb #
#                    uild\Rel\project_FFAP/fpconvert.o                        #
#                    C:\tfsbuildR\SVIFF\Release2\FIRMWARE\cmdbuild\Rel\projec #
#                    t_FFAP/unitsoptions.o C:\tfsbuildR\SVIFF\Release2\FIRMWA #
#                    RE\cmdbuild\Rel\project_FFAP/stm_ispcomm.o               #
#                    C:\tfsbuildR\SVIFF\Release2\FIRMWARE\cmdbuild\Rel\projec #
#                    t_FFAP/hartvers_compat.o C:\tfsbuildR\SVIFF\Release2\FIR #
#                    MWARE\cmdbuild\Rel\project_FFAP/hart.o                   #
#                    C:\tfsbuildR\SVIFF\Release2\FIRMWARE\cmdbuild\Rel\projec #
#                    t_FFAP/serial.o C:\tfsbuildR\SVIFF\Release2\FIRMWARE\cmd #
#                    build\Rel\project_FFAP/haddressing.o                     #
#                    C:\tfsbuildR\SVIFF\Release2\FIRMWARE\cmdbuild\Rel\projec #
#                    t_FFAP/hartconf.o C:\tfsbuildR\SVIFF\Release2\FIRMWARE\c #
#                    mdbuild\Rel\project_FFAP/hartutils.o                     #
#                    C:\tfsbuildR\SVIFF\Release2\FIRMWARE\cmdbuild\Rel\projec #
#                    t_FFAP/mnhartcmd.o C:\tfsbuildR\SVIFF\Release2\FIRMWARE\ #
#                    cmdbuild\Rel\project_FFAP/hart_posctl.o                  #
#                    C:\tfsbuildR\SVIFF\Release2\FIRMWARE\cmdbuild\Rel\projec #
#                    t_FFAP/hart_ctllimits.o C:\tfsbuildR\SVIFF\Release2\FIRM #
#                    WARE\cmdbuild\Rel\project_FFAP/hart_pneuparams.o         #
#                    C:\tfsbuildR\SVIFF\Release2\FIRMWARE\cmdbuild\Rel\projec #
#                    t_FFAP/hart_charactsp.o C:\tfsbuildR\SVIFF\Release2\FIRM #
#                    WARE\cmdbuild\Rel\project_FFAP/hart_readato.o            #
#                    C:\tfsbuildR\SVIFF\Release2\FIRMWARE\cmdbuild\Rel\projec #
#                    t_FFAP/hart_dosw.o C:\tfsbuildR\SVIFF\Release2\FIRMWARE\ #
#                    cmdbuild\Rel\project_FFAP/hart_stops_adjust.o            #
#                    C:\tfsbuildR\SVIFF\Release2\FIRMWARE\cmdbuild\Rel\projec #
#                    t_FFAP/hart_testassert.o C:\tfsbuildR\SVIFF\Release2\FIR #
#                    MWARE\cmdbuild\Rel\project_FFAP/hart_write_ctlout.o      #
#                    C:\tfsbuildR\SVIFF\Release2\FIRMWARE\cmdbuild\Rel\projec #
#                    t_FFAP/hart_engunitsif.o C:\tfsbuildR\SVIFF\Release2\FIR #
#                    MWARE\cmdbuild\Rel\project_FFAP/hart_errlimits.o         #
#                    C:\tfsbuildR\SVIFF\Release2\FIRMWARE\cmdbuild\Rel\projec #
#                    t_FFAP/hart_digsp.o C:\tfsbuildR\SVIFF\Release2\FIRMWARE #
#                    \cmdbuild\Rel\project_FFAP/hart_writeato.o               #
#                    C:\tfsbuildR\SVIFF\Release2\FIRMWARE\cmdbuild\Rel\projec #
#                    t_FFAP/hart_writectlselector.o                           #
#                    C:\tfsbuildR\SVIFF\Release2\FIRMWARE\cmdbuild\Rel\projec #
#                    t_FFAP/hart_activate.o C:\tfsbuildR\SVIFF\Release2\FIRMW #
#                    ARE\cmdbuild\Rel\project_FFAP/hart_vdiagx.o              #
#                    C:\tfsbuildR\SVIFF\Release2\FIRMWARE\cmdbuild\Rel\projec #
#                    t_FFAP/hart_vdiag.o C:\tfsbuildR\SVIFF\Release2\FIRMWARE #
#                    \cmdbuild\Rel\project_FFAP/hart_facdefaults.o            #
#                    C:\tfsbuildR\SVIFF\Release2\FIRMWARE\cmdbuild\Rel\projec #
#                    t_FFAP/hart_nvmclone.o C:\tfsbuildR\SVIFF\Release2\FIRMW #
#                    ARE\cmdbuild\Rel\project_FFAP/hart_datahog.o             #
#                    C:\tfsbuildR\SVIFF\Release2\FIRMWARE\cmdbuild\Rel\projec #
#                    t_FFAP/hart_dbuftest.o C:\tfsbuildR\SVIFF\Release2\FIRMW #
#                    ARE\cmdbuild\Rel\project_FFAP/oldapicollection.o         #
#                    C:\tfsbuildR\SVIFF\Release2\FIRMWARE\cmdbuild\Rel\projec #
#                    t_FFAP/hart_smoothtempr.o C:\tfsbuildR\SVIFF\Release2\FI #
#                    RMWARE\cmdbuild\Rel\project_FFAP/hart_smoothpos.o        #
#                    C:\tfsbuildR\SVIFF\Release2\FIRMWARE\cmdbuild\Rel\projec #
#                    t_FFAP/hart_sensortype.o C:\tfsbuildR\SVIFF\Release2\FIR #
#                    MWARE\cmdbuild\Rel\project_FFAP/hart_logfile.o           #
#                    C:\tfsbuildR\SVIFF\Release2\FIRMWARE\cmdbuild\Rel\projec #
#                    t_FFAP/hart_diagrw.o C:\tfsbuildR\SVIFF\Release2\FIRMWAR #
#                    E\cmdbuild\Rel\project_FFAP/hart_setpoint.o              #
#                    C:\tfsbuildR\SVIFF\Release2\FIRMWARE\cmdbuild\Rel\projec #
#                    t_FFAP/hart_lowpwrdata.o C:\tfsbuildR\SVIFF\Release2\FIR #
#                    MWARE\cmdbuild\Rel\project_FFAP/hart_refvoltage.o        #
#                    C:\tfsbuildR\SVIFF\Release2\FIRMWARE\cmdbuild\Rel\projec #
#                    t_FFAP/hart_uiconf.o C:\tfsbuildR\SVIFF\Release2\FIRMWAR #
#                    E\cmdbuild\Rel\project_FFAP/hart_corefac.o               #
#                    C:\tfsbuildR\SVIFF\Release2\FIRMWARE\cmdbuild\Rel\projec #
#                    t_FFAP/hart_faultrept.o C:\tfsbuildR\SVIFF\Release2\FIRM #
#                    WARE\cmdbuild\Rel\project_FFAP/hart_pbypass.o            #
#                    C:\tfsbuildR\SVIFF\Release2\FIRMWARE\cmdbuild\Rel\projec #
#                    t_FFAP/hart_swframe.o C:\tfsbuildR\SVIFF\Release2\FIRMWA #
#                    RE\cmdbuild\Rel\project_FFAP/hart_pressure.o             #
#                    C:\tfsbuildR\SVIFF\Release2\FIRMWARE\cmdbuild\Rel\projec #
#                    t_FFAP/hart_disw.o C:\tfsbuildR\SVIFF\Release2\FIRMWARE\ #
#                    cmdbuild\Rel\project_FFAP/hartcmd220_221_mncb.o          #
#                    C:\tfsbuildR\SVIFF\Release2\FIRMWARE\cmdbuild\Rel\projec #
#                    t_FFAP/hartfunc.o C:\tfsbuildR\SVIFF\Release2\FIRMWARE\c #
#                    mdbuild\Rel\project_FFAP/hart_ipc.o                      #
#                    C:\tfsbuildR\SVIFF\Release2\FIRMWARE\cmdbuild\Rel\projec #
#                    t_FFAP/hart_fwdlxmit.o C:\tfsbuildR\SVIFF\Release2\FIRMW #
#                    ARE\cmdbuild\Rel\project_FFAP/hart_tempcomp.o            #
#                    C:\tfsbuildR\SVIFF\Release2\FIRMWARE\cmdbuild\Rel\projec #
#                    t_FFAP/hart_tempcomp_mncb.o                              #
#                    C:\tfsbuildR\SVIFF\Release2\FIRMWARE\cmdbuild\Rel\projec #
#                    t_FFAP/unitstab.o C:\tfsbuildR\SVIFF\Release2\FIRMWARE\c #
#                    mdbuild\Rel\project_FFAP/hart_cmd_3.o                    #
#                    C:\tfsbuildR\SVIFF\Release2\FIRMWARE\cmdbuild\Rel\projec #
#                    t_FFAP/hcstatus.o C:\tfsbuildR\SVIFF\Release2\FIRMWARE\c #
#                    mdbuild\Rel\project_FFAP/hart_ext_analysis.o             #
#                    C:\tfsbuildR\SVIFF\Release2\FIRMWARE\cmdbuild\Rel\projec #
#                    t_FFAP/hclookup5.o C:\tfsbuildR\SVIFF\Release2\FIRMWARE\ #
#                    cmdbuild\Rel\project_FFAP/uimain.o                       #
#                    C:\tfsbuildR\SVIFF\Release2\FIRMWARE\cmdbuild\Rel\projec #
#                    t_FFAP/uishow.o C:\tfsbuildR\SVIFF\Release2\FIRMWARE\cmd #
#                    build\Rel\project_FFAP/ui_engunits.o                     #
#                    C:\tfsbuildR\SVIFF\Release2\FIRMWARE\cmdbuild\Rel\projec #
#                    t_FFAP/ui_locks.o C:\tfsbuildR\SVIFF\Release2\FIRMWARE\c #
#                    mdbuild\Rel\project_FFAP/ui_faults.o                     #
#                    C:\tfsbuildR\SVIFF\Release2\FIRMWARE\cmdbuild\Rel\projec #
#                    t_FFAP/ui_devmodes.o C:\tfsbuildR\SVIFF\Release2\FIRMWAR #
#                    E\cmdbuild\Rel\project_FFAP/ui_uisetup.o                 #
#                    C:\tfsbuildR\SVIFF\Release2\FIRMWARE\cmdbuild\Rel\projec #
#                    t_FFAP/ui_common.o C:\tfsbuildR\SVIFF\Release2\FIRMWARE\ #
#                    cmdbuild\Rel\project_FFAP/ui_config.o                    #
#                    C:\tfsbuildR\SVIFF\Release2\FIRMWARE\cmdbuild\Rel\projec #
#                    t_FFAP/ui_pressures.o C:\tfsbuildR\SVIFF\Release2\FIRMWA #
#                    RE\cmdbuild\Rel\project_FFAP/ui_ffinfo.o                 #
#                    C:\tfsbuildR\SVIFF\Release2\FIRMWARE\cmdbuild\Rel\projec #
#                    t_FFAP/ui_ffcustomvar.o C:\tfsbuildR\SVIFF\Release2\FIRM #
#                    WARE\cmdbuild\Rel\project_FFAP/ui_ffid.o                 #
#                    C:\tfsbuildR\SVIFF\Release2\FIRMWARE\cmdbuild\Rel\projec #
#                    t_FFAP/ui_sp.o C:\tfsbuildR\SVIFF\Release2\FIRMWARE\cmdb #
#                    uild\Rel\project_FFAP/ui_findstops.o                     #
#                    C:\tfsbuildR\SVIFF\Release2\FIRMWARE\cmdbuild\Rel\projec #
#                    t_FFAP/ui_mncbid.o C:\tfsbuildR\SVIFF\Release2\FIRMWARE\ #
#                    cmdbuild\Rel\project_FFAP/uifunc.o                       #
#                    C:\tfsbuildR\SVIFF\Release2\FIRMWARE\cmdbuild\Rel\projec #
#                    t_FFAP/sigbar.o C:\tfsbuildR\SVIFF\Release2\FIRMWARE\cmd #
#                    build\Rel\project_FFAP/uitable.o                         #
#                    C:\tfsbuildR\SVIFF\Release2\FIRMWARE\cmdbuild\Rel\projec #
#                    t_FFAP/uitext.o C:\tfsbuildR\SVIFF\Release2\FIRMWARE\cmd #
#                    build\Rel\project_FFAP/resblockvars.o                    #
#                    C:\tfsbuildR\SVIFF\Release2\FIRMWARE\cmdbuild\Rel\projec #
#                    t_FFAP/aoblockvars.o C:\tfsbuildR\SVIFF\Release2\FIRMWAR #
#                    E\cmdbuild\Rel\project_FFAP/pidblockvars.o               #
#                    C:\tfsbuildR\SVIFF\Release2\FIRMWARE\cmdbuild\Rel\projec #
#                    t_FFAP/doblockvars.o C:\tfsbuildR\SVIFF\Release2\FIRMWAR #
#                    E\cmdbuild\Rel\project_FFAP/tbblockvars.o                #
#                    C:\tfsbuildR\SVIFF\Release2\FIRMWARE\cmdbuild\Rel\projec #
#                    t_FFAP/aiblockvars.o C:\tfsbuildR\SVIFF\Release2\FIRMWAR #
#                    E\cmdbuild\Rel\project_FFAP/ai2blockvars.o               #
#                    C:\tfsbuildR\SVIFF\Release2\FIRMWARE\cmdbuild\Rel\projec #
#                    t_FFAP/ai3blockvars.o C:\tfsbuildR\SVIFF\Release2\FIRMWA #
#                    RE\cmdbuild\Rel\project_FFAP/do2blockvars.o              #
#                    C:\tfsbuildR\SVIFF\Release2\FIRMWARE\cmdbuild\Rel\projec #
#                    t_FFAP/isblockvars.o C:\tfsbuildR\SVIFF\Release2\FIRMWAR #
#                    E\cmdbuild\Rel\project_FFAP/pid2blockvars.o              #
#                    C:\tfsbuildR\SVIFF\Release2\FIRMWARE\cmdbuild\Rel\projec #
#                    t_FFAP/devicevars.o C:\tfsbuildR\SVIFF\Release2\FIRMWARE #
#                    \cmdbuild\Rel\project_FFAP/positionConfVars.o            #
#                    C:\tfsbuildR\SVIFF\Release2\FIRMWARE\cmdbuild\Rel\projec #
#                    t_FFAP/unitstable.o C:\tfsbuildR\SVIFF\Release2\FIRMWARE #
#                    \cmdbuild\Rel\project_FFAP/vertran.o                     #
#                    C:\tfsbuildR\SVIFF\Release2\FIRMWARE\cmdbuild\Rel\projec #
#                    t_FFAP/logfile.o C:\tfsbuildR\SVIFF\Release2\FIRMWARE\cm #
#                    dbuild\Rel\project_FFAP/nvram.o                          #
#                    C:\tfsbuildR\SVIFF\Release2\FIRMWARE\cmdbuild\Rel\projec #
#                    t_FFAP/confchanged.o C:\tfsbuildR\SVIFF\Release2\FIRMWAR #
#                    E\cmdbuild\Rel\project_FFAP/facdefaults.o                #
#                    C:\tfsbuildR\SVIFF\Release2\FIRMWARE\cmdbuild\Rel\projec #
#                    t_FFAP/clonenvram.o C:\tfsbuildR\SVIFF\Release2\FIRMWARE #
#                    \cmdbuild\Rel\project_FFAP/nvram_xtable.o                #
#                    C:\tfsbuildR\SVIFF\Release2\FIRMWARE\cmdbuild\Rel\projec #
#                    t_FFAP/FFAP_verdump_8.o C:\tfsbuildR\SVIFF\Release2\FIRM #
#                    WARE\cmdbuild\Rel\project_FFAP/logfdata.o                #
#                    C:\tfsbuildR\SVIFF\Release2\FIRMWARE\cmdbuild\Rel\projec #
#                    t_FFAP/nvramtable.o C:\tfsbuildR\SVIFF\Release2\FIRMWARE #
#                    \cmdbuild\Rel\project_FFAP/charact.o                     #
#                    C:\tfsbuildR\SVIFF\Release2\FIRMWARE\cmdbuild\Rel\projec #
#                    t_FFAP/bufferhandler.o C:\tfsbuildR\SVIFF\Release2\FIRMW #
#                    ARE\cmdbuild\Rel\project_FFAP/devicemode.o               #
#                    C:\tfsbuildR\SVIFF\Release2\FIRMWARE\cmdbuild\Rel\projec #
#                    t_FFAP/calib.o C:\tfsbuildR\SVIFF\Release2\FIRMWARE\cmdb #
#                    uild\Rel\project_FFAP/power.o                            #
#                    C:\tfsbuildR\SVIFF\Release2\FIRMWARE\cmdbuild\Rel\projec #
#                    t_FFAP/ramdatamap.o C:\tfsbuildR\SVIFF\Release2\FIRMWARE #
#                    \cmdbuild\Rel\project_FFAP/ramtable.o                    #
#                    C:\tfsbuildR\SVIFF\Release2\FIRMWARE\cmdbuild\Rel\projec #
#                    t_FFAP/sysiolopwr.o C:\tfsbuildR\SVIFF\Release2\FIRMWARE #
#                    \cmdbuild\Rel\project_FFAP/nobumpless.o                  #
#                    C:\tfsbuildR\SVIFF\Release2\FIRMWARE\cmdbuild\Rel\projec #
#                    t_FFAP/activate_id_sn.o C:\tfsbuildR\SVIFF\Release2\FIRM #
#                    WARE\cmdbuild\Rel\project_FFAP/refvoltage.o              #
#                    C:\tfsbuildR\SVIFF\Release2\FIRMWARE\cmdbuild\Rel\projec #
#                    t_FFAP/faultman.o C:\tfsbuildR\SVIFF\Release2\FIRMWARE\c #
#                    mdbuild\Rel\project_FFAP/mnassert.o                      #
#                    C:\tfsbuildR\SVIFF\Release2\FIRMWARE\cmdbuild\Rel\projec #
#                    t_FFAP/resource.o C:\tfsbuildR\SVIFF\Release2\FIRMWARE\c #
#                    mdbuild\Rel\project_FFAP/charact_tables.o                #
#                    C:\tfsbuildR\SVIFF\Release2\FIRMWARE\cmdbuild\Rel\projec #
#                    t_FFAP/okctlmodes.o C:\tfsbuildR\SVIFF\Release2\FIRMWARE #
#                    \cmdbuild\Rel\project_FFAP/diagctlout.o                  #
#                    C:\tfsbuildR\SVIFF\Release2\FIRMWARE\cmdbuild\Rel\projec #
#                    t_FFAP/faultcat.o C:\tfsbuildR\SVIFF\Release2\FIRMWARE\c #
#                    mdbuild\Rel\project_FFAP/faultplugin.o                   #
#                    C:\tfsbuildR\SVIFF\Release2\FIRMWARE\cmdbuild\Rel\projec #
#                    t_FFAP/ftable.o C:\tfsbuildR\SVIFF\Release2\FIRMWARE\cmd #
#                    build\Rel\project_FFAP/mncbdefs.o                        #
#                    C:\tfsbuildR\SVIFF\Release2\FIRMWARE\cmdbuild\Rel\projec #
#                    t_FFAP/cortextrapc.o C:\tfsbuildR\SVIFF\Release2\FIRMWAR #
#                    E\cmdbuild\Rel\project_FFAP/verinfo.o                    #
#                    C:\tfsbuildR\SVIFF\Release2\FIRMWARE\cmdbuild\Rel\projec #
#                    t_FFAP/timer.o C:\tfsbuildR\SVIFF\Release2\FIRMWARE\cmdb #
#                    uild\Rel\project_FFAP/endofimage.o                       #
#                    C:\tfsbuildR\SVIFF\Release2\FIRMWARE\cmdbuild\Rel\projec #
#                    t_FFAP/mncortexm.o C:\tfsbuildR\SVIFF\Release2\FIRMWARE\ #
#                    cmdbuild\Rel\project_FFAP/cortextrap.o                   #
#                    C:\tfsbuildR\SVIFF\Release2\FIRMWARE\cmdbuild\Rel\projec #
#                    t_FFAP/stm_uart.o C:\tfsbuildR\SVIFF\Release2\FIRMWARE\c #
#                    mdbuild\Rel\project_FFAP/stm_watchdog.o                  #
#                    C:\tfsbuildR\SVIFF\Release2\FIRMWARE\cmdbuild\Rel\projec #
#                    t_FFAP/stm_pwm.o C:\tfsbuildR\SVIFF\Release2\FIRMWARE\cm #
#                    dbuild\Rel\project_FFAP/stm_dma.o                        #
#                    C:\tfsbuildR\SVIFF\Release2\FIRMWARE\cmdbuild\Rel\projec #
#                    t_FFAP/stm_flash.o C:\tfsbuildR\SVIFF\Release2\FIRMWARE\ #
#                    cmdbuild\Rel\project_FFAP/stm_timer.o                    #
#                    C:\tfsbuildR\SVIFF\Release2\FIRMWARE\cmdbuild\Rel\projec #
#                    t_FFAP/stm_nvic.o C:\tfsbuildR\SVIFF\Release2\FIRMWARE\c #
#                    mdbuild\Rel\project_FFAP/stm_rcc.o                       #
#                    C:\tfsbuildR\SVIFF\Release2\FIRMWARE\cmdbuild\Rel\projec #
#                    t_FFAP/stm_vectors.o C:\tfsbuildR\SVIFF\Release2\FIRMWAR #
#                    E\cmdbuild\Rel\project_FFAP/lcd.o                        #
#                    C:\tfsbuildR\SVIFF\Release2\FIRMWARE\cmdbuild\Rel\projec #
#                    t_FFAP/wprotect.o C:\tfsbuildR\SVIFF\Release2\FIRMWARE\c #
#                    mdbuild\Rel\project_FFAP/pbypass.o                       #
#                    C:\tfsbuildR\SVIFF\Release2\FIRMWARE\cmdbuild\Rel\projec #
#                    t_FFAP/gpio_key.o C:\tfsbuildR\SVIFF\Release2\FIRMWARE\c #
#                    mdbuild\Rel\project_FFAP/spi.o                           #
#                    C:\tfsbuildR\SVIFF\Release2\FIRMWARE\cmdbuild\Rel\projec #
#                    t_FFAP/adhwconf.o C:\tfsbuildR\SVIFF\Release2\FIRMWARE\c #
#                    mdbuild\Rel\project_FFAP/fram.o                          #
#                    C:\tfsbuildR\SVIFF\Release2\FIRMWARE\cmdbuild\Rel\projec #
#                    t_FFAP/i2c.o C:\tfsbuildR\SVIFF\Release2\FIRMWARE\cmdbui #
#                    ld\Rel\project_FFAP/dohwif.o                             #
#                    C:\tfsbuildR\SVIFF\Release2\FIRMWARE\cmdbuild\Rel\projec #
#                    t_FFAP/sernumchip.o C:\tfsbuildR\SVIFF\Release2\FIRMWARE #
#                    \cmdbuild\Rel\project_FFAP/ad.o                          #
#                    C:\tfsbuildR\SVIFF\Release2\FIRMWARE\cmdbuild\Rel\projec #
#                    t_FFAP/ucos_ii.o C:\tfsbuildR\SVIFF\Release2\FIRMWARE\cm #
#                    dbuild\Rel\project_FFAP/oswrap.o                         #
#                    C:\tfsbuildR\SVIFF\Release2\FIRMWARE\cmdbuild\Rel\projec #
#                    t_FFAP/os_cpu_c_M3.o C:\tfsbuildR\SVIFF\Release2\FIRMWAR #
#                    E\cmdbuild\Rel\project_FFAP/os_cpu_a_M3.o                #
#                    C:\tfsbuildR\SVIFF\Release2\FIRMWARE\cmdbuild\Rel\projec #
#                    t_FFAP/vramptest.o C:\tfsbuildR\SVIFF\Release2\FIRMWARE\ #
#                    cmdbuild\Rel\project_FFAP/datahog.o                      #
#                    C:\tfsbuildR\SVIFF\Release2\FIRMWARE\cmdbuild\Rel\projec #
#                    t_FFAP/diagrw.o C:\tfsbuildR\SVIFF\Release2\FIRMWARE\cmd #
#                    build\Rel\project_FFAP/selftest.o) --redirect            #
#                    hartdisptab=mnhartdisptab --config_def                   #
#                    ROMSTART=0x08000800 --config_def ROMEND=0x0807FFFF       #
#                    --config_def RAMSTART=0x20000000 --config_def            #
#                    RAMEND=0x20013FFF --map C:\tfsbuildR\SVIFF\Release2\FIRM #
#                    WARE\cmdbuild\Rel\project_FFAP\FFAP.map --log            #
#                    initialization,modules,sections,veneers --log_file       #
#                    C:\tfsbuildR\SVIFF\Release2\FIRMWARE\cmdbuild\Rel\projec #
#                    t_FFAP\FFAP.log --config C:\tfsbuildR\SVIFF\Release2\FIR #
#                    MWARE\mncblink.icf --entry __iar_program_start -o        #
#                    C:\tfsbuildR\SVIFF\Release2\FIRMWARE\cmdbuild\Rel\projec #
#                    t_FFAP\FFAP.out.tmp                                      #
#                                                                             #
#                                                                             #
###############################################################################

*******************************************************************************
*** RUNTIME MODEL ATTRIBUTES
***

CppFlavor       = *
__SystemLibrary = DLib


*******************************************************************************
*** PLACEMENT SUMMARY
***

"P1":  place in [from 0x08000800 to 0x0807ffff] {
          ro, first block VECTORS, last block CHKSUM };
"P2":  place in [from 0x20000000 to 0x20013fff] {
          rw, first block CSTACK, block SVC_STACK, block IRQ_STACK,
          block FIQ_STACK, block UND_STACK, block ABT_STACK, block HEAP };

  Section            Kind        Address     Size  Object
  -------            ----        -------     ----  ------
"P1":                                     0x1a4ac
  VECTORS                     0x08000800    0x13c  <Block>
    .intvec          const    0x08000800    0x13c  stm_vectors.o [1]
  .text              ro code  0x08000940    0x268  cryptutils.o [1]
  .rodata            const    0x08000ba8      0x8  hartvers.o [1]
  .rodata            const    0x08000bb0     0x10  posint.o [1]
  .rodata            const    0x08000bc0     0x44  tcomptab.o [1]
  .rodata            const    0x08000c04     0xdc  adtbl.o [1]
  .rodata            const    0x08000ce0     0x70  tasktable.o [1]
  .rodata            const    0x08000d50    0x1a0  proctable.o [1]
  .rodata            const    0x08000ef0      0xc  hartvers_compat.o [1]
  .rodata            const    0x08000efc   0x1bb8  uitable.o [1]
  .rodata            const    0x08002ab4   0x398c  uitext.o [1]
  .rodata            const    0x08006440    0x27c  unitstable.o [1]
  .rodata            const    0x080066bc     0x18  clonenvram.o [1]
  .rodata            const    0x080066d4     0xa0  nvram_xtable.o [1]
  .rodata            const    0x08006774    0x1b0  FFAP_verdump_8.o [1]
  .rodata            const    0x08006924    0x368  nvramtable.o [1]
  .rodata            const    0x08006c8c      0x4  ramtable.o [1]
  .rodata            const    0x08006c90     0x88  charact_tables.o [1]
  .rodata            const    0x08006d18     0x48  okctlmodes.o [1]
  .rodata            const    0x08006d60     0x70  adhwconf.o [1]
  .text              ro code  0x08006dd0    0x350  position.o [1]
  .text              ro code  0x08007120     0x58  datautils.o [1]
  .text              ro code  0x08007178    0x132  I64DivMod.o [4]
  .rodata            const    0x080072aa      0x6  tempr_mncb.o [1]
  .text              ro code  0x080072b0     0x68  cnfghook.o [1]
  .text              ro code  0x08007318    0x2c0  crc.o [1]
  .text              ro code  0x080075d8    0x5e8  nvram.o [1]
  .text              ro code  0x08007bc0     0xe8  selftest.o [1]
  .text              ro code  0x08007ca8    0x1b4  mnassert.o [1]
  .text              ro code  0x08007e5c      0x2  I64DivZer.o [4]
  .rodata            const    0x08007e5e     0x1e  mncbdefs.o [1]
  .text              ro code  0x08007e7c   0x149c  control.o [1]
  .text              ro code  0x08009318    0x37a  ctllimits.o [1]
  .text              ro code  0x08009692     0x22  zero_init3.o [4]
  .text              ro code  0x080096b4    0x2f4  devicemode.o [1]
  .text              ro code  0x080099a8    0x6e4  clonenvram.o [1]
  .text              ro code  0x0800a08c     0x16  chsum.o [1]
  .text              ro code  0x0800a0a2     0x2e  copy_init3.o [4]
  .text              ro code  0x0800a0d0     0x65  resource.o [1]
  .rodata            const    0x0800a135      0xd  unitstab.o [1]
  .rodata            const    0x0800a142     0x19  faultman.o [1]
  .text              ro code  0x0800a15c    0x10d  fram.o [1]
  .text              ro code  0x0800a26c    0x10f  oswrap.o [1]
  .text              ro code  0x0800a37c    0x4b8  faultman.o [1]
  .text              ro code  0x0800a834    0x135  stm_watchdog.o [1]
  .text              ro code  0x0800a96c    0x3cc  process.o [1]
  .text              ro code  0x0800ad38     0x62  memcmp.o [4]
  .text              ro code  0x0800ad9c     0xe2  timer.o [1]
  .text              ro code  0x0800ae80     0xde  sysiolopwr.o [1]
  .text              ro code  0x0800af60     0xaa  confchanged.o [1]
  .text              ro code  0x0800b00c     0x7c  stm_pwm.o [1]
  .text              ro code  0x0800b088    0x158  sysio.o [1]
  .text              ro code  0x0800b1e0    0x252  pressures.o [1]
  .text              ro code  0x0800b434    0x41c  okctlmodes.o [1]
  .text              ro code  0x0800b850     0x1c  diagctlout.o [1]
  .text              ro code  0x0800b86c    0x158  tempr.o [1]
  .text              ro code  0x0800b9c4     0x66  errlimits.o [1]
  .text              ro code  0x0800ba2a     0x4a  reset.o [1]
  .text              ro code  0x0800ba74      0x8  pbypass.o [1]
  .text              ro code  0x0800ba7c   0x13f0  atune.o [1]
  .text              ro code  0x0800ce6c     0x80  pneumatics.o [1]
  .text              ro code  0x0800ceec     0xd0  fullthrottle.o [1]
  .text              ro code  0x0800cfbc     0x76  ABImemcpy.o [4]
  .text              ro code  0x0800d034    0x7fc  uimain.o [1]
  .text              ro code  0x0800d830    0x3f0  bufferhandler.o [1]
  .text              ro code  0x0800dc20      0x6  ABImemclr.o [4]
  .text              ro code  0x0800dc28    0x28c  stm_flash.o [1]
  .text              ro code  0x0800deb4    0x22b  diagrw.o [1]
  .text              ro code  0x0800e0e0     0xc0  hartconf.o [1]
  .text              ro code  0x0800e1a0     0x98  hmac.o [1]
  .text              ro code  0x0800e238    0x9a4  ucos_ii.o [1]
  .text              ro code  0x0800ebdc    0x2e8  i2c.o [1]
  .text              ro code  0x0800eec4    0x3cc  gpio_key.o [1]
  .text              ro code  0x0800f290     0x10  faultcat.o [1]
  .text              ro code  0x0800f2a0      0xc  faultplugin.o [1]
  .text              ro code  0x0800f2ac     0xcc  stm_rcc.o [1]
  .text              ro code  0x0800f378     0x80  stm_timer.o [1]
  .text              ro code  0x0800f3f8     0xe4  stm_nvic.o [1]
  .text              ro code  0x0800f4dc    0x1b0  activate_id_sn.o [1]
  .text              ro code  0x0800f68c    0x5ad  hart.o [1]
  .text              ro code  0x0800fc3c    0x14c  ad.o [1]
  .text              ro code  0x0800fd88    0x348  tempcomp.o [1]
  .text              ro code  0x080100d0    0x1cc  prestab.o [1]
  .text              ro code  0x0801029c    0x204  poscharact.o [1]
  .text              ro code  0x080104a0     0x4c  pidselect.o [1]
  .text              ro code  0x080104ec    0x217  uishow.o [1]
  .text              ro code  0x08010704     0x7e  configure.o [1]
  .text              ro code  0x08010784    0x73c  diagnostics.o [1]
  .text              ro code  0x08010ec0     0x8a  unitsoptions.o [1]
  .text              ro code  0x08010f4c    0x3ac  fpconvert.o [1]
  .text              ro code  0x080112f8     0x8d  sigbar.o [1]
  .text              ro code  0x08011388     0xec  ui_io.o [1]
  .text              ro code  0x08011474     0x66  ABImemset.o [4]
  .text              ro code  0x080114dc    0x448  logfile.o [1]
  .text              ro code  0x08011924    0xb9e  hclookup5.o [1]
  .text              ro code  0x080124c4    0x390  sha256.o [1]
  .text              ro code  0x08012854     0x20  shaseed.o [1]
  .text              ro code  0x08012874     0x94  os_cpu_c_M3.o [1]
  .text              ro code  0x08012908      0x6  ABImemclr4.o [4]
  CODE               ro code  0x08012910     0x94  os_cpu_a_M3.o [1]
  .text              ro code  0x080129a4     0x8c  idle.o [1]
  .text              ro code  0x08012a30     0xa4  spi.o [1]
  .text              ro code  0x08012ad4     0x43  sernumchip.o [1]
  .text              ro code  0x08012b18    0x238  serial.o [1]
  .text              ro code  0x08012d50    0x378  stm_uart.o [1]
  .text              ro code  0x080130c8     0xb6  hartutils.o [1]
  .text              ro code  0x08013180     0x34  haddressing.o [1]
  .text              ro code  0x080131b4     0xe8  adhwconf.o [1]
  .text              ro code  0x0801329c    0x298  lcd.o [1]
  .text              ro code  0x08013534    0x173  valveutils.o [1]
  .text              ro code  0x080136a8    0x76c  diagnosticsUniversal.o [1]
  .text              ro code  0x08013e14    0x134  vramptest.o [1]
  .text              ro code  0x08013f48    0x154  numutils.o [1]
  .text              ro code  0x0801409c     0xa5  bufutils.o [1]
  .text              ro code  0x08014144     0x3a  ABImemset48.o [4]
  .text              ro code  0x08014180     0x1e  U64Shr.o [4]
  .text              ro code  0x080141a0     0x22  I64Shl.o [4]
  .text              ro code  0x080141c4     0x54  stm_dma.o [1]
  .text              ro code  0x08014218     0x14  hcstatus.o [1]
  .text              ro code  0x0801422c     0x7e  utilities.o [1]
  .text              ro code  0x080142ac     0x94  posint.o [1]
  .text              ro code  0x08014340     0x9c  charact.o [1]
  .text              ro code  0x080143dc     0x50  ipcurr.o [1]
  .text              ro code  0x0801442c     0xb8  adtbldrv.o [1]
  .text              ro code  0x080144e4     0x6c  adtbl.o [1]
  .text              ro code  0x08014550    0x17e  doswitchff.o [1]
  .text              ro code  0x080146d0     0x6c  dohwif.o [1]
  .text              ro code  0x0801473c     0x4c  inpv.o [1]
  .text              ro code  0x08014788     0x6c  posext.o [1]
  .text              ro code  0x080147f4    0x130  tempr_mncb.o [1]
  .text              ro code  0x08014924     0x64  procshims.o [1]
  .text              ro code  0x08014988     0x50  cycle.o [1]
  .text              ro code  0x080149d8     0x3c  refvoltage.o [1]
  .text              ro code  0x08014a14     0x4c  ctltask.o [1]
  .text              ro code  0x08014a60     0x14  power.o [1]
  .text              ro code  0x08014a74     0x68  ifman.o [1]
  .text              ro code  0x08014adc     0xdc  stm_ispcomm.o [1]
  .text              ro code  0x08014bb8    0x1d0  hart_posctl.o [1]
  .text              ro code  0x08014d88    0x142  hart_ctllimits.o [1]
  .text              ro code  0x08014ecc     0x42  hart_stops_adjust.o [1]
  .text              ro code  0x08014f10     0x34  hart_testassert.o [1]
  .text              ro code  0x08014f44     0x60  hart_engunitsif.o [1]
  .text              ro code  0x08014fa4     0xa2  hart_errlimits.o [1]
  .text              ro code  0x08015048    0x140  hart_digsp.o [1]
  .text              ro code  0x08015188     0x58  hart_vdiagx.o [1]
  .text              ro code  0x080151e0     0x7a  hart_vdiag.o [1]
  .text              ro code  0x0801525c     0xfc  hart_dbuftest.o [1]
  .text              ro code  0x08015358     0x3c  hart_sensortype.o [1]
  .text              ro code  0x08015394     0x90  hart_setpoint.o [1]
  .text              ro code  0x08015424    0x1a8  hart_corefac.o [1]
  .text              ro code  0x080155cc     0xe4  hartcmd220_221_mncb.o [1]
  .text              ro code  0x080156b0    0x841  hartfunc.o [1]
  .text              ro code  0x08015ef2      0x4  wprotect.o [1]
  .text              ro code  0x08015ef8     0x38  ramdatamap.o [1]
  .text              ro code  0x08015f30      0x6  nobumpless.o [1]
  .text              ro code  0x08015f38    0x138  calib.o [1]
  .text              ro code  0x08016070    0xf6c  hart_ipc.o [1]
  .text              ro code  0x08016fdc    0x198  devicevars.o [1]
  .text              ro code  0x08017174     0xb0  hart_fwdlxmit.o [1]
  .text              ro code  0x08017224     0xb8  verinfo.o [1]
  .text              ro code  0x080172dc    0x200  hart_tempcomp.o [1]
  .text              ro code  0x080174dc    0x1f2  hart_tempcomp_mncb.o [1]
  .text              ro code  0x080176d0     0x70  ui_locks.o [1]
  .text              ro code  0x08017740     0x26  ui_faults.o [1]
  .text              ro code  0x08017768     0x8e  ui_devmodes.o [1]
  .text              ro code  0x080177f8     0x6c  ui_common.o [1]
  .text              ro code  0x08017864    0x110  uifunc.o [1]
  .text              ro code  0x08017974     0xd6  ui_config.o [1]
  .text              ro code  0x08017a4c     0x2e  ui_pressures.o [1]
  .text              ro code  0x08017a7c    0x57c  ui_ffinfo.o [1]
  .text              ro code  0x08017ff8    0x258  resblockvars.o [1]
  .text              ro code  0x08018250      0xc  ui_ffinfo.o [1]
  .text              ro code  0x0801825c    0x188  tbblockvars.o [1]
  .text              ro code  0x080183e4     0xf0  aoblockvars.o [1]
  .text              ro code  0x080184d4    0x134  pidblockvars.o [1]
  .text              ro code  0x08018608    0x120  doblockvars.o [1]
  .text              ro code  0x08018728    0x134  pid2blockvars.o [1]
  .text              ro code  0x0801885c    0x120  do2blockvars.o [1]
  .text              ro code  0x0801897c    0x2ea  ui_ffcustomvar.o [1]
  .text              ro code  0x08018c68     0x34  aiblockvars.o [1]
  .text              ro code  0x08018c9c     0x34  ai2blockvars.o [1]
  .text              ro code  0x08018cd0     0x34  ai3blockvars.o [1]
  .text              ro code  0x08018d04     0x8c  isblockvars.o [1]
  .text              ro code  0x08018d90     0x25  ui_ffid.o [1]
  .text              ro code  0x08018db8     0x70  ui_sp.o [1]
  .text              ro code  0x08018e28      0x8  ui_mncbid.o [1]
  .text              ro code  0x08018e30     0xe0  vertran.o [1]
  .text              ro code  0x08018f10    0x21c  facdefaults.o [1]
  .text              ro code  0x0801912c     0x28  cortextrapc.o [1]
  .text              ro code  0x08019154     0x2c  cortextrap.o [1]
  .text              ro code  0x08019180    0x272  datahog.o [1]
  .text              ro code  0x080193f4     0x16  cmain.o [4]
  .text              ro code  0x0801940c     0x28  data_init.o [4]
  .text              ro code  0x08019434     0x64  mncbmain1.o [1]
  .text              ro code  0x08019498      0x4  exit.o [3]
  .text              ro code  0x0801949c     0x48  tasktable.o [1]
  .text              ro code  0x080194e4      0xa  cexit.o [4]
  .text              ro code  0x080194f0      0xc  XXexit.o [4]
  Initializer bytes  ro data  0x080194fc    0x420  <for P2 mid-1> (used: 0x41c)
  .rodata            const    0x0801991c      0x8  position.o [1]
  .rodata            const    0x08019924    0x1b8  poschrtab.o [1]
  .rodata            const    0x08019adc      0x4  atune.o [1]
  .rodata            const    0x08019ae0     0x18  ctllimits.o [1]
  .rodata            const    0x08019af8      0xc  errlimits.o [1]
  .rodata            const    0x08019b04      0x4  ui_locks.o [1]
  .rodata            const    0x08019b08     0x28  logfdata.o [1]
  .rodata            const    0x08019b30     0xc8  ftable.o [1]
  .text              ro code  0x08019bf8      0x4  proctable.o [1]
  .text              ro code  0x08019bfc    0x17e  mnhartcmd.o [1]
  .text              ro code  0x08019d7a     0xf2  hart_pneuparams.o [1]
  .text              ro code  0x08019e6c    0x158  hart_charactsp.o [1]
  .text              ro code  0x08019fc4     0x12  hart_readato.o [1]
  .text              ro code  0x08019fd6     0xec  hart_dosw.o [1]
  .text              ro code  0x0801a0c2     0x58  hart_write_ctlout.o [1]
  .text              ro code  0x0801a11a     0x30  hart_writeato.o [1]
  .text              ro code  0x0801a14a     0x1e  hart_writectlselector.o [1]
  .text              ro code  0x0801a168     0x96  hart_activate.o [1]
  .text              ro code  0x0801a1fe     0x1e  hart_facdefaults.o [1]
  .text              ro code  0x0801a21c     0xcc  hart_nvmclone.o [1]
  .text              ro code  0x0801a2e8     0x4c  hart_datahog.o [1]
  .text              ro code  0x0801a334     0x28  oldapicollection.o [1]
  .text              ro code  0x0801a35c     0x30  hart_smoothtempr.o [1]
  .text              ro code  0x0801a38c     0x32  hart_smoothpos.o [1]
  .text              ro code  0x0801a3be     0x5a  hart_logfile.o [1]
  .text              ro code  0x0801a418     0x22  hart_diagrw.o [1]
  .text              ro code  0x0801a43a     0xac  hart_lowpwrdata.o [1]
  .text              ro code  0x0801a4e6     0x50  hart_refvoltage.o [1]
  .text              ro code  0x0801a536     0xdc  hart_uiconf.o [1]
  .text              ro code  0x0801a612    0x12e  hart_faultrept.o [1]
  .text              ro code  0x0801a740     0x2a  hart_pbypass.o [1]
  .text              ro code  0x0801a76a      0x4  hart_swframe.o [1]
  .text              ro code  0x0801a76e     0x80  hart_pressure.o [1]
  .text              ro code  0x0801a7ee     0x1a  hart_disw.o [1]
  .text              ro code  0x0801a808     0xc6  hart_cmd_3.o [1]
  .text              ro code  0x0801a8ce    0x200  hart_ext_analysis.o [1]
  .text              ro code  0x0801aace     0x3a  ui_engunits.o [1]
  .text              ro code  0x0801ab08     0x20  ui_uisetup.o [1]
  .text              ro code  0x0801ab28     0x34  ui_findstops.o [1]
  .text              ro code  0x0801ab5c      0xe  uitable.o [1]
  .text              ro code  0x0801ab6a     0xaa  positionConfVars.o [1]
  .text              ro code  0x0801ac14     0x58  nvramtable.o [1]
  .text              ro code  0x0801ac6c      0xc  cstartup_M.o [4]
  .iar.init_table    const    0x0801ac78     0x24  - Linker created -
  .rodata            const    0x0801ac9c      0x8  haddressing.o [1]
  .rodata            const    0x0801aca4      0x0  zero_init3.o [4]
  .rodata            const    0x0801aca4      0x0  copy_init3.o [4]
  CHKSUM                      0x0801aca4      0x6  <Block>
    checksum         ro code  0x0801aca4      0x6  endofimage.o [1]
                            - 0x0801acaa  0x1a4aa

"P2":                                      0xb196
  CSTACK                      0x20000000    0x200  <Block>
    CSTACK           uninit   0x20000000    0x200  <Block tail>
  P2 mid-1                    0x20000200    0x41a  <Init block>
    .data            inited   0x20000200      0x1  tcomptab.o [1]
    .data            inited   0x20000202     0x18  diagnostics.o [1]
    .data            inited   0x2000021c     0xd0  atune.o [1]
    .data            inited   0x200002ec     0x54  control.o [1]
    .data            inited   0x20000340     0x38  ctllimits.o [1]
    .data            inited   0x20000378     0x28  hartfunc.o [1]
    .data            inited   0x200003a0     0x10  uimain.o [1]
    .data            inited   0x200003b0      0xc  sigbar.o [1]
    .data            inited   0x200003bc     0x28  resblockvars.o [1]
    .data            inited   0x200003e4     0x30  aoblockvars.o [1]
    .data            inited   0x20000414     0x44  pidblockvars.o [1]
    .data            inited   0x20000458     0x2c  doblockvars.o [1]
    .data            inited   0x20000484     0x3c  tbblockvars.o [1]
    .data            inited   0x200004c0      0xc  aiblockvars.o [1]
    .data            inited   0x200004cc      0xc  ai2blockvars.o [1]
    .data            inited   0x200004d8      0xc  ai3blockvars.o [1]
    .data            inited   0x200004e4     0x2c  do2blockvars.o [1]
    .data            inited   0x20000510     0x28  isblockvars.o [1]
    .data            inited   0x20000538     0x44  pid2blockvars.o [1]
    .data            inited   0x2000057c     0x44  devicevars.o [1]
    .data            inited   0x200005c0     0x14  sysiolopwr.o [1]
    .data            inited   0x200005d4      0xc  faultman.o [1]
    .data            inited   0x200005e0     0x1d  faultman.o [1]
    .data            inited   0x20000600     0x18  timer.o [1]
    .data            inited   0x20000618      0x2  fram.o [1]
  .bss               zero     0x20000620     0x70  sha256.o [1]
  .bss               zero     0x20000690     0x30  activate_id_sn.o [1]
  .bss               zero     0x200006c0     0x30  position.o [1]
  .bss               zero     0x200006f0     0x14  position.o [1]
  .bss               zero     0x20000704     0x54  posint.o [1]
  .bss               zero     0x20000758     0x54  ipcurr.o [1]
  .bss               zero     0x200007ac      0x8  adtbldrv.o [1]
  .bss               zero     0x200007b4     0x50  sysio.o [1]
  .bss               zero     0x20000804     0x5c  poscharact.o [1]
  .bss               zero     0x20000860      0xc  doswitchff.o [1]
  .bss               zero     0x2000086c     0x24  pressures.o [1]
  .bss               zero     0x20000890     0x54  inpv.o [1]
  .bss               zero     0x200008e4     0x50  posext.o [1]
  .bss               zero     0x20000934     0x58  tempr_mncb.o [1]
  .bss               zero     0x2000098c      0xc  tempr.o [1]
  .bss               zero     0x20000998      0x4  tempr.o [1]
  .bss               zero     0x2000099c     0x18  tempr.o [1]
  .bss               zero     0x200009b4      0x4  adtbl.o [1]
  .bss               zero     0x200009b8    0x194  prestab.o [1]
  .bss               zero     0x20000b4c     0x20  process.o [1]
  .bss               zero     0x20000b6c      0x4  idle.o [1]
  .bss               zero     0x20000b70      0x4  tasktable.o [1]
  .bss               zero     0x20000b74      0x4  tasktable.o [1]
  .bss               zero     0x20000b78      0x4  tasktable.o [1]
  .bss               zero     0x20000b7c      0x4  tasktable.o [1]
  .bss               zero     0x20000b80      0x4  tasktable.o [1]
  .bss               zero     0x20000b84      0x4  tasktable.o [1]
  .bss               zero     0x20000b88     0x90  atune.o [1]
  .bss               zero     0x20000c18     0x3c  control.o [1]
  .bss               zero     0x20000c54     0x1c  control.o [1]
  .bss               zero     0x20000c70     0x24  control.o [1]
  .bss               zero     0x20000c94     0x14  pneumatics.o [1]
  .bss               zero     0x20000ca8      0xc  errlimits.o [1]
  .bss               zero     0x20000cb4      0x4  pidselect.o [1]
  .bss               zero     0x20000cb8      0x4  ctltask.o [1]
  .bss               zero     0x20000cbc     0x14  configure.o [1]
  .bss               zero     0x20000cd0    0x100  sha256.o [1]
  .bss               zero     0x20000dd0      0x4  ifman.o [1]
  .bss               zero     0x20000dd4     0x14  fpconvert.o [1]
  .bss               zero     0x20000de8     0x24  unitsoptions.o [1]
  .bss               zero     0x20000e0c    0x1a4  hart.o [1]
  .bss               zero     0x20000fb0      0x4  hart.o [1]
  .bss               zero     0x20000fb4    0x188  serial.o [1]
  .bss               zero     0x2000113c     0x3c  hartconf.o [1]
  .bss               zero     0x20001178      0x4  hart_dbuftest.o [1]
  .bss               zero     0x2000117c      0x4  hart_ipc.o [1]
  .bss               zero     0x20001180      0x4  hart_ipc.o [1]
  .bss               zero     0x20001184      0x8  hart_ipc.o [1]
  .bss               zero     0x2000118c     0x40  hart_fwdlxmit.o [1]
  .bss               zero     0x200011cc     0x34  uimain.o [1]
  .bss               zero     0x20001200      0x4  ui_locks.o [1]
  .bss               zero     0x20001204     0x18  ui_config.o [1]
  .bss               zero     0x2000121c      0x4  uifunc.o [1]
  .bss               zero     0x20001220      0x4  uifunc.o [1]
  .bss               zero     0x20001224      0x4  devicevars.o [1]
  .bss               zero     0x20001228     0x14  logfile.o [1]
  .bss               zero     0x2000123c     0x10  logfile.o [1]
  .bss               zero     0x2000124c      0x8  nvram.o [1]
  .bss               zero     0x20001254      0x8  nvram.o [1]
  .bss               zero     0x2000125c      0x8  confchanged.o [1]
  .bss               zero     0x20001264     0x5c  facdefaults.o [1]
  .bss               zero     0x200012c0     0x58  nvramtable.o [1]
  .bss               zero     0x20001318     0x58  nvramtable.o [1]
  .bss               zero     0x20001370     0x58  nvramtable.o [1]
  .bss               zero     0x200013c8     0x11  devicemode.o [1]
  .bss               zero     0x200013d9      0x2  ui_io.o [1]
  .bss               zero     0x200013db      0x1  sysio.o [1]
  .bss               zero     0x200013dc      0xc  calib.o [1]
  .bss               zero     0x200013e8      0xc  refvoltage.o [1]
  .bss               zero     0x200013f4     0x1c  faultman.o [1]
  .bss               zero     0x20001410      0x4  mnassert.o [1]
  .bss               zero     0x20001414      0x4  resource.o [1]
  .bss               zero     0x20001418     0x20  okctlmodes.o [1]
  .bss               zero     0x20001438    0x200  stm_uart.o [1]
  .bss               zero     0x20001638      0xc  stm_uart.o [1]
  .bss               zero     0x20001644     0x18  stm_uart.o [1]
  .bss               zero     0x2000165c      0x8  stm_watchdog.o [1]
  .bss               zero     0x20001664     0x10  stm_flash.o [1]
  .bss               zero     0x20001674      0x4  stm_rcc.o [1]
  .bss               zero     0x20001678     0x20  lcd.o [1]
  .bss               zero     0x20001698     0x1c  gpio_key.o [1]
  .bss               zero     0x200016b4      0x4  adhwconf.o [1]
  .bss               zero     0x200016b8      0x4  i2c.o [1]
  .bss               zero     0x200016bc     0x30  i2c.o [1]
  .bss               zero     0x200016ec     0x28  ad.o [1]
  .bss               zero     0x20001714     0x2c  ucos_ii.o [1]
  .bss               zero     0x20001740    0x4f8  ucos_ii.o [1]
  .bss               zero     0x20001c38    0x100  ucos_ii.o [1]
  .bss               zero     0x20001d38      0x4  os_cpu_c_M3.o [1]
  .bss               zero     0x20001d3c      0xc  datahog.o [1]
  .bss               zero     0x20001d48      0x4  diagrw.o [1]
  .bss               zero     0x20001d4c     0x18  selftest.o [1]
  .bss               zero     0x20001d64      0x2  ui_common.o [1]
  .bss               zero     0x20001d66      0x2  ui_pressures.o [1]
  .bss               zero     0x20001d68      0x2  ui_sp.o [1]
  .bss               zero     0x20001d6a      0x2  stm_pwm.o [1]
  .bss               zero     0x20001d6c      0x2  spi.o [1]
  .bss               zero     0x20001d6e      0x1  cycle.o [1]
  .bss               zero     0x20001d6f      0x1  ui_faults.o [1]
  .bss               zero     0x20001d70      0x1  ui_devmodes.o [1]
  .bss               zero     0x20001d71      0x1  ui_devmodes.o [1]
  .bss               zero     0x20001d72      0x1  ui_common.o [1]
  .bss               zero     0x20001d73      0x1  ui_config.o [1]
  .bss               zero     0x20001d74      0x1  ui_config.o [1]
  .bss               zero     0x20001d75      0x1  ui_config.o [1]
  .bss               zero     0x20001d76      0x1  uifunc.o [1]
  .bss               zero     0x20001d77      0x1  charact.o [1]
  .bss               zero     0x20001d78      0x1  adhwconf.o [1]
  .noinit            uninit   0x20001d7c    0x2bc  tasktable.o [1]
  .noinit            uninit   0x20002038    0x320  tasktable.o [1]
  .noinit            uninit   0x20002358    0x320  tasktable.o [1]
  .noinit            uninit   0x20002678    0x4b0  tasktable.o [1]
  .noinit            uninit   0x20002b28    0x320  tasktable.o [1]
  .noinit            uninit   0x20002e48    0x320  tasktable.o [1]
  .noinit            uninit   0x20003168   0x801c  bufferhandler.o [1]
  .noinit            uninit   0x2000b184      0xc  mnassert.o [1]
  .noinit            uninit   0x2000b190      0x4  sysio.o [1]
  .noinit            uninit   0x2000b194      0x2  process.o [1]
                            - 0x2000b196   0xb196


*******************************************************************************
*** INIT TABLE
***

          Address     Size
          -------     ----
Zero (__iar_zero_init3)
    1 destination range, total size 0x1759:
          0x20000620  0x1759

Copy (__iar_copy_init3)
    1 source range, total size 0x420 (100% of destination):
          0x080194fc   0x420
    1 destination range, total size 0x41a:
          0x20000200   0x41a



*******************************************************************************
*** MODULE SUMMARY
***

    Module                   ro code  ro data  rw data
    ------                   -------  -------  -------
C:\tfsbuildR\SVIFF\Release2\FIRMWARE\cmdbuild\Rel\project_FFAP: [1]
    FFAP_verdump_8.o                      432
    activate_id_sn.o             432                48
    ad.o                         332                40
    adhwconf.o                   232      112        5
    adtbl.o                      108      220        4
    adtbldrv.o                   184                 8
    ai2blockvars.o                52       12       12
    ai3blockvars.o                52       12       12
    aiblockvars.o                 52       12       12
    aoblockvars.o                240       48       48
    atune.o                    5 104      214      352
    bufferhandler.o            1 008            32 796
    bufutils.o                   165
    calib.o                      312                12
    charact.o                    156                 1
    charact_tables.o                      136
    chsum.o                       22
    clonenvram.o               1 764       24
    cnfghook.o                   104
    confchanged.o                170                 8
    configure.o                  126                20
    control.o                  5 276       84      208
    cortextrap.o                  44
    cortextrapc.o                 40
    crc.o                        704
    cryptutils.o                 616
    ctllimits.o                  890       80       56
    ctltask.o                     76                 4
    cycle.o                       80                 1
    datahog.o                    626                12
    datautils.o                   88
    devicemode.o                 756                17
    devicevars.o                 408       68       72
    diagctlout.o                  28
    diagnostics.o              1 852       25       24
    diagnosticsUniversal.o     1 900
    diagrw.o                     555                 4
    do2blockvars.o               288       44       44
    doblockvars.o                288       44       44
    dohwif.o                     108
    doswitchff.o                 382                12
    endofimage.o                   6
    errlimits.o                  102       12       12
    facdefaults.o                540                92
    faultcat.o                    16
    faultman.o                 1 208       66       69
    faultplugin.o                 12
    fpconvert.o                  940                20
    fram.o                       269        2        2
    ftable.o                              200
    fullthrottle.o               208
    gpio_key.o                   972                28
    haddressing.o                 52        8
    hart.o                     1 453               424
    hart_activate.o              150
    hart_charactsp.o             344
    hart_cmd_3.o                 198
    hart_corefac.o               424
    hart_ctllimits.o             322
    hart_datahog.o                76
    hart_dbuftest.o              252                 4
    hart_diagrw.o                 34
    hart_digsp.o                 320
    hart_disw.o                   26
    hart_dosw.o                  236
    hart_engunitsif.o             96
    hart_errlimits.o             162
    hart_ext_analysis.o          512
    hart_facdefaults.o            30
    hart_faultrept.o             302
    hart_fwdlxmit.o              176                64
    hart_ipc.o                 3 948                16
    hart_logfile.o                90
    hart_lowpwrdata.o            172
    hart_nvmclone.o              204
    hart_pbypass.o                42
    hart_pneuparams.o            242
    hart_posctl.o                464
    hart_pressure.o              128
    hart_readato.o                18
    hart_refvoltage.o             80
    hart_sensortype.o             60
    hart_setpoint.o              144
    hart_smoothpos.o              50
    hart_smoothtempr.o            48
    hart_stops_adjust.o           66
    hart_swframe.o                 4
    hart_tempcomp.o              512
    hart_tempcomp_mncb.o         498
    hart_testassert.o             52
    hart_uiconf.o                220
    hart_vdiag.o                 122
    hart_vdiagx.o                 88
    hart_write_ctlout.o           88
    hart_writeato.o               48
    hart_writectlselector.o       30
    hartcmd220_221_mncb.o        228
    hartconf.o                   192                60
    hartfunc.o                 2 113       40       40
    hartutils.o                  182
    hartvers.o                              8
    hartvers_compat.o                      12
    hclookup5.o                2 974
    hcstatus.o                    20
    hmac.o                       152
    i2c.o                        744                52
    idle.o                       140                 4
    ifman.o                      104                 4
    inpv.o                        76                84
    ipcurr.o                      80                84
    isblockvars.o                140       40       40
    lcd.o                        664                32
    logfdata.o                             40
    logfile.o                  1 096                36
    mnassert.o                   436                16
    mncbdefs.o                             30
    mncbmain1.o                  100
    mnhartcmd.o                  382
    nobumpless.o                   6
    numutils.o                   340
    nvram.o                    1 512                16
    nvram_xtable.o                        160
    nvramtable.o                  88      872      264
    okctlmodes.o               1 052       72       32
    oldapicollection.o            40
    os_cpu_a_M3.o                148
    os_cpu_c_M3.o                148                 4
    oswrap.o                     271
    pbypass.o                      8
    pid2blockvars.o              308       68       68
    pidblockvars.o               308       68       68
    pidselect.o                   76                 4
    pneumatics.o                 128                20
    poscharact.o                 516                92
    poschrtab.o                           440
    posext.o                     108                80
    posint.o                     148       16       84
    position.o                   848        8       68
    positionConfVars.o           170
    power.o                       20
    pressures.o                  594                36
    prestab.o                    460               404
    process.o                    972                34
    procshims.o                  100
    proctable.o                    4      416
    ramdatamap.o                  56
    ramtable.o                              4
    refvoltage.o                  60                12
    resblockvars.o               600       40       40
    reset.o                       74
    resource.o                   101                 4
    selftest.o                   232                24
    serial.o                     568               392
    sernumchip.o                  67
    sha256.o                     912               368
    shaseed.o                     32
    sigbar.o                     141       12       12
    spi.o                        164                 2
    stm_dma.o                     84
    stm_flash.o                  652                16
    stm_ispcomm.o                220
    stm_nvic.o                   228
    stm_pwm.o                    124                 2
    stm_rcc.o                    204                 4
    stm_timer.o                  128
    stm_uart.o                   888               548
    stm_vectors.o                         316
    stm_watchdog.o               309                 8
    sysio.o                      344                85
    sysiolopwr.o                 222       20       20
    tasktable.o                   72      112    5 124
    tbblockvars.o                392       60       60
    tcomptab.o                             69        1
    tempcomp.o                   840
    tempr.o                      344                40
    tempr_mncb.o                 304        6       88
    timer.o                      226       27       24
    ucos_ii.o                  2 468             1 572
    ui_common.o                  108                 3
    ui_config.o                  214                27
    ui_devmodes.o                142                 2
    ui_engunits.o                 58
    ui_faults.o                   38                 1
    ui_ffcustomvar.o             746
    ui_ffid.o                     37
    ui_ffinfo.o                1 416
    ui_findstops.o                52
    ui_io.o                      236                 2
    ui_locks.o                   112        4        4
    ui_mncbid.o                    8
    ui_pressures.o                46                 2
    ui_sp.o                      112                 2
    ui_uisetup.o                  32
    uifunc.o                     272                 9
    uimain.o                   2 044       16       68
    uishow.o                     535
    uitable.o                     14    7 096
    uitext.o                           14 732
    unitsoptions.o               138                36
    unitstab.o                             13
    unitstable.o                          636
    utilities.o                  126
    valveutils.o                 371
    verinfo.o                    184
    vertran.o                    224
    vramptest.o                  308
    wprotect.o                     4
    --------------------------------------------------
    Total:                    79 305   27 308   44 935

command line: [2]
    --------------------------------------------------
    Total:

dl7M_tln.a: [3]
    exit.o                         4
    --------------------------------------------------
    Total:                         4

rt7M_tl.a: [4]
    ABImemclr.o                    6
    ABImemclr4.o                   6
    ABImemcpy.o                  118
    ABImemset.o                  102
    ABImemset48.o                 58
    I64DivMod.o                  306
    I64DivZer.o                    2
    I64Shl.o                      34
    U64Shr.o                      30
    XXexit.o                      12
    cexit.o                       10
    cmain.o                       22
    copy_init3.o                  46
    cstartup_M.o                  12
    data_init.o                   40
    memcmp.o                      98
    zero_init3.o                  34
    --------------------------------------------------
    Total:                       936

    Gaps                          95                15
    Linker created                         42      512
------------------------------------------------------
    Grand Total:              80 340   27 350   45 462


*******************************************************************************
*** ENTRY LIST
***

Entry                      Address    Size  Type      Object
-----                      -------    ----  ----      ------
?main                   0x080193f5          Code  Gb  cmain.o [4]
ADSeqState              0x200016ec     0xc  Data  Lc  ad.o [1]
APPExtraData            0x080066bc    0x18  Data  Gb  clonenvram.o [1]
ActivateVerifyData      0x200006a8    0x18  Data  Lc  activate_id_sn.o [1]
AdData                  0x200016f8    0x1c  Data  Lc  ad.o [1]
Air_Low_Limit           0x200002fd     0x1  Data  Lc  control.o [1]
BIAS                    0x2000022a     0x2  Data  Lc  atune.o [1]
BankCtrlReg             0x2000166c     0x4  Data  Lc  stm_flash.o [1]
BoardTempComp           0x08000bec    0x10  Data  Lc  tcomptab.o [1]
BoardTempCompAccess     0x08000bc0    0x2c  Data  Lc  tcomptab.o [1]
BoardTempIndex          0x20000200     0x1  Data  Lc  tcomptab.o [1]
BufferCache             0x20000378    0x28  Data  Lc  hartfunc.o [1]
CHKSUM$$Base            0x0801aca4           --   Gb  - Linker created -
CHKSUM$$Limit           0x0801acaa           --   Gb  - Linker created -
CSTACK$$Base            0x20000000           --   Gb  - Linker created -
CSTACK$$Limit           0x20000200           --   Gb  - Linker created -
CheckForInControl       0x08007fab    0xc2  Code  Lc  control.o [1]
CheckForOvershoot       0x0800806d    0x98  Code  Lc  control.o [1]
CheckIPLimits           0x08010cc1    0x10  Code  Gb  diagnostics.o [1]
CheckPosStablize        0x0800cc59    0xb6  Code  Lc  atune.o [1]
CheckStable             0x0800cd5d    0x78  Code  Lc  atune.o [1]
Conv_CTLOUT             0x080065f0    0x18  Data  Lc  unitstable.o [1]
Conv_DUMMY              0x08006518    0x18  Data  Lc  unitstable.o [1]
Conv_MNTIME             0x08006560    0x18  Data  Lc  unitstable.o [1]
Conv_MN_POSITION_SPEED  0x08006530    0x18  Data  Lc  unitstable.o [1]
Conv_PERCENT            0x08006548    0x18  Data  Lc  unitstable.o [1]
Conv_POSITION           0x080064e8    0x18  Data  Lc  unitstable.o [1]
Conv_PRESSURE           0x08006440    0x90  Data  Lc  unitstable.o [1]
Conv_PV                 0x08006500    0x18  Data  Lc  unitstable.o [1]
Conv_SHEDTIME           0x08006608    0x18  Data  Lc  unitstable.o [1]
Conv_SIGNAL             0x080064d0    0x18  Data  Lc  unitstable.o [1]
Conv_TEMPR              0x08006578    0x60  Data  Lc  unitstable.o [1]
Conv_TIME               0x080065d8    0x18  Data  Lc  unitstable.o [1]
Cortex_Trap             0x08019155          Code  Gb  cortextrap.o [1]
Cortex_TrapC            0x0801912d    0x10  Code  Gb  cortextrapc.o [1]
Crc16                   0x08007319    0x24  Code  Gb  crc.o [1]
CtlLimState             0x20000358     0x8  Data  Lc  ctllimits.o [1]
CustomCharact           0x20000808    0x58  Data  Lc  poscharact.o [1]
CutoffConf              0x0800cfb0     0xc  Data  Lc  fullthrottle.o [1]
DMA_ConfigUART          0x080141ef    0x26  Code  Gb  stm_dma.o [1]
DMA_SetUART             0x080141d3    0x1c  Code  Gb  stm_dma.o [1]
DMA_getcount            0x080141c5     0xe  Code  Gb  stm_dma.o [1]
DO_Passthrough          0x20000860     0x4  Data  Lc  doswitchff.o [1]
Data_Processing         0x0800ca3d   0x218  Code  Lc  atune.o [1]
DatahogState            0x20001d3c     0xc  Data  Lc  datahog.o [1]
DatahogState_default    0x080193e8     0xa  Data  Lc  datahog.o [1]
DatahogTable            0x080193cc    0x1c  Data  Lc  datahog.o [1]
DigitalSP_ShedTime_range
                        0x08006d58     0x8  Data  Gb  okctlmodes.o [1]
DigitalSpConf           0x20001428    0x10  Data  Lc  okctlmodes.o [1]
DigitalSpConf_Default   0x0800b834    0x10  Data  Lc  okctlmodes.o [1]
DoHighLow               0x08015f39    0x36  Code  Lc  calib.o [1]
DummyProc               0x08019bf9     0x4  Code  Lc  proctable.o [1]
EXTI_IRQHandler         0x0800f1b3    0x38  Code  Gb  gpio_key.o [1]
ErrorCounter_FRAMRead   0x200016e4     0x4  Data  Lc  i2c.o [1]
ErrorCounter_FRAMWrite  0x200016e8     0x4  Data  Lc  i2c.o [1]
ErrorCounter_Restart    0x200016e0     0x4  Data  Lc  i2c.o [1]
ErrorCounter_StartRead  0x200016c0     0x4  Data  Lc  i2c.o [1]
ErrorCounter_StartReadRetry
                        0x200016d4     0x4  Data  Lc  i2c.o [1]
ErrorCounter_StartWrite
                        0x200016c4     0x4  Data  Lc  i2c.o [1]
ErrorCounter_StartWriteRetry
                        0x200016dc     0x4  Data  Lc  i2c.o [1]
ErrorCounter_StopRead   0x200016c8     0x4  Data  Lc  i2c.o [1]
ErrorCounter_StopReadRetry
                        0x200016d0     0x4  Data  Lc  i2c.o [1]
ErrorCounter_StopWrite  0x200016cc     0x4  Data  Lc  i2c.o [1]
ErrorCounter_StopWriteRetry
                        0x200016d8     0x4  Data  Lc  i2c.o [1]
FFAP_nvram_map_8        0x08006774   0x1b0  Data  Gb  FFAP_verdump_8.o [1]
FLASH_Wait              0x0800dc31    0x26  Code  Lc  stm_flash.o [1]
FRAM_Address            0x0800a15d    0x32  Code  Lc  fram.o [1]
FRAM_Available          0x20000619     0x1  Data  Lc  fram.o [1]
FRAM_ReadOperation      0x200016bc     0x1  Data  Lc  i2c.o [1]
FRAM_Write_Disable      0x0800ef59     0x2  Code  Gb  gpio_key.o [1]
FRAM_Write_Enable       0x0800ef55     0x4  Code  Gb  gpio_key.o [1]
FillExtDiagHeader       0x08010b25    0x58  Code  Gb  diagnostics.o [1]
GetAi2BlockVar          0x08018c9d     0x4  Code  Gb  ai2blockvars.o [1]
GetAi3BlockVar          0x08018cd1     0x4  Code  Gb  ai3blockvars.o [1]
GetAiBlockVar           0x08018c69     0x4  Code  Gb  aiblockvars.o [1]
GetAoBlockVar           0x080183e5     0x4  Code  Gb  aoblockvars.o [1]
GetDeviceVar            0x08016feb    0x1a  Code  Gb  devicevars.o [1]
GetDo2BlockVar          0x0801885d     0x4  Code  Gb  do2blockvars.o [1]
GetDoBlockVar           0x08018609     0x4  Code  Gb  doblockvars.o [1]
GetFaultCodeBit         0x0800a4e5    0x18  Code  Lc  faultman.o [1]
GetFwInfo               0x080172c3    0x1a  Code  Gb  verinfo.o [1]
GetIsBlockVar           0x08018d05     0x4  Code  Gb  isblockvars.o [1]
GetMinMaxErr            0x08009171    0xa4  Code  Lc  control.o [1]
GetPid2BlockVar         0x08018729     0x4  Code  Gb  pid2blockvars.o [1]
GetPidBlockVar          0x080184d5     0x4  Code  Gb  pidblockvars.o [1]
GetResBlockVar          0x08017ff9     0x4  Code  Gb  resblockvars.o [1]
GetSetTuningParameters  0x08014d53    0x30  Code  Lc  hart_posctl.o [1]
GetTbBlockVar           0x0801825d     0x4  Code  Gb  tbblockvars.o [1]
GetTempComp16           0x08017441    0x2e  Code  Gb  hart_tempcomp.o [1]
GetTempComp32           0x080174af    0x2e  Code  Gb  hart_tempcomp.o [1]
GetVerInfo              0x08017225    0x58  Code  Lc  verinfo.o [1]
HART_Interrupt          0x08012d87    0x82  Code  Lc  stm_uart.o [1]
HART_cmdlookup          0x08011d95    0x32  Code  Gb  hclookup5.o [1]
HART_cmdlookup_129      0x08011925    0x82  Code  Lc  hclookup5.o [1]
HART_cmdlookup_130      0x080119a7    0xd2  Code  Lc  hclookup5.o [1]
HART_cmdlookup_144      0x08011a7f    0x12  Code  Lc  hclookup5.o [1]
HART_cmdlookup_155      0x08011a91    0x36  Code  Lc  hclookup5.o [1]
HART_cmdlookup_167      0x08011ac7     0xc  Code  Lc  hclookup5.o [1]
HART_cmdlookup_169      0x08011ad3     0xc  Code  Lc  hclookup5.o [1]
HART_cmdlookup_170      0x08011adf    0x8a  Code  Lc  hclookup5.o [1]
HART_cmdlookup_171      0x08011b69    0x7a  Code  Lc  hclookup5.o [1]
HART_cmdlookup_190      0x08011be3    0x6a  Code  Lc  hclookup5.o [1]
HART_cmdlookup_229      0x08011c4d     0xe  Code  Lc  hclookup5.o [1]
HART_cmdlookup_230      0x08011c5b     0xe  Code  Lc  hclookup5.o [1]
HART_cmdlookup_233      0x08011c69    0x4c  Code  Lc  hclookup5.o [1]
HART_cmdlookup_236      0x08011cb5    0x4c  Code  Lc  hclookup5.o [1]
HART_cmdlookup_242      0x08011d01    0x1a  Code  Lc  hclookup5.o [1]
HART_timehandler        0x08012d51    0x16  Code  Gb  stm_uart.o [1]
HartAllowedAddressing   0x080131a4    0x10  Data  Lc  haddressing.o [1]
HartData                0x2000113c    0x3c  Data  Lc  hartconf.o [1]
HartData_Default        0x0800e164    0x3c  Data  Lc  hartconf.o [1]
HartState               0x20000e0c   0x1a4  Data  Lc  hart.o [1]
HartUnitsTab            0x0800a135     0xc  Data  Gb  unitstab.o [1]
HartUnitsTab_size       0x0800a141     0x1  Data  Gb  unitstab.o [1]
Hart_DropFrameEx1       0x0800f93d    0x28  Code  Gb  hart.o [1]
Hart_burst_process      0x0800f8a1    0x9c  Code  Lc  hart.o [1]
Hart_init               0x0800f6bd    0x4a  Code  Gb  hart.o [1]
HeaderAddressCommon     0x0800f881    0x20  Code  Lc  hart.o [1]
I2C_ErrorCounterHandler
                        0x0800ebf9    0x70  Code  Lc  i2c.o [1]
I2C_MakeStartCondition  0x0800ed49    0x60  Code  Lc  i2c.o [1]
I2C_PutByte             0x0800ed25     0xc  Code  Gb  i2c.o [1]
I2C_ReadDiagnostic      0x0800ebeb     0xe  Code  Gb  i2c.o [1]
I2C_Start               0x0800eda9    0x28  Code  Gb  i2c.o [1]
I2C_Stop                0x0800eccf    0x56  Code  Gb  i2c.o [1]
I2C_TransferIn          0x0800edd1    0xe2  Code  Gb  i2c.o [1]
I2C_TransferOut         0x0800ed31    0x18  Code  Gb  i2c.o [1]
I2C_WriteDiagnostic     0x0800ebdd     0xe  Code  Gb  i2c.o [1]
IPC_FFAI2Params         0x200004cc     0xc  Data  Lc  ai2blockvars.o [1]
IPC_FFAI3Params         0x200004d8     0xc  Data  Lc  ai3blockvars.o [1]
IPC_FFAIParams          0x200004c0     0xc  Data  Lc  aiblockvars.o [1]
IPC_FFAOParams          0x200003e4    0x30  Data  Lc  aoblockvars.o [1]
IPC_FFDO2Params         0x200004e4    0x2c  Data  Lc  do2blockvars.o [1]
IPC_FFDOParams          0x20000458    0x2c  Data  Lc  doblockvars.o [1]
IPC_FFDeviceParams      0x2000057c    0x44  Data  Lc  devicevars.o [1]
IPC_FFISParams          0x20000510    0x28  Data  Lc  isblockvars.o [1]
IPC_FFPID2Params        0x20000538    0x44  Data  Lc  pid2blockvars.o [1]
IPC_FFPIDParams         0x20000414    0x44  Data  Lc  pidblockvars.o [1]
IPC_FFResourceParams    0x200003bc    0x28  Data  Lc  resblockvars.o [1]
IPC_FFTBParams          0x20000484    0x3c  Data  Lc  tbblockvars.o [1]
IPC_IpcMonitor          0x08016717    0x76  Code  Gb  hart_ipc.o [1]
IPC_ReadAppFwVer        0x08017105    0x16  Code  Gb  devicevars.o [1]
IPC_ReadClearFaultState
                        0x08018111     0xc  Code  Gb  resblockvars.o [1]
IPC_ReadCompleteStatus  0x080160fb    0x7a  Code  Lc  hart_ipc.o [1]
IPC_ReadDiscreteInput   0x080160d5    0x26  Code  Lc  hart_ipc.o [1]
IPC_ReadDiscreteSwitch  0x0801608d    0x48  Code  Lc  hart_ipc.o [1]
IPC_ReadFaultState      0x08018087    0x12  Code  Gb  resblockvars.o [1]
IPC_ReadIPCurrent       0x080162b5     0xc  Code  Lc  hart_ipc.o [1]
IPC_ReadLuiSimulation   0x08017151    0x20  Code  Gb  devicevars.o [1]
IPC_ReadNone            0x08016071     0x6  Code  Lc  hart_ipc.o [1]
IPC_ReadPosition        0x080161e5    0x9e  Code  Lc  hart_ipc.o [1]
IPC_ReadPressure        0x080162c1    0x56  Code  Lc  hart_ipc.o [1]
IPC_ReadPressureUnits   0x08016317    0x22  Code  Lc  hart_ipc.o [1]
IPC_ReadRawPosition     0x080161d9     0xc  Code  Lc  hart_ipc.o [1]
IPC_ReadRbBlockErrDesc1
                        0x0801818d     0x2  Code  Gb  resblockvars.o [1]
IPC_ReadRbRestart       0x0801803f     0x8  Code  Gb  resblockvars.o [1]
IPC_ReadRbWrongCfg      0x08018189     0x4  Code  Gb  resblockvars.o [1]
IPC_ReadSetFaultState   0x08018099     0xc  Code  Gb  resblockvars.o [1]
IPC_ReadTemperature     0x08016393    0x34  Code  Lc  hart_ipc.o [1]
IPC_ReadTest            0x08016175     0xc  Code  Lc  hart_ipc.o [1]
IPC_ReadWorkingPos      0x080161bd    0x16  Code  Lc  hart_ipc.o [1]
IPC_ReadWorkingSP       0x08016283    0x32  Code  Lc  hart_ipc.o [1]
IPC_TestVariable        0x20001180     0x4  Data  Lc  hart_ipc.o [1]
IPC_TranslationTable    0x080167b4   0x828  Data  Lc  hart_ipc.o [1]
IPC_WriteAI2OUT         0x08018ca1    0x2c  Code  Gb  ai2blockvars.o [1]
IPC_WriteAI3OUT         0x08018cd5    0x2c  Code  Gb  ai3blockvars.o [1]
IPC_WriteAIOUT          0x08018c6d    0x2c  Code  Gb  aiblockvars.o [1]
IPC_WriteAOError        0x0801845d    0x36  Code  Gb  aoblockvars.o [1]
IPC_WriteAOMode         0x08018421    0x3c  Code  Gb  aoblockvars.o [1]
IPC_WriteAOSP           0x080184a1    0x30  Code  Gb  aoblockvars.o [1]
IPC_WriteAOTag          0x080183e9    0x38  Code  Gb  aoblockvars.o [1]
IPC_WriteClearFaultState
[...]
tempr_ComputeTemperatureCompensation
                        0x0801001b    0xb0  Code  Gb  tempcomp.o [1]
tempr_ComputeTemprCorrRT
                        0x08014801     0xc  Code  Gb  tempr_mncb.o [1]
tempr_FactoryResetStats
                        0x0800b881     0xe  Code  Gb  tempr.o [1]
tempr_GetInstantTempr   0x0800b8c1    0x1a  Code  Gb  tempr.o [1]
tempr_GetSmoothedRawTemperature
                        0x08014899    0x14  Code  Gb  tempr_mncb.o [1]
tempr_Mopup             0x0800b86d    0x14  Code  Gb  tempr.o [1]
tempr_SetTempCorrRow    0x080174e1     0x4  Code  Lc  hart_tempcomp_mncb.o [1]
tempr_TempComp          0x0801480d     0xa  Code  Gb  tempr_mncb.o [1]
tempr_TempCorrRow       0x20000948    0x44  Data  Lc  tempr_mncb.o [1]
tempr_TemprCorrConf     0x08014914     0xc  Data  Lc  tempr_mncb.o [1]
tempr_TemprCorrRT       0x2000093c     0xc  Data  Lc  tempr_mncb.o [1]
tempr_Update            0x08014825    0x74  Code  Gb  tempr_mncb.o [1]
tempr_UpdateCommon      0x0800b8db    0x8e  Code  Gb  tempr.o [1]
tempr_UpdateInit        0x08014817     0xe  Code  Gb  tempr_mncb.o [1]
testdata                0x20001178     0x4  Data  Lc  hart_dbuftest.o [1]
testlength              0x20000b6c     0x4  Data  Lc  idle.o [1]
testpad1                0x200012c0    0x58  Data  Gb  nvramtable.o [1]
testpad2                0x20001318    0x58  Data  Gb  nvramtable.o [1]
testphase               0x080079ab    0x26  Code  Lc  nvram.o [1]
testtable               0x08007b60    0x60  Data  Lc  nvram.o [1]
text_index              0x080057a4   0xc7a  Data  Lc  uitext.o [1]
tickCounter             0x20000600     0x8  Data  Lc  timer.o [1]
tickCounter2            0x20000608     0x8  Data  Lc  timer.o [1]
timehandler_crash       0x08012e35     0xe  Code  Lc  stm_uart.o [1]
timehandler_dma         0x08012e43    0x74  Code  Lc  stm_uart.o [1]
timehandler_irq         0x08012e25    0x10  Code  Lc  stm_uart.o [1]
timer_EstimateFunctionLength
                        0x0800f44d    0x1c  Code  Gb  stm_nvic.o [1]
timer_GetTicks          0x0800ae5f     0x8  Code  Gb  timer.o [1]
timer_GetTicksSince     0x0800ae67     0xa  Code  Gb  timer.o [1]
timer_IntegrityCheck    0x0800ad9d    0x32  Code  Gb  timer.o [1]
timer_ProcessTick       0x0800adf9    0x66  Code  Gb  timer.o [1]
timer_WaitTicks         0x0800adcf    0x20  Code  Gb  timer.o [1]
tmr_GetLSIFreq          0x0800f379    0x80  Code  Gb  stm_timer.o [1]
trapconf                0x08007df4    0x68  Data  Lc  mnassert.o [1]
trapfaults              0x0800a800    0x34  Data  Lc  faultman.o [1]
tso_limits              0x08019ae0     0x4  Data  Gb  ctllimits.o [1]
tune_CloseLoop          0x0800c3f5   0x122  Code  Lc  atune.o [1]
tune_CommitPIDData      0x0800bab5    0x28  Code  Lc  atune.o [1]
tune_EstimatePara       0x0800be7d   0x1ba  Code  Lc  atune.o [1]
tune_GetCompletionCode  0x0800ba7d     0xa  Code  Gb  atune.o [1]
tune_GetCurrentPIDData  0x0800baa5    0x10  Code  Gb  atune.o [1]
tune_LimitPID           0x0800cdd5    0x86  Code  Lc  atune.o [1]
tune_RampingTest        0x0800c037   0x1c8  Code  Lc  atune.o [1]
tune_Run_Selftune       0x0800bba7    0x9a  Code  Gb  atune.o [1]
tune_Run_Selftune_SHIM  0x08014925     0x8  Code  Gb  procshims.o [1]
tune_Stabilize          0x0800cd15    0x48  Code  Lc  atune.o [1]
tune_Tune_Function      0x0800bc41   0x23c  Code  Lc  atune.o [1]
uart2hart               0x080130bc     0xc  Data  Lc  stm_uart.o [1]
uartInfo                0x0801302c    0x8c  Data  Lc  stm_uart.o [1]
uart_GetHartTaskAndChannel
                        0x08012d67    0x20  Code  Gb  stm_uart.o [1]
uart_ProcessUART_DMA_Chars
                        0x08012eb7    0x5e  Code  Gb  stm_uart.o [1]
uart_buf                0x20001438   0x200  Data  Lc  stm_uart.o [1]
uart_init               0x08012f15    0x6e  Code  Gb  stm_uart.o [1]
uart_setup              0x08012f83    0x20  Code  Gb  stm_uart.o [1]
ui_ATO                  0x20001d73     0x1  Data  Lc  ui_config.o [1]
ui_CalibMenuTable       0x0801793c    0x38  Data  Lc  uifunc.o [1]
ui_Clr_Lin3             0x08017c7d     0xa  Code  Gb  ui_ffinfo.o [1]
ui_Clr_Lin3Silent       0x08017c87     0xa  Code  Gb  ui_ffinfo.o [1]
ui_CommitStops          0x0801ab2f     0xa  Code  Gb  ui_findstops.o [1]
ui_CtlLimits            0x20001204    0x18  Data  Lc  ui_config.o [1]
ui_CycleMenuGetFfCustom1
                        0x080189a3     0xa  Code  Gb  ui_ffcustomvar.o [1]
ui_CycleMenuGetFfCustom2
                        0x080189ad     0xa  Code  Gb  ui_ffcustomvar.o [1]
ui_DebugWriteNumber     0x080106f9     0x4  Code  Gb  uishow.o [1]
ui_DontHavePosition     0x08017833    0x12  Code  Gb  ui_common.o [1]
ui_GetAirAction         0x08017975     0x4  Code  Gb  ui_config.o [1]
ui_GetAlarmSymbol       0x0801132b    0x1e  Code  Gb  sigbar.o [1]
ui_GetCtlLimits         0x0801797d     0x4  Code  Gb  ui_config.o [1]
ui_GetCurrPassword      0x080176d1     0x4  Code  Gb  ui_locks.o [1]
ui_GetDevSubmode        0x080177e1    0x10  Code  Gb  ui_devmodes.o [1]
ui_GetFFidString        0x08018d91    0x1a  Code  Gb  ui_ffid.o [1]
ui_GetFaultCodeData     0x08017755     0x6  Code  Gb  ui_faults.o [1]
ui_GetIpcTimeStampStatus
                        0x08017f1d     0xa  Code  Gb  ui_ffinfo.o [1]
ui_GetLocalUIDataPtr    0x080176d5     0xc  Code  Gb  ui_locks.o [1]
ui_GetLocalUILocks      0x0801771f    0x1e  Code  Gb  ui_locks.o [1]
ui_GetMNCBVerNumber     0x08018e29     0x8  Code  Gb  ui_mncbid.o [1]
ui_GetModeData          0x080177c7     0x6  Code  Gb  ui_devmodes.o [1]
ui_GetOptionConfig      0x080177fd     0x6  Code  Gb  ui_common.o [1]
ui_GetPidParamSet       0x08017981     0x4  Code  Gb  ui_config.o [1]
ui_GetPosition          0x08017865     0xe  Code  Gb  uifunc.o [1]
ui_GetRawPosVal         0x0801784b     0xe  Code  Gb  ui_common.o [1]
ui_GetSetpoint          0x08018dfd    0x1c  Code  Gb  ui_sp.o [1]
ui_GetSpCharact         0x08017979     0x4  Code  Gb  ui_config.o [1]
ui_GetSysAirAction      0x08017991     0xe  Code  Gb  ui_config.o [1]
ui_GetSysCtlLimits      0x08017985     0xc  Code  Gb  ui_config.o [1]
ui_GetSysPidParamSet    0x080179b1     0xa  Code  Gb  ui_config.o [1]
ui_GetSysSpCharact      0x0801799f     0xc  Code  Gb  ui_config.o [1]
ui_GetTightShutoff      0x0801ab61     0xa  Code  Lc  uitable.o [1]
ui_GetUIGLanguage       0x0800d79d    0x18  Code  Gb  uimain.o [1]
ui_GetUntypedCtlLimits  0x0801ab5d     0x4  Code  Lc  uitable.o [1]
ui_GetXModeData         0x080177cd    0x10  Code  Gb  ui_devmodes.o [1]
ui_HavePosition         0x0801781f    0x14  Code  Gb  ui_common.o [1]
ui_IPout_high           0x08018ded     0x8  Code  Gb  ui_sp.o [1]
ui_IPout_low            0x08018de3     0xa  Code  Gb  ui_sp.o [1]
ui_IsFailedHigh         0x08017741    0x10  Code  Gb  ui_faults.o [1]
ui_LangIncrement        0x0801ab09    0x20  Code  Gb  ui_uisetup.o [1]
ui_RetAdjust            0x0800d33f    0x20  Code  Lc  uimain.o [1]
ui_SaveSysAirAction     0x080179c5    0x3c  Code  Gb  ui_config.o [1]
ui_SaveSysCtlLimits     0x080179bb     0xa  Code  Gb  ui_config.o [1]
ui_SaveSysLanguage      0x08017a3d     0xe  Code  Gb  ui_config.o [1]
ui_SaveSysPidParamSet   0x08017a13    0x18  Code  Gb  ui_config.o [1]
ui_SaveSysSpCharact     0x08017a01     0xa  Code  Gb  ui_config.o [1]
ui_SetEmulatedPushbuttons
                        0x0800d647    0x2a  Code  Gb  uimain.o [1]
ui_SetHighStop          0x0801ab39     0x6  Code  Gb  ui_findstops.o [1]
ui_SetLowStop           0x0801ab47    0x16  Code  Gb  ui_findstops.o [1]
ui_SetUIData            0x0800d601    0x46  Code  Gb  uimain.o [1]
ui_SetUIGLanguage       0x0800d7b5    0x36  Code  Gb  uimain.o [1]
ui_ShowBar              0x08011309    0x22  Code  Gb  sigbar.o [1]
ui_SimulationActive     0x08017ef3     0xc  Code  Gb  ui_ffinfo.o [1]
ui_SimulationDeactive   0x08017eff     0xa  Code  Gb  ui_ffinfo.o [1]
ui_UnitsIncrement       0x0801aacf    0x3a  Code  Gb  ui_engunits.o [1]
ui_charact              0x20001d74     0x1  Data  Lc  ui_config.o [1]
ui_clearFaults          0x0801775b     0xc  Code  Gb  ui_faults.o [1]
ui_clearLine3           0x08011349    0x22  Code  Gb  sigbar.o [1]
ui_dispFfVarStatus      0x080189b7    0x52  Code  Lc  ui_ffcustomvar.o [1]
ui_display              0x080104ed    0x38  Code  Lc  uishow.o [1]
ui_ffGetAi1Out          0x08018ae3    0x1a  Code  Gb  ui_ffcustomvar.o [1]
ui_ffGetAi2Out          0x08018afd    0x1a  Code  Gb  ui_ffcustomvar.o [1]
ui_ffGetAi3Out          0x08018b17    0x1a  Code  Gb  ui_ffcustomvar.o [1]
ui_ffGetAoSp            0x08018b31     0xc  Code  Gb  ui_ffcustomvar.o [1]
ui_ffGetDo2Sp           0x08018b45     0x6  Code  Gb  ui_ffcustomvar.o [1]
ui_ffGetDoSp            0x08018b3d     0x8  Code  Gb  ui_ffcustomvar.o [1]
ui_ffGetIsIn1           0x08018b5b    0x1a  Code  Gb  ui_ffcustomvar.o [1]
ui_ffGetIsIn2           0x08018b75    0x1e  Code  Gb  ui_ffcustomvar.o [1]
ui_ffGetIsIn3           0x08018b93    0x1c  Code  Gb  ui_ffcustomvar.o [1]
ui_ffGetIsIn4           0x08018bd3    0x20  Code  Gb  ui_ffcustomvar.o [1]
ui_ffGetParamBadDefault
                        0x08018bf3    0x2e  Code  Gb  ui_ffcustomvar.o [1]
ui_ffGetPid2Out         0x08018ac5    0x1e  Code  Gb  ui_ffcustomvar.o [1]
ui_ffGetPid2Pv          0x08018ab9     0xc  Code  Gb  ui_ffcustomvar.o [1]
ui_ffGetPid2Sp          0x08018a9b    0x1e  Code  Gb  ui_ffcustomvar.o [1]
ui_ffGetPidOut          0x08018a7d    0x1e  Code  Gb  ui_ffcustomvar.o [1]
ui_ffGetPidPv           0x08018a51     0xa  Code  Gb  ui_ffcustomvar.o [1]
ui_ffGetPidSp           0x08018a33    0x1e  Code  Gb  ui_ffcustomvar.o [1]
ui_ffGetWorkingPos      0x08018a15    0x1e  Code  Gb  ui_ffcustomvar.o [1]
ui_ffGetWorkingSP       0x08018a09     0xc  Code  Gb  ui_ffcustomvar.o [1]
ui_ff_InfoAO            0x08017cf7     0x8  Code  Gb  ui_ffinfo.o [1]
ui_ff_InfoDO            0x08017db5     0xa  Code  Gb  ui_ffinfo.o [1]
ui_ff_InfoDO2           0x08017e89     0xa  Code  Gb  ui_ffinfo.o [1]
ui_ff_InfoPID           0x08017d67     0xa  Code  Gb  ui_ffinfo.o [1]
ui_ff_InfoPID2          0x08017e1f     0xa  Code  Gb  ui_ffinfo.o [1]
ui_ff_InfoRB            0x08017b19    0x18  Code  Gb  ui_ffinfo.o [1]
ui_ff_InfoTB            0x08017c91     0xa  Code  Gb  ui_ffinfo.o [1]
ui_ff_Tag1AO            0x08017d23     0xc  Code  Gb  ui_ffinfo.o [1]
ui_ff_Tag1DO            0x08017dbf    0x14  Code  Gb  ui_ffinfo.o [1]
ui_ff_Tag1DO2           0x08017e93    0x14  Code  Gb  ui_ffinfo.o [1]
ui_ff_Tag1PID           0x08017d71     0xc  Code  Gb  ui_ffinfo.o [1]
ui_ff_Tag1PID2          0x08017e29    0x14  Code  Gb  ui_ffinfo.o [1]
ui_ff_Tag1RB            0x08017b31     0xc  Code  Gb  ui_ffinfo.o [1]
ui_ff_Tag1TB            0x08017c9b     0xc  Code  Gb  ui_ffinfo.o [1]
ui_ff_Tag2AO            0x08017d2f     0xa  Code  Gb  ui_ffinfo.o [1]
ui_ff_Tag2DO            0x08017dd3    0x16  Code  Gb  ui_ffinfo.o [1]
ui_ff_Tag2DO2           0x08017ea7    0x16  Code  Gb  ui_ffinfo.o [1]
ui_ff_Tag2PID           0x08017d7d     0xa  Code  Gb  ui_ffinfo.o [1]
ui_ff_Tag2PID2          0x08017e3d    0x16  Code  Gb  ui_ffinfo.o [1]
ui_ff_Tag2RB            0x08017b3d     0xa  Code  Gb  ui_ffinfo.o [1]
ui_ff_Tag2TB            0x08017ca7     0x8  Code  Gb  ui_ffinfo.o [1]
ui_ff_Tag3AO            0x08017d39     0xe  Code  Gb  ui_ffinfo.o [1]
ui_ff_Tag3DO            0x08017de9    0x16  Code  Gb  ui_ffinfo.o [1]
ui_ff_Tag3DO2           0x08017ebd    0x16  Code  Gb  ui_ffinfo.o [1]
ui_ff_Tag3PID           0x08017d87     0xe  Code  Gb  ui_ffinfo.o [1]
ui_ff_Tag3PID2          0x08017e53    0x16  Code  Gb  ui_ffinfo.o [1]
ui_ff_Tag3RB            0x08017b47     0xe  Code  Gb  ui_ffinfo.o [1]
ui_ff_Tag3TB            0x08017cc9     0xe  Code  Gb  ui_ffinfo.o [1]
ui_ff_Tag4AO            0x08017d47    0x20  Code  Gb  ui_ffinfo.o [1]
ui_ff_Tag4DO            0x08017dff    0x20  Code  Gb  ui_ffinfo.o [1]
ui_ff_Tag4DO2           0x08017ed3    0x20  Code  Gb  ui_ffinfo.o [1]
ui_ff_Tag4PID           0x08017d95    0x20  Code  Gb  ui_ffinfo.o [1]
ui_ff_Tag4PID2          0x08017e69    0x20  Code  Gb  ui_ffinfo.o [1]
ui_ff_Tag4RB            0x08017b55    0x20  Code  Gb  ui_ffinfo.o [1]
ui_ff_Tag4TB            0x08017cd7    0x20  Code  Gb  ui_ffinfo.o [1]
ui_ff_devAddr           0x08017bf5    0x20  Code  Gb  ui_ffinfo.o [1]
ui_ff_devID1            0x08017b75    0x18  Code  Gb  ui_ffinfo.o [1]
ui_ff_devID2            0x08017b8d    0x16  Code  Gb  ui_ffinfo.o [1]
ui_ff_devID3            0x08017bbb    0x18  Code  Gb  ui_ffinfo.o [1]
ui_ff_devID4            0x08017bd3    0x22  Code  Gb  ui_ffinfo.o [1]
ui_ff_devTag1           0x08017c15    0x16  Code  Gb  ui_ffinfo.o [1]
ui_ff_devTag2           0x08017c2b    0x18  Code  Gb  ui_ffinfo.o [1]
ui_ff_devTag3           0x08017c43    0x18  Code  Gb  ui_ffinfo.o [1]
ui_ff_devTag4           0x08017c5b    0x22  Code  Gb  ui_ffinfo.o [1]
ui_findNextItem         0x0800d281    0x28  Code  Lc  uimain.o [1]
ui_findSelectItem       0x0800d2eb    0x54  Code  Lc  uimain.o [1]
ui_getCalibMenuData     0x080178cf    0x2e  Code  Gb  uifunc.o [1]
ui_getCostOption        0x08017873    0x14  Code  Gb  uifunc.o [1]
ui_getLangId            0x0800d78d    0x10  Code  Gb  uimain.o [1]
ui_getMainPressure      0x08017a4d     0xa  Code  Gb  ui_pressures.o [1]
ui_getManSetpoint       0x08018db9    0x1e  Code  Gb  ui_sp.o [1]
ui_getMiscVar           0x080177f9     0x4  Code  Gb  ui_common.o [1]
ui_getOpenStopAdjustment
                        0x080178ab     0xc  Code  Lc  uifunc.o [1]
ui_getOpenStopAdjustment_var
                        0x080178a7     0x4  Code  Gb  uifunc.o [1]
ui_getPneuParams        0x08017a75     0x6  Code  Gb  ui_pressures.o [1]
ui_getProcId            0x08017811     0xe  Code  Gb  ui_common.o [1]
ui_getSupplyPressure    0x08017a5d    0x12  Code  Gb  ui_pressures.o [1]
ui_init                 0x0800d58f    0x1c  Code  Gb  uimain.o [1]
ui_init_internal        0x0800d551    0x3e  Code  Gb  uimain.o [1]
ui_isPasswordMatch      0x080176f1    0x2e  Code  Gb  ui_locks.o [1]
ui_isWriteProtected     0x080176e1    0x10  Code  Gb  ui_locks.o [1]
ui_jump                 0x0800d421    0x36  Code  Lc  uimain.o [1]
ui_main                 0x0800d671    0xd2  Code  Gb  uimain.o [1]
ui_on                   0x200013d9     0x1  Data  Lc  ui_io.o [1]
ui_password_rv          0x08019b04     0x4  Data  Gb  ui_locks.o [1]
ui_pidctrlset           0x20001d75     0x1  Data  Lc  ui_config.o [1]
ui_procInput            0x0800d457    0xfa  Code  Lc  uimain.o [1]
ui_procVarNode          0x0800d17d    0xac  Code  Lc  uimain.o [1]
ui_process              0x08017887    0x20  Code  Gb  uifunc.o [1]
ui_process_FindStops    0x0801ab29     0x6  Code  Gb  ui_findstops.o [1]
ui_process_SelfTune     0x08017803     0xe  Code  Gb  ui_common.o [1]
ui_reset                0x080177bd     0xa  Code  Gb  ui_devmodes.o [1]
ui_setCalibMenuData     0x0801791d    0x1e  Code  Gb  uifunc.o [1]
ui_setDispmode          0x080112f9    0x10  Code  Gb  sigbar.o [1]
ui_setFailSafeMode      0x080177b1     0x4  Code  Gb  ui_devmodes.o [1]
ui_setManMode           0x08017771     0x6  Code  Gb  ui_devmodes.o [1]
ui_setManModeNaked      0x08017777    0x2a  Code  Gb  ui_devmodes.o [1]
ui_setManSetpoint       0x08018dd7     0xc  Code  Gb  ui_sp.o [1]
ui_setNext              0x0800d743    0x3a  Code  Gb  uimain.o [1]
ui_setNextExt           0x0800d787     0x6  Code  Gb  uimain.o [1]
ui_setNode              0x0800d2a9    0x12  Code  Lc  uimain.o [1]
ui_setOOSMode           0x080177a1     0x8  Code  Gb  ui_devmodes.o [1]
ui_setOpenStopAdjustment
                        0x080178b7    0x18  Code  Lc  uifunc.o [1]
ui_setOperMode          0x08017769     0x8  Code  Gb  ui_devmodes.o [1]
ui_setSelectItem        0x0800d35f    0xc2  Code  Lc  uimain.o [1]
ui_updateVar            0x0800d0d7    0xa6  Code  Lc  uimain.o [1]
uicmd                   0x200003a8     0x8  Data  Lc  uimain.o [1]
uicount                 0x200013da     0x1  Data  Lc  ui_io.o [1]
uidata_default          0x0800d828     0x8  Data  Lc  uimain.o [1]
uinode_isEnabledExt     0x0800d229    0x58  Code  Lc  uimain.o [1]
uipass                  0x20001200     0x4  Data  Lc  ui_locks.o [1]
uishow_GetTextLength    0x08010553    0x26  Code  Lc  uishow.o [1]
uishow_setLabel         0x08010579    0xa2  Code  Lc  uishow.o [1]
uishow_setVar           0x08010529    0x2a  Code  Lc  uishow.o [1]
uistate                 0x200011cc    0x34  Data  Lc  uimain.o [1]
uitext                  0x08006428    0x18  Data  Gb  uitext.o [1]
uivar_show              0x0801061b    0x50  Code  Gb  uishow.o [1]
uixsel_show             0x0801066b    0x8e  Code  Gb  uishow.o [1]
unitsconv_IsValidUnit   0x08010eeb    0x34  Code  Gb  unitsoptions.o [1]
ut_bin2asc              0x0801422d    0x72  Code  Gb  utilities.o [1]
util64_Exp_mod          0x080009bb    0x6c  Code  Gb  cryptutils.o [1]
util64_Mult_mod         0x08000941    0x7a  Code  Gb  cryptutils.o [1]
util64_VerifySignature  0x08000ab1    0x72  Code  Gb  cryptutils.o [1]
util_GetS16             0x0801409d    0x14  Code  Gb  bufutils.o [1]
util_GetS32             0x080140bb    0x14  Code  Gb  bufutils.o [1]
util_GetSeedKey         0x08012855    0x20  Code  Gb  shaseed.o [1]
util_GetStableBias      0x080135e5    0x3c  Code  Gb  valveutils.o [1]
util_GetU8Array         0x080140d9    0x1e  Code  Gb  bufutils.o [1]
util_PutS16             0x0801a8cf     0x6  Code  Lc  hart_ext_analysis.o [1]
util_PutU16             0x080140f7    0x12  Code  Gb  bufutils.o [1]
util_PutU24             0x08014109    0x16  Code  Gb  bufutils.o [1]
util_PutU32             0x0801411f    0x1a  Code  Gb  bufutils.o [1]
util_WaitForPos         0x08013621    0x6c  Code  Gb  valveutils.o [1]
util_WaitStablePosPres  0x08013535    0xaa  Code  Gb  valveutils.o [1]
var_misc                0x20001d64     0x2  Data  Gb  ui_common.o [1]
var_misc_s32            0x2000121c     0x4  Data  Lc  uifunc.o [1]
varspeed                0x0800d808    0x20  Data  Lc  uimain.o [1]
vertran                 0x08018e5b    0xac  Code  Gb  vertran.o [1]
vpos_GetRawPosition     0x08007105     0x6  Code  Gb  position.o [1]
vpos_GetScaledPosition  0x080070d3     0x8  Code  Gb  position.o [1]
vpos_GetSmoothedRawPosition
                        0x080070eb     0xe  Code  Gb  position.o [1]
vpos_GetSmoothedScaledPosition
                        0x080070db    0x10  Code  Gb  position.o [1]
wdog_HardwareReset      0x0800a903    0x4e  Code  Gb  stm_watchdog.o [1]
wdog_WaitExternalWatchdog
                        0x0800a89b    0x54  Code  Gb  stm_watchdog.o [1]
wdog_WatchdogInit       0x0800a835    0x66  Code  Gb  stm_watchdog.o [1]
wdog_WatchdogTrigger    0x0800a8ef    0x14  Code  Gb  stm_watchdog.o [1]
whChecksum1__           0x0800a08d    0x16  Code  Gb  chsum.o [1]
write_pwm               0x0801a0c3    0x1c  Code  Lc  hart_write_ctlout.o [1]
wsSignature             0x2000b190     0x2  Data  Lc  sysio.o [1]
wsValue                 0x2000b192     0x2  Data  Lc  sysio.o [1]
xTable                  0x080066d4    0x90  Data  Gb  nvram_xtable.o [1]
xlate_NextIfEnabled     0x0800d043     0xe  Code  Gb  uimain.o [1]
xlate_OperMenu1         0x0800d035     0xe  Code  Gb  uimain.o [1]
xlate_SelectIfEnabled   0x0800d051     0xe  Code  Gb  uimain.o [1]
xlate_StdMenu           0x0800d05f    0x28  Code  Gb  uimain.o [1]
xlate_StdVar            0x0800d0ab    0x2c  Code  Lc  uimain.o [1]
xlate_StdWiz            0x0800d087    0x24  Code  Gb  uimain.o [1]
xlatef                  0x0800134c    0x14  Data  Lc  uitable.o [1]


[1] = C:\tfsbuildR\SVIFF\Release2\FIRMWARE\cmdbuild\Rel\project_FFAP
[2] = command line
[3] = dl7M_tln.a
[4] = rt7M_tl.a

  80 340 bytes of readonly  code memory
  27 350 bytes of readonly  data memory
  45 462 bytes of readwrite data memory

Errors: none
Warnings: none
