###############################################################################
#                                                                             #
# IAR ELF Linker V6.50.6.4896/W32 for ARM               27/Aug/2015  01:11:36 #
# Copyright 2007-2013 IAR Systems AB.                                         #
#                                                                             #
#    Output file  =  C:\tfsbuildR\SVIFF\Release2\FD-SW\cmdbuild\Rel\project_F #
#                    FP\FFP_1.out.tmp                                         #
#    Map file     =  C:\tfsbuildR\SVIFF\Release2\FD-SW\cmdbuild\Rel\project_F #
#                    FP\FFP_1.map                                             #
#    Command line =  -f C:\tfsbuildR\SVIFF\Release2\FD-SW\cmdbuild\Rel\projec #
#                    t_FFP\FFP_1.icf (C:\tfsbuildR\SVIFF\Release2\FD-SW\cmdbu #
#                    ild\Rel\project_FFP/ffbl_dom.o                           #
#                    C:\tfsbuildR\SVIFF\Release2\FD-SW\cmdbuild\Rel\project_F #
#                    FP/ffbl_bas.o C:\tfsbuildR\SVIFF\Release2\FD-SW\cmdbuild #
#                    \Rel\project_FFP/ffbl_res.o                              #
#                    C:\tfsbuildR\SVIFF\Release2\FD-SW\cmdbuild\Rel\project_F #
#                    FP/ffbl_fd.o C:\tfsbuildR\SVIFF\Release2\FD-SW\cmdbuild\ #
#                    Rel\project_FFP/ffbl_ai.o C:\tfsbuildR\SVIFF\Release2\FD #
#                    -SW\cmdbuild\Rel\project_FFP/ffbl_pai.o                  #
#                    C:\tfsbuildR\SVIFF\Release2\FD-SW\cmdbuild\Rel\project_F #
#                    FP/ffbl_mai.o C:\tfsbuildR\SVIFF\Release2\FD-SW\cmdbuild #
#                    \Rel\project_FFP/ffbl_ao.o C:\tfsbuildR\SVIFF\Release2\F #
#                    D-SW\cmdbuild\Rel\project_FFP/ffbl_mo.o                  #
#                    C:\tfsbuildR\SVIFF\Release2\FD-SW\cmdbuild\Rel\project_F #
#                    FP/ffbl_pao.o C:\tfsbuildR\SVIFF\Release2\FD-SW\cmdbuild #
#                    \Rel\project_FFP/ffbl_di.o C:\tfsbuildR\SVIFF\Release2\F #
#                    D-SW\cmdbuild\Rel\project_FFP/ffbl_do.o                  #
#                    C:\tfsbuildR\SVIFF\Release2\FD-SW\cmdbuild\Rel\project_F #
#                    FP/ffbl_ar.o C:\tfsbuildR\SVIFF\Release2\FD-SW\cmdbuild\ #
#                    Rel\project_FFP/ffbl_is.o C:\tfsbuildR\SVIFF\Release2\FD #
#                    -SW\cmdbuild\Rel\project_FFP/ffbl_os.o                   #
#                    C:\tfsbuildR\SVIFF\Release2\FD-SW\cmdbuild\Rel\project_F #
#                    FP/ffbl_pid.o C:\tfsbuildR\SVIFF\Release2\FD-SW\cmdbuild #
#                    \Rel\project_FFP/ffbl_krn.o                              #
#                    C:\tfsbuildR\SVIFF\Release2\FD-SW\cmdbuild\Rel\project_F #
#                    FP/aifb.o C:\tfsbuildR\SVIFF\Release2\FD-SW\cmdbuild\Rel #
#                    \project_FFP/aofb.o C:\tfsbuildR\SVIFF\Release2\FD-SW\cm #
#                    dbuild\Rel\project_FFP/arfb.o                            #
#                    C:\tfsbuildR\SVIFF\Release2\FD-SW\cmdbuild\Rel\project_F #
#                    FP/csfb.o C:\tfsbuildR\SVIFF\Release2\FD-SW\cmdbuild\Rel #
#                    \project_FFP/difb.o C:\tfsbuildR\SVIFF\Release2\FD-SW\cm #
#                    dbuild\Rel\project_FFP/dofb.o                            #
#                    C:\tfsbuildR\SVIFF\Release2\FD-SW\cmdbuild\Rel\project_F #
#                    FP/fbif_dsc.o C:\tfsbuildR\SVIFF\Release2\FD-SW\cmdbuild #
#                    \Rel\project_FFP/instance.o                              #
#                    C:\tfsbuildR\SVIFF\Release2\FD-SW\cmdbuild\Rel\project_F #
#                    FP/isfb.o C:\tfsbuildR\SVIFF\Release2\FD-SW\cmdbuild\Rel #
#                    \project_FFP/maifb.o C:\tfsbuildR\SVIFF\Release2\FD-SW\c #
#                    mdbuild\Rel\project_FFP/osfb.o                           #
#                    C:\tfsbuildR\SVIFF\Release2\FD-SW\cmdbuild\Rel\project_F #
#                    FP/pidfb.o C:\tfsbuildR\SVIFF\Release2\FD-SW\cmdbuild\Re #
#                    l\project_FFP/ptb.o C:\tfsbuildR\SVIFF\Release2\FD-SW\cm #
#                    dbuild\Rel\project_FFP/resb.o                            #
#                    C:\tfsbuildR\SVIFF\Release2\FD-SW\cmdbuild\Rel\project_F #
#                    FP/spec_ds.o C:\tfsbuildR\SVIFF\Release2\FD-SW\cmdbuild\ #
#                    Rel\project_FFP/appl_if.o C:\tfsbuildR\SVIFF\Release2\FD #
#                    -SW\cmdbuild\Rel\project_FFP/appl_res.o                  #
#                    C:\tfsbuildR\SVIFF\Release2\FD-SW\cmdbuild\Rel\project_F #
#                    FP/appl_dia.o C:\tfsbuildR\SVIFF\Release2\FD-SW\cmdbuild #
#                    \Rel\project_FFP/appl_nrv.o                              #
#                    C:\tfsbuildR\SVIFF\Release2\FD-SW\cmdbuild\Rel\project_F #
#                    FP/appl_dlh.o C:\tfsbuildR\SVIFF\Release2\FD-SW\cmdbuild #
#                    \Rel\project_FFP/appl_svi_swdl.o                         #
#                    C:\tfsbuildR\SVIFF\Release2\FD-SW\cmdbuild\Rel\project_F #
#                    FP/mnhart2ff.o C:\tfsbuildR\SVIFF\Release2\FD-SW\cmdbuil #
#                    d\Rel\project_FFP/mncharactff.o                          #
#                    C:\tfsbuildR\SVIFF\Release2\FD-SW\cmdbuild\Rel\project_F #
#                    FP/mnctllimff.o C:\tfsbuildR\SVIFF\Release2\FD-SW\cmdbui #
#                    ld\Rel\project_FFP/lui_ipc_variables.o                   #
#                    C:\tfsbuildR\SVIFF\Release2\FD-SW\cmdbuild\Rel\project_F #
#                    FP/histogram.o C:\tfsbuildR\SVIFF\Release2\FD-SW\cmdbuil #
#                    d\Rel\project_FFP/ctrl_param_set.o                       #
#                    C:\tfsbuildR\SVIFF\Release2\FD-SW\cmdbuild\Rel\project_F #
#                    FP/ui_language.o C:\tfsbuildR\SVIFF\Release2\FD-SW\cmdbu #
#                    ild\Rel\project_FFP/app_mode.o                           #
#                    C:\tfsbuildR\SVIFF\Release2\FD-SW\cmdbuild\Rel\project_F #
#                    FP/mndoswff.o C:\tfsbuildR\SVIFF\Release2\FD-SW\cmdbuild #
#                    \Rel\project_FFP/pressure_range.o                        #
#                    C:\tfsbuildR\SVIFF\Release2\FD-SW\cmdbuild\Rel\project_F #
#                    FP/mnptbexec.o C:\tfsbuildR\SVIFF\Release2\FD-SW\cmdbuil #
#                    d\Rel\project_FFP/appl_alert.o                           #
#                    C:\tfsbuildR\SVIFF\Release2\FD-SW\cmdbuild\Rel\project_F #
#                    FP/mnfaultsimport.o C:\tfsbuildR\SVIFF\Release2\FD-SW\cm #
#                    dbuild\Rel\project_FFP/mnptberrors.o                     #
#                    C:\tfsbuildR\SVIFF\Release2\FD-SW\cmdbuild\Rel\project_F #
#                    FP/mn_cycle_counter_alert.o                              #
#                    C:\tfsbuildR\SVIFF\Release2\FD-SW\cmdbuild\Rel\project_F #
#                    FP/mn_travel_accumulation.o                              #
#                    C:\tfsbuildR\SVIFF\Release2\FD-SW\cmdbuild\Rel\project_F #
#                    FP/mn_trends.o C:\tfsbuildR\SVIFF\Release2\FD-SW\cmdbuil #
#                    d\Rel\project_FFP/eep_blk2.o                             #
#                    C:\tfsbuildR\SVIFF\Release2\FD-SW\cmdbuild\Rel\project_F #
#                    FP/mn_clear_status.o C:\tfsbuildR\SVIFF\Release2\FD-SW\c #
#                    mdbuild\Rel\project_FFP/mn_actuator_3.o                  #
#                    C:\tfsbuildR\SVIFF\Release2\FD-SW\cmdbuild\Rel\project_F #
#                    FP/mn_near_closed_alert.o C:\tfsbuildR\SVIFF\Release2\FD #
#                    -SW\cmdbuild\Rel\project_FFP/mnfindstopsff.o             #
#                    C:\tfsbuildR\SVIFF\Release2\FD-SW\cmdbuild\Rel\project_F #
#                    FP/mn_travel_units.o C:\tfsbuildR\SVIFF\Release2\FD-SW\c #
#                    mdbuild\Rel\project_FFP/mn_working_times.o               #
#                    C:\tfsbuildR\SVIFF\Release2\FD-SW\cmdbuild\Rel\project_F #
#                    FP/mn_grant_deny.o C:\tfsbuildR\SVIFF\Release2\FD-SW\cmd #
#                    build\Rel\project_FFP/mndiagprocff.o                     #
#                    C:\tfsbuildR\SVIFF\Release2\FD-SW\cmdbuild\Rel\project_F #
#                    FP/mntbmspff.o C:\tfsbuildR\SVIFF\Release2\FD-SW\cmdbuil #
#                    d\Rel\project_FFP/mn_fstate.o                            #
#                    C:\tfsbuildR\SVIFF\Release2\FD-SW\cmdbuild\Rel\project_F #
#                    FP/mn_xd_errors.o C:\tfsbuildR\SVIFF\Release2\FD-SW\cmdb #
#                    uild\Rel\project_FFP/mn_errorbits.o                      #
#                    C:\tfsbuildR\SVIFF\Release2\FD-SW\cmdbuild\Rel\project_F #
#                    FP/mn_ui_access_control.o C:\tfsbuildR\SVIFF\Release2\FD #
#                    -SW\cmdbuild\Rel\project_FFP/mnipcff.o                   #
#                    C:\tfsbuildR\SVIFF\Release2\FD-SW\cmdbuild\Rel\project_F #
#                    FP/mn_supply_pressure_alert.o                            #
#                    C:\tfsbuildR\SVIFF\Release2\FD-SW\cmdbuild\Rel\project_F #
#                    FP/mn_pressure_extremes.o C:\tfsbuildR\SVIFF\Release2\FD #
#                    -SW\cmdbuild\Rel\project_FFP/mn_ip_drive_current_alert.o #
#                     C:\tfsbuildR\SVIFF\Release2\FD-SW\cmdbuild\Rel\project_ #
#                    FFP/mn_factory_defaults.o C:\tfsbuildR\SVIFF\Release2\FD #
#                    -SW\cmdbuild\Rel\project_FFP/appl_ptb.o                  #
#                    C:\tfsbuildR\SVIFF\Release2\FD-SW\cmdbuild\Rel\project_F #
#                    FP/ffactoryuse.o C:\tfsbuildR\SVIFF\Release2\FD-SW\cmdbu #
#                    ild\Rel\project_FFP/mn_temperature_alert.o               #
#                    C:\tfsbuildR\SVIFF\Release2\FD-SW\cmdbuild\Rel\project_F #
#                    FP/mn_remote_sensor.o C:\tfsbuildR\SVIFF\Release2\FD-SW\ #
#                    cmdbuild\Rel\project_FFP/mn_checkproc.o                  #
#                    C:\tfsbuildR\SVIFF\Release2\FD-SW\cmdbuild\Rel\project_F #
#                    FP/mn_fwdl.o C:\tfsbuildR\SVIFF\Release2\FD-SW\cmdbuild\ #
#                    Rel\project_FFP/mn_fwdl_hart.o                           #
#                    C:\tfsbuildR\SVIFF\Release2\FD-SW\cmdbuild\Rel\project_F #
#                    FP/mn_hdr_validate.o C:\tfsbuildR\SVIFF\Release2\FD-SW\c #
#                    mdbuild\Rel\project_FFP/controller_pid.o                 #
#                    C:\tfsbuildR\SVIFF\Release2\FD-SW\cmdbuild\Rel\project_F #
#                    FP/mn_block_header.o C:\tfsbuildR\SVIFF\Release2\FD-SW\c #
#                    mdbuild\Rel\project_FFP/mn_deviation_alert.o             #
#                    C:\tfsbuildR\SVIFF\Release2\FD-SW\cmdbuild\Rel\project_F #
#                    FP/mn_advanced.o C:\tfsbuildR\SVIFF\Release2\FD-SW\cmdbu #
#                    ild\Rel\project_FFP/mn_diagnostic_configuration.o        #
#                    C:\tfsbuildR\SVIFF\Release2\FD-SW\cmdbuild\Rel\project_F #
#                    FP/eep_blk3.o C:\tfsbuildR\SVIFF\Release2\FD-SW\cmdbuild #
#                    \Rel\project_FFP/mn_failed_state.o                       #
#                    C:\tfsbuildR\SVIFF\Release2\FD-SW\cmdbuild\Rel\project_F #
#                    FP/mn_flash_selftest.o C:\tfsbuildR\SVIFF\Release2\FD-SW #
#                    \cmdbuild\Rel\project_FFP/ffp_hmac.o                     #
#                    C:\tfsbuildR\SVIFF\Release2\FD-SW\cmdbuild\Rel\project_F #
#                    FP/fault2alert.o C:\tfsbuildR\SVIFF\Release2\FD-SW\cmdbu #
#                    ild\Rel\project_FFP/ffbl_cs.o                            #
#                    C:\tfsbuildR\SVIFF\Release2\FD-SW\cmdbuild\Rel\project_F #
#                    FP/hm.o C:\tfsbuildR\SVIFF\Release2\FD-SW\cmdbuild\Rel\p #
#                    roject_FFP/hm_if.o C:\tfsbuildR\SVIFF\Release2\FD-SW\cmd #
#                    build\Rel\project_FFP/hm_task.o                          #
#                    C:\tfsbuildR\SVIFF\Release2\FD-SW\cmdbuild\Rel\project_F #
#                    FP/hm_dma.o C:\tfsbuildR\SVIFF\Release2\FD-SW\cmdbuild\R #
#                    el\project_FFP/hw_init.o C:\tfsbuildR\SVIFF\Release2\FD- #
#                    SW\cmdbuild\Rel\project_FFP/hw_periph_cfg.o              #
#                    C:\tfsbuildR\SVIFF\Release2\FD-SW\cmdbuild\Rel\project_F #
#                    FP/hw_intr.o C:\tfsbuildR\SVIFF\Release2\FD-SW\cmdbuild\ #
#                    Rel\project_FFP/hw_hm.o C:\tfsbuildR\SVIFF\Release2\FD-S #
#                    W\cmdbuild\Rel\project_FFP/stubs_app.o                   #
#                    C:\tfsbuildR\SVIFF\Release2\FD-SW\cmdbuild\Rel\project_F #
#                    FP/hw_i2c.o C:\tfsbuildR\SVIFF\Release2\FD-SW\cmdbuild\R #
#                    el\project_FFP/hw_io.o C:\tfsbuildR\SVIFF\Release2\FD-SW #
#                    \cmdbuild\Rel\project_FFP/hw_os.o                        #
#                    C:\tfsbuildR\SVIFF\Release2\FD-SW\cmdbuild\Rel\project_F #
#                    FP/hw_tim.o C:\tfsbuildR\SVIFF\Release2\FD-SW\cmdbuild\R #
#                    el\project_FFP/eep_if.o C:\tfsbuildR\SVIFF\Release2\FD-S #
#                    W\cmdbuild\Rel\project_FFP/osif_mn.o                     #
#                    C:\tfsbuildR\SVIFF\Release2\FD-SW\cmdbuild\Rel\project_F #
#                    FP/osif_tsk.o C:\tfsbuildR\SVIFF\Release2\FD-SW\cmdbuild #
#                    \Rel\project_FFP/osif_tim.o                              #
#                    C:\tfsbuildR\SVIFF\Release2\FD-SW\cmdbuild\Rel\project_F #
#                    FP/osif_cfg.o C:\tfsbuildR\SVIFF\Release2\FD-SW\cmdbuild #
#                    \Rel\project_FFP/xmtx.o C:\tfsbuildR\SVIFF\Release2\FD-S #
#                    W\cmdbuild\Rel\project_FFP/misc.o                        #
#                    C:\tfsbuildR\SVIFF\Release2\FD-SW\cmdbuild\Rel\project_F #
#                    FP/stm32f10x_exti.o C:\tfsbuildR\SVIFF\Release2\FD-SW\cm #
#                    dbuild\Rel\project_FFP/stm32f10x_fsmc.o                  #
#                    C:\tfsbuildR\SVIFF\Release2\FD-SW\cmdbuild\Rel\project_F #
#                    FP/stm32f10x_gpio.o C:\tfsbuildR\SVIFF\Release2\FD-SW\cm #
#                    dbuild\Rel\project_FFP/stm32f10x_rcc.o                   #
#                    C:\tfsbuildR\SVIFF\Release2\FD-SW\cmdbuild\Rel\project_F #
#                    FP/stm32f10x_tim.o C:\tfsbuildR\SVIFF\Release2\FD-SW\cmd #
#                    build\Rel\project_FFP/stm32f10x_usart.o                  #
#                    C:\tfsbuildR\SVIFF\Release2\FD-SW\cmdbuild\Rel\project_F #
#                    FP/selftest.o C:\tfsbuildR\SVIFF\Release2\FD-SW\cmdbuild #
#                    \Rel\project_FFP/chsum.o C:\tfsbuildR\SVIFF\Release2\FD- #
#                    SW\cmdbuild\Rel\project_FFP/bufutils.o                   #
#                    C:\tfsbuildR\SVIFF\Release2\FD-SW\cmdbuild\Rel\project_F #
#                    FP/crc.o C:\tfsbuildR\SVIFF\Release2\FD-SW\cmdbuild\Rel\ #
#                    project_FFP/sha256.o C:\tfsbuildR\SVIFF\Release2\FD-SW\c #
#                    mdbuild\Rel\project_FFP/cortextrapc.o                    #
#                    C:\tfsbuildR\SVIFF\Release2\FD-SW\cmdbuild\Rel\project_F #
#                    FP/mncbdefs.o C:\tfsbuildR\SVIFF\Release2\FD-SW\cmdbuild #
#                    \Rel\project_FFP/verinfo.o C:\tfsbuildR\SVIFF\Release2\F #
#                    D-SW\cmdbuild\Rel\project_FFP/stm_flash.o                #
#                    C:\tfsbuildR\SVIFF\Release2\FD-SW\cmdbuild\Rel\project_F #
#                    FP/stm_timer.o C:\tfsbuildR\SVIFF\Release2\FD-SW\cmdbuil #
#                    d\Rel\project_FFP/stm_watchdogff.o                       #
#                    C:\tfsbuildR\SVIFF\Release2\FD-SW\cmdbuild\Rel\project_F #
#                    FP/cortextrap.o C:\tfsbuildR\SVIFF\Release2\FD-SW\cmdbui #
#                    ld\Rel\project_FFP/endofimage.o                          #
#                    C:\tfsbuildR\SVIFF\Release2\FD-SW\cmdbuild\Rel\project_F #
#                    FP/poschrtab.o C:\tfsbuildR\SVIFF\Release2\FD-SW\cmdbuil #
#                    d\Rel\project_FFP/mnassert.o) --redirect                 #
#                    fbs_call_fdev_funct=mnfbs_call_fdev_funct --redirect     #
#                    fdc_wd_reset_wd_counter=mnfdc_wd_reset_wd_counter        #
#                    --config_def ROMSTART=0x08080800 --config_def            #
#                    ROMEND=0x080F7777 --config_def RAMSTART=0x20000000       #
#                    --config_def RAMEND=0x20013FFF --map                     #
#                    C:\tfsbuildR\SVIFF\Release2\FD-SW\cmdbuild\Rel\project_F #
#                    FP\FFP_1.map --log initialization,modules,sections,venee #
#                    rs --log_file C:\tfsbuildR\SVIFF\Release2\FD-SW\cmdbuild #
#                    \Rel\project_FFP\FFP_1.log --config                      #
#                    C:\tfsbuildR\SVIFF\Release2\FD-SW\mncblink.icf --entry   #
#                    __iar_program_start _embOS_CortexM_IAR/Start/Lib/os7m_tl #
#                    __S.a target/mak/FF_SVI_REL/lib/base.a                   #
#                    target/mak/FF_SVI_REL/lib/ffbs.a -o                      #
#                    C:\tfsbuildR\SVIFF\Release2\FD-SW\cmdbuild\Rel\project_F #
#                    FP\FFP_1.out.tmp                                         #
#                                                                             #
#                                                                             #
###############################################################################

*******************************************************************************
*** RUNTIME MODEL ATTRIBUTES
***

CppFlavor       = *
__Heap_Handler  = DLMalloc
__SystemLibrary = DLib


*******************************************************************************
*** PLACEMENT SUMMARY
***

"A1":  place at 0x08080800 {
          ro section .intvec, block __kernel_functions_block__ };
"P1":  place in [from 0x08080800 to 0x080f7777] {
          first block __const_data__, block __hw_code__, block __dbg_code__,
          block __eep_code__, block __osif_code__, block __cif_code__,
          block __fbs_code__, block __fbif_code__, block __fdev_code__,
          block __uta_code__, block __ddl_code__, block __fal_code__,
          block __fmg_code__, block __general_code__, ro,
          last block __mn_checksum__ };
"P2":  place in [from 0x20000000 to 0x20013fff] {
          zi, block OSIF_MEM, rw, first block CSTACK };
"P3":  place in [from 0x60000000 to 0x6007ffff] {
          last block HEAP, section EEP_IMAGE };

  Section               Kind        Address     Size  Object
  -------               ----        -------     ----  ------
"A1":                                          0x13c
  .intvec                        0x08080800    0x13c  <Block>
    .intvec             const    0x08080800    0x13c  hw_intr.o [1]
                               - 0x0808093c    0x13c

"P1":                                        0x44afc
  __const_data__                 0x0808093c  0x12808  <Block>
    .rodata             const    0x0808093c      0x4  ffbl_res.o [1]
    .rodata             const    0x08080940    0xd98  aifb.o [1]
    .rodata             const    0x080816d8    0xb9c  aofb.o [1]
    .rodata             const    0x08082274    0xd3c  arfb.o [1]
    .rodata             const    0x08082fb0    0x944  csfb.o [1]
    .rodata             const    0x080838f4    0x9b0  difb.o [1]
    .rodata             const    0x080842a4    0xa20  dofb.o [1]
    .rodata             const    0x08084cc4    0x604  fbif_dsc.o [1]
    .rodata             const    0x080852c8    0x634  instance.o [1]
    .rodata             const    0x080858fc    0x9b8  isfb.o [1]
    .rodata             const    0x080862b4    0x7d8  maifb.o [1]
    .rodata             const    0x08086a8c    0x9f0  osfb.o [1]
    .rodata             const    0x0808747c   0x16f4  pidfb.o [1]
    .rodata             const    0x08088b70   0x30d0  ptb.o [1]
    .rodata             const    0x0808bc40   0x1754  resb.o [1]
    .rodata             const    0x0808d394   0x3058  spec_ds.o [1]
    .rodata             const    0x080903ec     0x2c  appl_if.o [1]
    .rodata             const    0x08090418      0x4  mnhart2ff.o [1]
    .rodata             const    0x0809041c      0x4  mnhart2ff.o [1]
    .rodata             const    0x08090420     0x34  appl_ptb.o [1]
    .rodata             const    0x08090454      0x4  hw_os.o [1]
    .rodata             const    0x08090458    0x140  osif_cfg.o [1]
    .rodata             const    0x08090598   0x10e0  fbs_vfd.o [5]
    .rodata             const    0x08091678     0x6c  dll_lrx.o [3]
    .rodata             const    0x080916e4     0x6c  dll_ltim.o [3]
    .rodata             const    0x08091750   0x1474  mib.o [3]
    .rodata             const    0x08092bc4    0x1aa  fault2alert.o [1]
    .rodata             const    0x08092d6e     0x1c  mncbdefs.o [1]
    .rodata             const    0x08092d8a    0x1b8  poschrtab.o [1]
    .rodata             const    0x08092f42     0x21  appl_if.o [1]
    .rodata             const    0x08092f63     0x32  appl_if.o [1]
    .rodata             const    0x08092f95     0x39  appl_if.o [1]
    .rodata             const    0x08092fce     0x28  appl_dlh.o [1]
    .rodata             const    0x08092ff6     0x88  fmg.o [3]
    .rodata             const    0x0809307e     0xc6  dll_drx.o [3]
    .rodata             const    0x08093144      0x0  zero_init3.o [8]
    .rodata             const    0x08093144      0x0  copy_init3.o [8]
  __general_code__               0x08093148  0x1980c  <Block>
    .text               ro code  0x08093148    0x860  pow.o [6]
    .text               ro code  0x080939a8     0x42  xdnorm.o [6]
    .text               ro code  0x080939ea     0x7e  xdint.o [6]
    .text               ro code  0x08093a68     0x20  DblCmpEq.o [6]
    .text               ro code  0x08093a88      0xc  errno.o [4]
    .text               ro code  0x08093a94     0x2e  DblCmpGe.o [6]
    .text               ro code  0x08093ac2     0x22  zero_init3.o [8]
    .text               ro code  0x08093ae4     0x2e  DblCmpLe.o [6]
    .text               ro code  0x08093b12     0x2e  copy_init3.o [8]
    .text               ro code  0x08093b40    0x1a2  DblMul.o [6]
    .text               ro code  0x08093ce4     0xe8  DblAdd.o [6]
    .text               ro code  0x08093dcc     0x4c  DblToI32.o [6]
    .text               ro code  0x08093e18     0x30  I32ToDbl.o [6]
    .text               ro code  0x08093e48    0x180  DblSub.o [6]
    .text               ro code  0x08093fc8    0x246  DblDiv.o [6]
    .text               ro code  0x08094210     0xa8  xlog.o [6]
    .text               ro code  0x080942b8    0x2a4  xexp.o [6]
    .text               ro code  0x0809455c     0x18  xtls.o [7]
    .text               ro code  0x08094574     0x32  xdtest.o [6]
    .text               ro code  0x080945a8    0x10c  xdscale.o [6]
    .text               ro code  0x080946b4    0x524  ffbl_bas.o [1]
    .text               ro code  0x08094bd8     0xe6  FltSub.o [6]
    .text               ro code  0x08094cc0     0x4e  FltToDbl.o [6]
    .text               ro code  0x08094d10     0x90  DblToFlt.o [6]
    .text               ro code  0x08094da0     0x24  FltCmpLe.o [6]
    .text               ro code  0x08094dc4     0x1c  FltCmpEq.o [6]
    .text               ro code  0x08094de0     0xfc  FltDiv.o [6]
    .text               ro code  0x08094edc     0xd8  FltMul.o [6]
    .text               ro code  0x08094fb4     0x84  FltAdd.o [6]
    .text               ro code  0x08095038    0x7fe  osif_tsk.o [1]
    .text               ro code  0x08095838    0x1ac  mnassert.o [1]
    .text               ro code  0x080959e4     0xbc  osif_mn.o [1]
    .text               ro code  0x08095aa0     0x18  OSMAIL.o [7]
    .text               ro code  0x08095ab8    0x284  crc.o [1]
    .text               ro code  0x08095d3c     0x7c  OS_CreateTaskEx.o [7]
    .text               ro code  0x08095db8     0x76  ABImemcpy.o [8]
    .text               ro code  0x08095e30     0x48  OSEVENW.o [7]
    .text               ro code  0x08095e78     0x48  OSEVENS.o [7]
    .text               ro code  0x08095ec0    0x3ac  OSKERN.o [7]
    .text               ro code  0x0809626c     0xcc  selftest.o [1]
    .text               ro code  0x08096338     0x44  OSSETP.o [7]
    .text               ro code  0x0809637c     0x28  OSISTASK.o [7]
    .text               ro code  0x080963a4     0xec  rtos.o [7]
    .text               ro code  0x08096490   0x1408  dlmalloc.o [4]
    .text               ro code  0x08097898     0x10  OSEVENGE.o [7]
    .text               ro code  0x080978a8     0x4c  OSEVENWS.o [7]
    .text               ro code  0x080978f4     0xeb  mn_flash_selftest.o [1]
    .text               ro code  0x080979e0    0x3bf  hw_i2c.o [1]
    .text               ro code  0x08097da0     0x70  stubs_app.o [1]
    .text               ro code  0x08097e10     0x90  misc.o [1]
    .text               ro code  0x08097ea0    0x1d4  hw_init.o [1]
    .text               ro code  0x08098074     0x7c  hw_os.o [1]
    .text               ro code  0x080980f0    0xd40  eep_if.o [1]
    .text               ro code  0x08098e30    0x3b9  appl_if.o [1]
    .text               ro code  0x080991ec      0x6  ABImemclr4.o [8]
    .text               ro code  0x080991f4     0x66  ABImemset.o [8]
    .text               ro code  0x0809925c      0xc  OS_StackInfo.o [7]
    .text               ro code  0x08099268     0x1c  OS_InitMode.o [7]
    .text               ro code  0x08099284     0x16  chsum.o [1]
    .text               ro code  0x0809929a      0x6  abort.o [4]
    .text               ro code  0x080992a0     0x2c  xgetmemchunk.o [4]
    .text               ro code  0x080992cc    0x13c  hw_hm.o [1]
    .text               ro code  0x08099408    0x418  hm_task.o [1]
    .text               ro code  0x08099820     0xec  OSRSEM.o [7]
    .text               ro code  0x0809990c     0x2c  OSRSEMRQ.o [7]
    .text               ro code  0x08099938    0x38c  osif_tim.o [1]
    .text               ro code  0x08099cc4    0x118  stm32f10x_rcc.o [1]
    .text               ro code  0x08099ddc    0x5b8  hw_periph_cfg.o [1]
    .text               ro code  0x0809a394     0xe7  stm_watchdogff.o [1]
    .text               ro code  0x0809a47c     0x44  OS_TICK_Handle.o [7]
    .text               ro code  0x0809a4c0    0x210  hw_io.o [1]
    .text               ro code  0x0809a6d0     0x62  memcmp.o [8]
    .text               ro code  0x0809a734     0x3a  ABImemset48.o [8]
    .text               ro code  0x0809a770    0x328  appl_dlh.o [1]
    .text               ro code  0x0809aa98    0x138  eep_blk2.o [1]
    .text               ro code  0x0809abd0    0x184  eep_blk3.o [1]
    .text               ro code  0x0809ad54     0x88  hm_if.o [1]
    .text               ro code  0x0809addc    0x208  appl_dia.o [1]
    .text               ro code  0x0809afe4    0x5e7  ffbl_res.o [1]
    .text               ro code  0x0809b5cc     0x36  strlen.o [8]
    .text               ro code  0x0809b604      0xc  XXexit.o [8]
    .text               ro code  0x0809b610     0xe0  stm32f10x_usart.o [1]
    .text               ro code  0x0809b6f0    0x6a4  hm.o [1]
    .text               ro code  0x0809bd94     0x2c  OS_Wait.o [7]
    .text               ro code  0x0809bdc0     0x3c  OS_DeactivateP.o [7]
    .text               ro code  0x0809bdfc     0xb4  hw_tim.o [1]
    .text               ro code  0x0809beb0     0x28  OSTimeS.o [7]
    .text               ro code  0x0809bed8    0x178  OSTIME.o [7]
    .text               ro code  0x0809c050    0x1b4  stm32f10x_gpio.o [1]
    .text               ro code  0x0809c204     0x78  stm32f10x_exti.o [1]
    .text               ro code  0x0809c27c     0x20  stm32f10x_fsmc.o [1]
    .text               ro code  0x0809c29c    0x138  stm32f10x_tim.o [1]
    .text               ro code  0x0809c3d4     0x80  stm_timer.o [1]
    .text               ro code  0x0809c454     0x24  appl_svi_swdl.o [1]
    .text               ro code  0x0809c478      0xc  appl_dlh.o [1]
    .text               ro code  0x0809c484    0x520  mn_fwdl.o [1]
    .text               ro code  0x0809c9a4      0x6  ABImemclr.o [8]
    .text               ro code  0x0809c9ac    0x3c0  ffbl_fd.o [1]
    .text               ro code  0x0809cd6c    0xabc  appl_ptb.o [1]
    .text               ro code  0x0809d828    0x154  mnptberrors.o [1]
    .text               ro code  0x0809d97c    0x470  mnipcff.o [1]
    .text               ro code  0x0809ddec     0x88  hm_dma.o [1]
    .text               ro code  0x0809de74    0x27c  stm_flash.o [1]
    .text               ro code  0x0809e0f0    0x100  mn_fwdl_hart.o [1]
    .text               ro code  0x0809e1f0     0x80  ffp_hmac.o [1]
    .text               ro code  0x0809e270    0x390  sha256.o [1]
    .text               ro code  0x0809e600    0x566  mntbmspff.o [1]
    .text               ro code  0x0809eb68    0xb29  appl_alert.o [1]
    .text               ro code  0x0809f694    0x134  mn_working_times.o [1]
    .text               ro code  0x0809f7c8    0x318  mndoswff.o [1]
    .text               ro code  0x0809fae0     0x71  mn_errorbits.o [1]
    .text               ro code  0x0809fb54    0x3d0  mn_fstate.o [1]
    .text               ro code  0x0809ff24    0x44c  histogram.o [1]
    .text               ro code  0x080a0370    0x3a0  mn_trends.o [1]
    .text               ro code  0x080a0710    0x3f8  mn_advanced.o [1]
    .text               ro code  0x080a0b08    0x3c4  mncharactff.o [1]
    .text               ro code  0x080a0ecc    0x2e6  mnfindstopsff.o [1]
    .text               ro code  0x080a11b2    0x38a  mndiagprocff.o [1]
    .text               ro code  0x080a153c    0x39e  mnctllimff.o [1]
    .text               ro code  0x080a18dc    0x364  ctrl_param_set.o [1]
    .text               ro code  0x080a1c40     0x38  ui_language.o [1]
    .text               ro code  0x080a1c78     0x30  app_mode.o [1]
    .text               ro code  0x080a1ca8    0x270  pressure_range.o [1]
    .text               ro code  0x080a1f18    0x148  mn_actuator_3.o [1]
    .text               ro code  0x080a2060     0xbe  mn_ui_access_control.o [1]
    .text               ro code  0x080a2120    0x258  ffactoryuse.o [1]
    .text               ro code  0x080a2378     0xfc  mn_xd_errors.o [1]
    .text               ro code  0x080a2474     0xc4  mn_remote_sensor.o [1]
    .text               ro code  0x080a2538     0x24  mn_checkproc.o [1]
    .text               ro code  0x080a255c     0x3e  mn_block_header.o [1]
    .text               ro code  0x080a259c     0xa0  mn_cycle_counter_alert.o [1]
    .text               ro code  0x080a263c     0xa0  mn_travel_accumulation.o [1]
    .text               ro code  0x080a26dc     0x24  mn_clear_status.o [1]
    .text               ro code  0x080a2700    0x258  mn_travel_units.o [1]
    .text               ro code  0x080a2958    0x794  lui_ipc_variables.o [1]
    .text               ro code  0x080a30ec    0x10c  mn_near_closed_alert.o [1]
    .text               ro code  0x080a31f8    0x2d4  mn_supply_pressure_alert.o [1]
    .text               ro code  0x080a34cc     0x94  mn_ip_drive_current_alert.o [1]
    .text               ro code  0x080a3560     0x70  mn_temperature_alert.o [1]
    .text               ro code  0x080a35d0    0x178  mn_deviation_alert.o [1]
    .text               ro code  0x080a3748     0xe8  mn_diagnostic_configuration.o [1]
    .text               ro code  0x080a3830     0x2e  mn_failed_state.o [1]
    .text               ro code  0x080a3860     0xb0  mnfaultsimport.o [1]
    .text               ro code  0x080a3910     0x91  bufutils.o [1]
    .text               ro code  0x080a39a4     0x32  I32ToFlt.o [6]
    .text               ro code  0x080a39d6     0x62  mnhart2ff.o [1]
    .text               ro code  0x080a3a38     0x1e  U64Shr.o [8]
    .text               ro code  0x080a3a58     0x24  FltCmpGe.o [6]
    .text               ro code  0x080a3a7c     0x40  lroundf.o [6]
    .text               ro code  0x080a3abc     0x24  FltToU32.o [6]
    .text               ro code  0x080a3ae0     0x44  FltToS32.o [6]
    .text               ro code  0x080a3b24     0x34  floorf.o [6]
    .text               ro code  0x080a3b58     0x2a  xfdtest.o [6]
    .text               ro code  0x080a3b84     0x28  roundf.o [6]
    .text               ro code  0x080a3bac    0xbe4  ffbl_ai.o [1]
    .text               ro code  0x080a4790     0xf0  sqrt.o [6]
    .text               ro code  0x080a4880    0x136  ffbl_pai.o [1]
    .text               ro code  0x080a49b8      0xc  iarEdom.o [8]
    .text               ro code  0x080a49c4    0xe0c  ffbl_ao.o [1]
    .text               ro code  0x080a57d0     0x44  ffbl_pao.o [1]
    .text               ro code  0x080a5814    0x598  ffbl_mo.o [1]
    .text               ro code  0x080a5dac    0x6da  ffbl_di.o [1]
    .text               ro code  0x080a6488    0xbaa  ffbl_do.o [1]
    .text               ro code  0x080a7034    0xcbc  ffbl_ar.o [1]
    .text               ro code  0x080a7cf0    0x708  ffbl_is.o [1]
    .text               ro code  0x080a83f8    0xc2c  ffbl_os.o [1]
    .text               ro code  0x080a9024   0x1aec  ffbl_pid.o [1]
    .text               ro code  0x080aab10     0x14  ffbl_krn.o [1]
    .text               ro code  0x080aab24    0x902  controller_pid.o [1]
    .text               ro code  0x080ab428     0x20  spec_ds.o [1]
    .text               ro code  0x080ab448    0x104  appl_res.o [1]
    .text               ro code  0x080ab54c    0x29a  mn_factory_defaults.o [1]
    .text               ro code  0x080ab7e6     0x38  mn_grant_deny.o [1]
    .text               ro code  0x080ab820    0x3ac  mnptbexec.o [1]
    .text               ro code  0x080abbcc    0x776  ffbl_cs.o [1]
    .text               ro code  0x080ac344     0x74  hw_intr.o [1]
    .text               ro code  0x080ac3b8     0x28  cortextrapc.o [1]
    .text               ro code  0x080ac3e0     0x2c  cortextrap.o [1]
    .text               ro code  0x080ac40c     0x42  strcmp.o [8]
    .text               ro code  0x080ac450     0x20  srand.o [4]
    .text               ro code  0x080ac470     0xe0  rand.o [4]
    .text               ro code  0x080ac550     0x16  cmain.o [8]
    .text               ro code  0x080ac568     0x28  data_init.o [8]
    .text               ro code  0x080ac590      0x4  exit.o [4]
    .text               ro code  0x080ac594      0xa  cexit.o [8]
    .text               ro code  0x080ac59e    0x388  ffbl_mai.o [1]
    .text               ro code  0x080ac926     0x1a  appl_nrv.o [1]
    .text               ro code  0x080ac940      0xc  cstartup_M.o [8]
    .text               ro code  0x080ac94c      0x8  labs.o [4]
  CODE                  ro code  0x080ac954     0x5c  hw_init.o [1]
  CODE                  ro code  0x080ac9b0      0x2  hw_intr.o [1]
  tmp_code              ro code  0x080ac9b4    0x81c  tmp_hi.o [3]
  tmp_code              ro code  0x080ad1d0    0x22c  tmp_lo.o [3]
  __cif_code__                   0x080ad3fc    0x8b4  <Block>
    cif_code            ro code  0x080ad3fc    0x738  fdc.o [3]
    cif_code            ro code  0x080adb34    0x178  fdc_bgd.o [3]
    cif_code            ro code  0x080adcac      0x4  fdc_wd.o [3]
  __fbs_code__                   0x080adcb0   0x8990  <Block>
    fbs_code            ro code  0x080adcb0    0xe56  fbs_alt.o [5]
    fbs_code            ro code  0x080aeb08    0x175  fbs_blk.o [5]
    fbs_code            ro code  0x080aec80    0xd80  fbs_vfd.o [5]
    fbs_code            ro code  0x080afa00    0x918  fbs_acc.o [5]
    fbs_code            ro code  0x080b0318    0x348  fbs_if.o [5]
    fbs_code            ro code  0x080b0660   0x1da0  fbs_run.o [5]
    fbs_code            ro code  0x080b2400    0x990  fbs_init.o [5]
    fbs_code            ro code  0x080b2d90    0x86c  fbs_od.o [5]
    fbs_code            ro code  0x080b35fc    0x258  fbs_fbif.o [5]
    fbs_code            ro code  0x080b3854    0xf6c  fbs_nv.o [5]
    fbs_code            ro code  0x080b47c0    0x13c  fbs_scd.o [5]
    fbs_code            ro code  0x080b48fc   0x1228  fbs_mvc.o [5]
    fbs_code            ro code  0x080b5b24    0x37c  fbs_trd.o [5]
    fbs_code            ro code  0x080b5ea0    0x7a0  fbs_rw.o [5]
  __ddl_code__                   0x080b6640   0x6afc  <Block>
    dll_code            ro code  0x080b6640    0xca4  dll_spc4.o [3]
    dll_code            ro code  0x080b72e4     0x14  dll_list.o [3]
    dll_code            ro code  0x080b72f8    0xb30  dll_lrx.o [3]
    dll_code            ro code  0x080b7e28    0x200  dll_bas.o [3]
    dll_code            ro code  0x080b8028    0xf02  dll_acc.o [3]
    dll_code            ro code  0x080b8f2c    0xf14  dll_drx.o [3]
    dll_code            ro code  0x080b9e40   0x13ac  dll_las.o [3]
    dll_code            ro code  0x080bb1ec    0x698  dll_ltx.o [3]
    dll_code            ro code  0x080bb884    0x2ac  dll_msg.o [3]
    dll_code            ro code  0x080bbb30    0x220  dll_cfg.o [3]
    dll_code            ro code  0x080bbd50   0x108c  dll_list.o [3]
    dll_code            ro code  0x080bcddc    0x1a4  dll_addr.o [3]
    dll_code            ro code  0x080bcf80    0x1bc  dll_ltim.o [3]
  __fal_code__                   0x080bd13c   0x365c  <Block>
    fal_code            ro code  0x080bd13c    0x410  faltsk.o [3]
    fal_code            ro code  0x080bd54c    0xcc0  falvcr.o [3]
    fal_code            ro code  0x080be20c    0x498  faltim.o [3]
    fal_code            ro code  0x080be6a4    0x15e  falsub.o [3]
    fal_code            ro code  0x080be804    0x418  falabt.o [3]
    fal_code            ro code  0x080bec1c     0xd0  falass.o [3]
    fal_code            ro code  0x080becec    0x7ee  faldll.o [3]
    fal_code            ro code  0x080bf4da    0x58a  falfms.o [3]
    fal_code            ro code  0x080bfa64    0x538  fmscod.o [3]
    fal_code            ro code  0x080bff9c    0x248  fmsif.o [3]
    fal_code            ro code  0x080c01e4    0x3d6  falsrv.o [3]
    fal_code            ro code  0x080c05ba      0x4  falaux.o [3]
    fal_code            ro code  0x080c05be     0x1e  falopn.o [3]
    fal_code            ro code  0x080c05dc     0xe4  falpub.o [3]
    fal_code            ro code  0x080c06c0     0xd8  falsnd.o [3]
  __fmg_code__                   0x080c0798   0x4996  <Block>
    fmg_code            ro code  0x080c0798    0xa33  smdls.o [3]
    fmg_code            ro code  0x080c11cc   0x13dc  sm.o [3]
    fmg_code            ro code  0x080c25a8    0x544  smtim.o [3]
    fmg_code            ro code  0x080c2aec    0x388  nmvcr.o [3]
    fmg_code            ro code  0x080c2e74    0x658  nmod.o [3]
    fmg_code            ro code  0x080c34cc    0x268  nmif.o [3]
    fmg_code            ro code  0x080c3734    0x90c  nmdom.o [3]
    fmg_code            ro code  0x080c4040    0xf8c  nmcfg.o [3]
    fmg_code            ro code  0x080c4fcc    0x162  fmg.o [3]
  Initializer bytes     ro data  0x080c5130    0x238  <for P2 mid-1>
  Initializer bytes     ro data  0x080c5368     0x90  <for __DLIB_PERTHREAD-1>
  .iar.init_table       const    0x080c53f8     0x38  - Linker created -
  __mn_checksum__                0x080c5430      0x6  <Block>
    checksum            ro code  0x080c5430      0x6  endofimage.o [1]
                               - 0x080c5436  0x44afa

"P2":                                        0x12ac5
  CSTACK                         0x20000000   0x1000  <Block>
    CSTACK              uninit   0x20000000   0x1000  <Block tail>
  P2 mid-1                       0x20001000    0x238  <Init block>
    .data               inited   0x20001000     0x44  ffbl_fd.o [1]
    .data               inited   0x20001044     0x14  ffbl_fd.o [1]
    .data               inited   0x20001058      0x8  appl_if.o [1]
    .data               inited   0x20001060     0x3c  histogram.o [1]
    .data               inited   0x2000109c      0x4  mndoswff.o [1]
    .data               inited   0x200010a0      0x1  mnptbexec.o [1]
    .data               inited   0x200010a1      0x1  mnptbexec.o [1]
    .data               inited   0x200010a2      0x1  mnptbexec.o [1]
    .data               inited   0x200010a4      0x2  appl_alert.o [1]
    .data               inited   0x200010a8      0xc  mnptberrors.o [1]
    .data               inited   0x200010b4      0x4  mn_trends.o [1]
    .data               inited   0x200010b8      0x8  mn_trends.o [1]
    .data               inited   0x200010c0     0x68  mn_trends.o [1]
    .data               inited   0x20001128     0x11  mn_fstate.o [1]
    .data               inited   0x20001139      0x2  mnipcff.o [1]
    .data               inited   0x2000113c      0xc  appl_ptb.o [1]
    .data               inited   0x20001148      0x1  appl_ptb.o [1]
    .data               inited   0x2000114c     0x50  mn_fwdl.o [1]
    .data               inited   0x2000119c      0x4  mn_flash_selftest.o [1]
    .data               inited   0x200011a0      0x4  hm_task.o [1]
    .data               inited   0x200011a4     0x38  eep_if.o [1]
    .data               inited   0x200011dc     0x14  eep_if.o [1]
    .data               inited   0x200011f0      0x8  osif_tsk.o [1]
    .data               inited   0x200011f8     0x14  stm32f10x_rcc.o [1]
    .data               inited   0x2000120c     0x2c  OSGLOBAL.o [7]
  __DLIB_PERTHREAD               0x20001238     0x90  <Block>
    __DLIB_PERTHREAD-1           0x20001238     0x90  <Init block>
      __DLIB_PERTHREAD  inited   0x20001238     0x8c  rand.o [4]
      __DLIB_PERTHREAD  inited   0x200012c4      0x4  errno.o [4]
  .bss                  zero     0x200012c8     0x70  sha256.o [1]
  .bss                  zero     0x20001338     0x4c  mncharactff.o [1]
  .bss                  zero     0x20001384     0x4c  lui_ipc_variables.o [1]
  .bss                  zero     0x200013d0     0x12  lui_ipc_variables.o [1]
  .bss                  zero     0x200013e2      0x2  ffbl_res.o [1]
  .bss                  zero     0x200013e4     0x90  histogram.o [1]
  .bss                  zero     0x20001474      0x4  appl_alert.o [1]
  .bss                  zero     0x20001478      0x8  appl_alert.o [1]
  .bss                  zero     0x20001480     0x10  appl_alert.o [1]
  .bss                  zero     0x20001490     0x10  appl_alert.o [1]
  .bss                  zero     0x200014a0     0x10  appl_alert.o [1]
  .bss                  zero     0x200014b0      0x8  appl_alert.o [1]
  .bss                  zero     0x200014b8      0x8  appl_alert.o [1]
  .bss                  zero     0x200014c0    0x408  appl_alert.o [1]
  .bss                  zero     0x200018c8      0x4  mn_working_times.o [1]
  .bss                  zero     0x200018cc      0x4  mn_errorbits.o [1]
  .bss                  zero     0x200018d0      0x8  mnipcff.o [1]
  .bss                  zero     0x200018d8      0xc  appl_ptb.o [1]
  .bss                  zero     0x200018e4      0x8  appl_ptb.o [1]
  .bss                  zero     0x200018ec     0x22  mn_fwdl.o [1]
  .bss                  zero     0x2000190e      0x2  eep_if.o [1]
  .bss                  zero     0x20001910     0x34  mn_fwdl.o [1]
  .bss                  zero     0x20001944     0x3c  mn_fwdl_hart.o [1]
  .bss                  zero     0x20001980     0x3c  mn_fwdl_hart.o [1]
  .bss                  zero     0x200019bc     0x38  mn_advanced.o [1]
  .bss                  zero     0x200019f4     0x20  hm.o [1]
  .bss                  zero     0x20001a14     0x14  hm.o [1]
  .bss                  zero     0x20001a28     0x14  hw_init.o [1]
  .bss                  zero     0x20001a3c      0xc  hw_init.o [1]
  .bss                  zero     0x20001a48      0x4  hw_intr.o [1]
  .bss                  zero     0x20001a4c      0x4  hw_i2c.o [1]
  .bss                  zero     0x20001a50     0x38  hw_i2c.o [1]
  .bss                  zero     0x20001a88     0x20  eep_if.o [1]
  .bss                  zero     0x20001aa8    0x5b4  osif_tsk.o [1]
  .bss                  zero     0x2000205c     0x10  osif_tsk.o [1]
  .bss                  zero     0x2000206c     0x78  osif_cfg.o [1]
  .bss                  zero     0x200020e4     0x30  osif_cfg.o [1]
  .bss                  zero     0x20002114     0x30  osif_cfg.o [1]
  .bss                  zero     0x20002144    0x168  osif_cfg.o [1]
  .bss                  zero     0x200022ac     0x78  osif_cfg.o [1]
  .bss                  zero     0x20002324     0x30  osif_cfg.o [1]
  .bss                  zero     0x20002354     0x78  osif_cfg.o [1]
  .bss                  zero     0x200023cc     0x18  selftest.o [1]
  .bss                  zero     0x200023e4    0x100  sha256.o [1]
  .bss                  zero     0x200024e4     0x10  stm_flash.o [1]
  .bss                  zero     0x200024f4      0x8  stm_watchdogff.o [1]
  .bss                  zero     0x200024fc      0x4  mnassert.o [1]
  .bss                  zero     0x20002500     0x50  smdls.o [3]
  .bss                  zero     0x20002550     0x2c  smdls.o [3]
  .bss                  zero     0x2000257c     0x21  smdls.o [3]
  .bss                  zero     0x2000259d      0x2  appl_res.o [1]
  .bss                  zero     0x2000259f      0x1  mncharactff.o [1]
  .bss                  zero     0x200025a0      0x4  OSGLOBAL.o [7]
  .bss                  zero     0x200025a4      0x4  OSGLOBAL.o [7]
  .bss                  zero     0x200025a8      0x4  OSGLOBAL.o [7]
  .bss                  zero     0x200025ac      0x4  OSTERM.o [7]
  .bss                  zero     0x200025b0    0x140  tmp_hi.o [3]
  .bss                  zero     0x200026f0     0x18  dlmalloc.o [4]
  .bss                  zero     0x20002708    0x1d4  dlmalloc.o [4]
  .bss                  zero     0x200028dc      0x4  xgetmemchunk.o [4]
  .bss                  zero     0x200028e0      0x1  lui_ipc_variables.o [1]
  .bss                  zero     0x200028e1      0x1  mnipcff.o [1]
  .bss                  zero     0x200028e2      0x1  appl_ptb.o [1]
  .bss                  zero     0x200028e3      0x1  stubs_app.o [1]
  .bss                  zero     0x200028e4      0x1  hw_io.o [1]
  .bss                  zero     0x200028e5      0x1  OSGLOBAL.o [7]
  .bss                  zero     0x200028e6      0x1  OSGLOBAL.o [7]
  .noinit               uninit   0x200028e8     0x14  ffbl_bas.o [1]
  .noinit               uninit   0x200028fc      0xc  ffbl_ai.o [1]
  .noinit               uninit   0x20002908     0x1c  ffbl_pai.o [1]
  .noinit               uninit   0x20002924     0x34  ffbl_mo.o [1]
  .noinit               uninit   0x20002958      0x4  ffbl_ar.o [1]
  .noinit               uninit   0x2000295c    0x288  instance.o [1]
  .noinit               uninit   0x20002be4    0x190  instance.o [1]
  .noinit               uninit   0x20002d74    0x190  instance.o [1]
  .noinit               uninit   0x20002f04    0x190  instance.o [1]
  .noinit               uninit   0x20003094    0x12c  instance.o [1]
  .noinit               uninit   0x200031c0     0xd8  instance.o [1]
  .noinit               uninit   0x20003298     0xd8  instance.o [1]
  .noinit               uninit   0x20003370     0xc0  instance.o [1]
  .noinit               uninit   0x20003430     0xc0  instance.o [1]
  .noinit               uninit   0x200034f0     0xdc  instance.o [1]
  .noinit               uninit   0x200035cc    0x26c  instance.o [1]
  .noinit               uninit   0x20003838    0x26c  instance.o [1]
  .noinit               uninit   0x20003aa4     0xe0  instance.o [1]
  .noinit               uninit   0x20003b84    0x118  instance.o [1]
  .noinit               uninit   0x20003c9c    0xaa4  instance.o [1]
  .noinit               uninit   0x20004740     0xf4  instance.o [1]
  .noinit               uninit   0x20004834    0x134  instance.o [1]
  .noinit               uninit   0x20004968     0x4c  appl_dia.o [1]
  .noinit               uninit   0x200049b4     0xa4  appl_dlh.o [1]
  .noinit               uninit   0x20004a58     0x24  appl_svi_swdl.o [1]
  .noinit               uninit   0x20004a7c      0xc  appl_alert.o [1]
  .noinit               uninit   0x20004a88     0xc8  appl_ptb.o [1]
  .noinit               uninit   0x20004b50     0x20  hm.o [1]
  .noinit               uninit   0x20004b70     0x7c  hm.o [1]
  .noinit               uninit   0x20004bec     0x7c  hm.o [1]
  .noinit               uninit   0x20004c68     0xd8  hm_task.o [1]
  .noinit               uninit   0x20004d40     0x20  hm_task.o [1]
  .noinit               uninit   0x20004d60      0xc  hm_task.o [1]
  .noinit               uninit   0x20004d6c      0x4  hw_init.o [1]
  .noinit               uninit   0x20004d70    0x140  eep_if.o [1]
  .noinit               uninit   0x20004eb0      0xc  eep_if.o [1]
  .noinit               uninit   0x20004ebc     0x18  osif_mn.o [1]
  .noinit               uninit   0x20004ed4    0x134  osif_tsk.o [1]
  .noinit               uninit   0x20005008    0x18c  osif_tim.o [1]
  .noinit               uninit   0x20005194      0xc  osif_tim.o [1]
  .noinit               uninit   0x200051a0    0x100  osif_cfg.o [1]
  .noinit               uninit   0x200052a0    0x300  osif_cfg.o [1]
  .noinit               uninit   0x200055a0    0x200  osif_cfg.o [1]
  .noinit               uninit   0x200057a0    0x100  osif_cfg.o [1]
  .noinit               uninit   0x200058a0    0x280  osif_cfg.o [1]
  .noinit               uninit   0x20005b20    0x800  osif_cfg.o [1]
  .noinit               uninit   0x20006320    0x600  osif_cfg.o [1]
  .noinit               uninit   0x20006920    0x300  osif_cfg.o [1]
  .noinit               uninit   0x20006c20    0x300  osif_cfg.o [1]
  .noinit               uninit   0x20006f20    0x500  osif_cfg.o [1]
  .noinit               uninit   0x20007420      0xc  mnassert.o [1]
  .noinit               uninit   0x2000742c     0x90  fbs_alt.o [5]
  .noinit               uninit   0x200074bc    0x324  fbs_fbif.o [5]
  .noinit               uninit   0x200077e0    0x280  fbs_fbif.o [5]
  .noinit               uninit   0x20007a60     0x10  fbs_run.o [5]
  .noinit               uninit   0x20007a70     0x64  fbs_run.o [5]
  .noinit               uninit   0x20007ad4     0x30  fbs_nv.o [5]
  .noinit               uninit   0x20007b04    0x220  fbs_nv.o [5]
  .noinit               uninit   0x20007d24     0x40  fbs_nv.o [5]
  .noinit               uninit   0x20007d64      0x4  fbs_nv.o [5]
  .noinit               uninit   0x20007d68      0x8  fdc.o [3]
  .noinit               uninit   0x20007d70     0x48  fdc.o [3]
  .noinit               uninit   0x20007db8     0x14  fdc.o [3]
  .noinit               uninit   0x20007dcc     0x14  smdls.o [3]
  .noinit               uninit   0x20007de0     0x50  sm.o [3]
  .noinit               uninit   0x20007e30    0x714  sm.o [3]
  .noinit               uninit   0x20008544     0x2c  dll_spc4.o [3]
  .noinit               uninit   0x20008570     0x5c  fbs_init.o [5]
  .noinit               uninit   0x200085cc      0x8  fbs_init.o [5]
  .noinit               uninit   0x200085d4     0x28  fbs_init.o [5]
  .noinit               uninit   0x200085fc    0x1a0  fbs_vfd.o [5]
  .noinit               uninit   0x2000879c     0x3c  fbs_vfd.o [5]
  .noinit               uninit   0x200087d8     0x1e  fbs_vfd.o [5]
  .noinit               uninit   0x200087f6      0x2  stubs_app.o [1]
  .noinit               uninit   0x200087f8      0x4  fbs_vfd.o [5]
  .noinit               uninit   0x200087fc     0x28  fbs_vfd.o [5]
  .noinit               uninit   0x20008824     0x30  fbs_vfd.o [5]
  .noinit               uninit   0x20008854    0x100  fbs_vfd.o [5]
  .noinit               uninit   0x20008954    0x100  fbs_vfd.o [5]
  .noinit               uninit   0x20008a54    0x100  fbs_vfd.o [5]
  .noinit               uninit   0x20008b54   0x1180  fbs_vfd.o [5]
  .noinit               uninit   0x20009cd4     0x80  fbs_vfd.o [5]
  .noinit               uninit   0x20009d54     0x34  fbs_vfd.o [5]
  .noinit               uninit   0x20009d88     0x14  fbs_if.o [5]
  .noinit               uninit   0x20009d9c     0x24  fdc_bgd.o [3]
  .noinit               uninit   0x20009dc0      0x8  smtim.o [3]
  .noinit               uninit   0x20009dc8      0x4  fbs_trd.o [5]
  .noinit               uninit   0x20009dcc     0x10  fbs_mvc.o [5]
  .noinit               uninit   0x20009ddc    0x180  fbs_mvc.o [5]
  .noinit               uninit   0x20009f5c    0x180  fbs_mvc.o [5]
  .noinit               uninit   0x2000a0dc    0x100  fbs_mvc.o [5]
  .noinit               uninit   0x2000a1dc     0x20  fbs_scd.o [5]
  .noinit               uninit   0x2000a1fc      0x8  nmcfg.o [3]
  .noinit               uninit   0x2000a204     0x34  nmcfg.o [3]
  .noinit               uninit   0x2000a238      0xc  dll_cfg.o [3]
  .noinit               uninit   0x2000a244      0x8  dll_cfg.o [3]
  .noinit               uninit   0x2000a24c      0x4  dll_bas.o [3]
  .noinit               uninit   0x2000a250      0x4  dll_bas.o [3]
  .noinit               uninit   0x2000a254      0x4  dll_bas.o [3]
  .noinit               uninit   0x2000a258      0x4  dll_bas.o [3]
  .noinit               uninit   0x2000a25c     0x78  dll_bas.o [3]
  .noinit               uninit   0x2000a2d4    0x33c  dll_bas.o [3]
  .noinit               uninit   0x2000a610     0x10  dll_bas.o [3]
  .noinit               uninit   0x2000a620      0x4  dll_bas.o [3]
  .noinit               uninit   0x2000a624      0x4  dll_bas.o [3]
  .noinit               uninit   0x2000a628      0x4  dll_bas.o [3]
  .noinit               uninit   0x2000a62c      0x4  dll_bas.o [3]
  .noinit               uninit   0x2000a630    0x6a8  dll_bas.o [3]
  .noinit               uninit   0x2000acd8      0x4  dll_bas.o [3]
  .noinit               uninit   0x2000acdc     0x20  dll_bas.o [3]
  .noinit               uninit   0x2000acfc     0x20  dll_bas.o [3]
  .noinit               uninit   0x2000ad1c      0x8  dll_bas.o [3]
  .noinit               uninit   0x2000ad24      0x8  dll_bas.o [3]
  .noinit               uninit   0x2000ad2c     0x20  dll_bas.o [3]
  .noinit               uninit   0x2000ad4c    0x100  dll_bas.o [3]
  .noinit               uninit   0x2000ae4c      0xc  dll_bas.o [3]
  .noinit               uninit   0x2000ae58     0x10  dll_bas.o [3]
  .noinit               uninit   0x2000ae68     0x14  dll_bas.o [3]
  .noinit               uninit   0x2000ae7c      0x8  dll_bas.o [3]
  .noinit               uninit   0x2000ae84     0x10  dll_bas.o [3]
  .noinit               uninit   0x2000ae94     0x88  dll_bas.o [3]
  .noinit               uninit   0x2000af1c      0xc  dll_bas.o [3]
  .noinit               uninit   0x2000af28     0x48  dll_bas.o [3]
  .noinit               uninit   0x2000af70     0x48  dll_bas.o [3]
  .noinit               uninit   0x2000afb8    0x100  dll_bas.o [3]
  .noinit               uninit   0x2000b0b8    0x3c0  dll_bas.o [3]
  .noinit               uninit   0x2000b478    0x1e0  dll_bas.o [3]
  .noinit               uninit   0x2000b658    0x230  dll_bas.o [3]
  .noinit               uninit   0x2000b888   0x1804  dll_bas.o [3]
  .noinit               uninit   0x2000d08c     0x24  dll_las.o [3]
  .noinit               uninit   0x2000d0b0    0x100  dll_las.o [3]
  .noinit               uninit   0x2000d1b0      0x8  dll_las.o [3]
  .noinit               uninit   0x2000d1b8     0x20  dll_las.o [3]
  .noinit               uninit   0x2000d1d8     0x20  dll_las.o [3]
  .noinit               uninit   0x2000d1f8     0x20  dll_las.o [3]
  .noinit               uninit   0x2000d218      0x8  dll_las.o [3]
  .noinit               uninit   0x2000d220     0x50  faltsk.o [3]
  .noinit               uninit   0x2000d270   0x32fc  falvcr.o [3]
  .noinit               uninit   0x2001056c    0xa28  falvcr.o [3]
  .noinit               uninit   0x20010f94     0x14  falvcr.o [3]
  .noinit               uninit   0x20010fa8      0xc  fmg.o [3]
  .noinit               uninit   0x20010fb4      0x8  fmg.o [3]
  .noinit               uninit   0x20010fbc      0x8  tmp_hi.o [3]
  .noinit               uninit   0x20010fc4      0x8  tmp_hi.o [3]
  .noinit               uninit   0x20010fcc     0x1c  nmif.o [3]
  .noinit               uninit   0x20010fe8     0x10  faltim.o [3]
  .noinit               uninit   0x20010ff8    0xfbc  faltim.o [3]
  .noinit               uninit   0x20011fb4     0x94  fbs_od.o [5]
  .noinit               uninit   0x20012048    0x3d8  nmvcr.o [3]
  .noinit               uninit   0x20012420     0x9c  dll_drx.o [3]
  .noinit               uninit   0x200124bc     0x17  dll_lrx.o [3]
  .noinit               uninit   0x200124d3      0x1  hm_if.o [1]
  .noinit               uninit   0x200124d4      0xc  dll_ltx.o [3]
  .noinit               uninit   0x200124e0     0x54  nmdom.o [3]
  .noinit               uninit   0x20012534     0x20  nmdom.o [3]
  .noinit               uninit   0x20012554    0x488  nmdom.o [3]
  .noinit               uninit   0x200129dc     0x18  faldll.o [3]
  .noinit               uninit   0x200129f4     0x14  nmod.o [3]
  .noinit               uninit   0x20012a08     0x88  nmod.o [3]
  .noinit               uninit   0x20012a90      0x2  dll_bas.o [3]
  .noinit               uninit   0x20012a92      0x2  dll_bas.o [3]
  .noinit               uninit   0x20012a94      0x2  dll_bas.o [3]
  .noinit               uninit   0x20012a96      0x2  dll_bas.o [3]
  .noinit               uninit   0x20012a98      0x2  dll_bas.o [3]
  .noinit               uninit   0x20012a9a      0x2  dll_bas.o [3]
  .noinit               uninit   0x20012a9c      0x2  dll_bas.o [3]
  .noinit               uninit   0x20012a9e      0x2  dll_bas.o [3]
  .noinit               uninit   0x20012aa0      0x2  dll_bas.o [3]
  .noinit               uninit   0x20012aa2      0x2  dll_bas.o [3]
  .noinit               uninit   0x20012aa4      0x2  dll_bas.o [3]
  .noinit               uninit   0x20012aa6      0x2  dll_bas.o [3]
  .noinit               uninit   0x20012aa8      0x2  dll_ltim.o [3]
  .noinit               uninit   0x20012aaa      0x1  fbs_blk.o [5]
  .noinit               uninit   0x20012aab      0x1  smtim.o [3]
  .noinit               uninit   0x20012aac      0x2  fbs_scd.o [5]
  .noinit               uninit   0x20012aae      0x1  dll_bas.o [3]
  .noinit               uninit   0x20012aaf      0x1  dll_bas.o [3]
  .noinit               uninit   0x20012ab0      0x1  dll_bas.o [3]
  .noinit               uninit   0x20012ab1      0x1  dll_bas.o [3]
  .noinit               uninit   0x20012ab2      0x1  dll_bas.o [3]
  .noinit               uninit   0x20012ab3      0x1  dll_bas.o [3]
  .noinit               uninit   0x20012ab4      0x1  dll_bas.o [3]
  .noinit               uninit   0x20012ab5      0x1  dll_bas.o [3]
  .noinit               uninit   0x20012ab6      0x1  dll_bas.o [3]
  .noinit               uninit   0x20012ab7      0x1  dll_bas.o [3]
  .noinit               uninit   0x20012ab8      0x1  dll_bas.o [3]
  .noinit               uninit   0x20012ab9      0x1  dll_bas.o [3]
  .noinit               uninit   0x20012aba      0x1  dll_bas.o [3]
  .noinit               uninit   0x20012abb      0x1  dll_bas.o [3]
  .noinit               uninit   0x20012abc      0x1  dll_bas.o [3]
  .noinit               uninit   0x20012abd      0x1  dll_bas.o [3]
  .noinit               uninit   0x20012abe      0x1  dll_bas.o [3]
  .noinit               uninit   0x20012abf      0x1  dll_bas.o [3]
  .noinit               uninit   0x20012ac0      0x5  nmvcr.o [3]
                               - 0x20012ac5  0x12ac5

"P3":                                        0x1bbf0
  EEP_IMAGE             uninit   0x60000000   0x7fec  eep_if.o [1]
  EEP_IMAGE             uninit   0x60007fec   0x1400  eep_if.o [1]
  EEP_IMAGE             uninit   0x600093ec   0x2800  eep_if.o [1]
  HEAP                           0x6000bbf0  0x10000  <Block>
    HEAP                uninit   0x6000bbf0  0x10000  <Block tail>
                               - 0x6001bbf0  0x1bbf0


*******************************************************************************
*** INIT TABLE
***

          Address     Size
          -------     ----
Zero (__iar_zero_init3)
    1 destination range, total size 0x161f:
          0x200012c8  0x161f

Copy (__iar_copy_init3)
    1 source range, total size 0x238:
          0x080c5130   0x238
    1 destination range, total size 0x238:
          0x20001000   0x238

Copy (__iar_copy_init3)
    1 source range, total size 0x90:
          0x080c5368    0x90
    1 destination range, total size 0x90:
          0x20001238    0x90



*******************************************************************************
*** MODULE SUMMARY
***

    Module                         ro code  ro data  rw data
    ------                         -------  -------  -------
C:\tfsbuildR\SVIFF\Release2\FD-SW\cmdbuild\Rel\project_FFP: [1]
    aifb.o                                    3 480
    aofb.o                                    2 972
    app_mode.o                          48
    appl_alert.o                     2 857        3    1 122
    appl_dia.o                         520                76
    appl_dlh.o                         820       40      164
    appl_if.o                          953      192        8
    appl_nrv.o                          26
    appl_ptb.o                       2 748       66      234
    appl_res.o                         260                 2
    appl_svi_swdl.o                     36                36
    arfb.o                                    3 388
    bufutils.o                         145
    chsum.o                             22
    controller_pid.o                 2 306
    cortextrap.o                        44
    cortextrapc.o                       40
    crc.o                              644
    csfb.o                                    2 372
    ctrl_param_set.o                   868
    difb.o                                    2 480
    dofb.o                                    2 592
    eep_blk2.o                         312
    eep_blk3.o                         388
    eep_if.o                         3 392       76   48 550
    endofimage.o                         6
    fault2alert.o                               426
    fbif_dsc.o                                1 540
    ffactoryuse.o                      600
    ffbl_ai.o                        3 044                12
    ffbl_ao.o                        3 596
    ffbl_ar.o                        3 260                 4
    ffbl_bas.o                       1 316                20
    ffbl_cs.o                        1 910
    ffbl_di.o                        1 754
    ffbl_do.o                        2 986
    ffbl_fd.o                          960       88       88
    ffbl_is.o                        1 800
    ffbl_krn.o                          20
    ffbl_mai.o                         904
    ffbl_mo.o                        1 432                52
    ffbl_os.o                        3 116
    ffbl_pai.o                         310                28
    ffbl_pao.o                          68
    ffbl_pid.o                       6 892
    ffbl_res.o                       1 511        4        2
    ffp_hmac.o                         128
    histogram.o                      1 100       60      204
    hm.o                             1 700               332
    hm_dma.o                           136
    hm_if.o                            136                 1
    hm_task.o                        1 048        4      264
    hw_hm.o                            316
    hw_i2c.o                           959                60
    hw_init.o                          560                36
    hw_intr.o                          118      316        4
    hw_io.o                            528                 1
    hw_os.o                            124        4
    hw_periph_cfg.o                  1 464
    hw_tim.o                           180
    instance.o                                1 588    8 204
    isfb.o                                    2 488
    lui_ipc_variables.o              1 940                95
    maifb.o                                   2 008
    misc.o                             144
    mn_actuator_3.o                    328
    mn_advanced.o                    1 016                56
    mn_block_header.o                   62
    mn_checkproc.o                      36
    mn_clear_status.o                   36
    mn_cycle_counter_alert.o           160
    mn_deviation_alert.o               376
    mn_diagnostic_configuration.o      232
    mn_errorbits.o                     113                 4
    mn_factory_defaults.o              666
    mn_failed_state.o                   46
    mn_flash_selftest.o                235        4        4
    mn_fstate.o                        976       17       17
    mn_fwdl.o                        1 312       83      166
    mn_fwdl_hart.o                     256               120
    mn_grant_deny.o                     56
    mn_ip_drive_current_alert.o        148
    mn_near_closed_alert.o             268
    mn_remote_sensor.o                 196
    mn_supply_pressure_alert.o         724
    mn_temperature_alert.o             112
    mn_travel_accumulation.o           160
    mn_travel_units.o                  600
    mn_trends.o                        928      116      116
    mn_ui_access_control.o             190
    mn_working_times.o                 308                 4
    mn_xd_errors.o                     252
    mnassert.o                         428                16
    mncbdefs.o                                   28
    mncharactff.o                      964                77
    mnctllimff.o                       926
    mndiagprocff.o                     906
    mndoswff.o                         792        4        4
    mnfaultsimport.o                   176
    mnfindstopsff.o                    742
    mnhart2ff.o                         98        8
    mnipcff.o                        1 136        2       11
    mnptberrors.o                      340       14       12
    mnptbexec.o                        940        3        3
    mntbmspff.o                      1 382
    osfb.o                                    2 544
    osif_cfg.o                                  320    9 696
    osif_mn.o                          188                24
    osif_tim.o                         908               408
    osif_tsk.o                       2 046        8    1 792
    pidfb.o                                   5 876
    poschrtab.o                                 440
    pressure_range.o                   624
    ptb.o                                    12 496
    resb.o                                    5 972
    selftest.o                         204                24
    sha256.o                           912               368
    spec_ds.o                           32   12 376
    stm32f10x_exti.o                   120
    stm32f10x_fsmc.o                    32
    stm32f10x_gpio.o                   436
    stm32f10x_rcc.o                    280       20       20
    stm32f10x_tim.o                    312
    stm32f10x_usart.o                  224
    stm_flash.o                        636                16
    stm_timer.o                        128
    stm_watchdogff.o                   231                 8
    stubs_app.o                        112                 3
    ui_language.o                       56
    --------------------------------------------------------
    Total:                          88 598   66 518   72 568

command line: [2]
    --------------------------------------------------------
    Total:

base.a: [3]
    dll_acc.o                        3 842
    dll_addr.o                         420
    dll_bas.o                          512            11 882
    dll_cfg.o                          544                20
    dll_drx.o                        3 860      198      156
    dll_las.o                        5 036               404
    dll_list.o                       4 256
    dll_lrx.o                        2 864      108       23
    dll_ltim.o                         444      108        2
    dll_ltx.o                        1 688                12
    dll_msg.o                          684
    dll_spc4.o                       3 236                44
    falabt.o                         1 048
    falass.o                           208
    falaux.o                             4
    faldll.o                         2 030                24
    falfms.o                         1 418
    falopn.o                            30
    falpub.o                           228
    falsnd.o                           216
    falsrv.o                           982
    falsub.o                           350
    faltim.o                         1 176             4 044
    faltsk.o                         1 040                80
    falvcr.o                         3 264            15 672
    fdc.o                            1 848               100
    fdc_bgd.o                          376                36
    fdc_wd.o                             4
    fmg.o                              354      136       20
    fmscod.o                         1 336
    fmsif.o                            584
    mib.o                                     5 236
    nmcfg.o                          3 980                60
    nmdom.o                          2 316             1 276
    nmif.o                             616                28
    nmod.o                           1 624               156
    nmvcr.o                            904               989
    sm.o                             5 084             1 892
    smdls.o                          2 611               177
    smtim.o                          1 348                 9
    tmp_hi.o                         2 076               336
    tmp_lo.o                           556
    --------------------------------------------------------
    Total:                          64 997    5 786   37 442

dl7M_tln.a: [4]
    abort.o                              6
    dlmalloc.o                       5 128               492
    errno.o                             12        4        4
    exit.o                               4
    labs.o                               8
    rand.o                             224      140      140
    srand.o                             32
    xgetmemchunk.o                      44                 4
    --------------------------------------------------------
    Total:                           5 458      144      640

ffbs.a: [5]
    fbs_acc.o                        2 328
    fbs_alt.o                        3 670               144
    fbs_blk.o                          373                 1
    fbs_fbif.o                         600             1 444
    fbs_if.o                           840                20
    fbs_init.o                       2 448               140
    fbs_mvc.o                        4 648             1 040
    fbs_nv.o                         3 948               660
    fbs_od.o                         2 156               148
    fbs_run.o                        7 584               116
    fbs_rw.o                         1 952
    fbs_scd.o                          316                34
    fbs_trd.o                          892                 4
    fbs_vfd.o                        3 456    4 320    6 026
    --------------------------------------------------------
    Total:                          35 211    4 320    9 777

m7M_tl.a: [6]
    DblAdd.o                           232
    DblCmpEq.o                          32
    DblCmpGe.o                          46
    DblCmpLe.o                          46
    DblDiv.o                           582
    DblMul.o                           418
    DblSub.o                           384
    DblToFlt.o                         144
    DblToI32.o                          76
    FltAdd.o                           132
    FltCmpEq.o                          28
    FltCmpGe.o                          36
    FltCmpLe.o                          36
    FltDiv.o                           252
    FltMul.o                           216
    FltSub.o                           230
    FltToDbl.o                          78
    FltToS32.o                          68
    FltToU32.o                          36
    I32ToDbl.o                          48
    I32ToFlt.o                          50
    floorf.o                            52
    lroundf.o                           64
    pow.o                            2 144
    roundf.o                            40
    sqrt.o                             240
    xdint.o                            126
    xdnorm.o                            66
    xdscale.o                          268
    xdtest.o                            50
    xexp.o                             676
    xfdtest.o                           42
    xlog.o                             168
    --------------------------------------------------------
    Total:                           7 106

os7m_tl__S.a: [7]
    OSEVENGE.o                          16
    OSEVENS.o                           72
    OSEVENW.o                           72
    OSEVENWS.o                          76
    OSGLOBAL.o                                   44       58
    OSISTASK.o                          40
    OSKERN.o                           940
    OSMAIL.o                            24
    OSRSEM.o                           236
    OSRSEMRQ.o                          44
    OSSETP.o                            68
    OSTERM.o                                               4
    OSTIME.o                           376
    OSTimeS.o                           40
    OS_CreateTaskEx.o                  124
    OS_DeactivateP.o                    60
    OS_InitMode.o                       28
    OS_StackInfo.o                      12
    OS_TICK_Handle.o                    68
    OS_Wait.o                           44
    rtos.o                             236
    xtls.o                              24
    --------------------------------------------------------
    Total:                           2 600       44       62

rt7M_tl.a: [8]
    ABImemclr.o                          6
    ABImemclr4.o                         6
    ABImemcpy.o                        118
    ABImemset.o                        102
    ABImemset48.o                       58
    U64Shr.o                            30
    XXexit.o                            12
    cexit.o                             10
    cmain.o                             22
    copy_init3.o                        46
    cstartup_M.o                        12
    data_init.o                         40
    iarEdom.o                           12
    memcmp.o                            98
    strcmp.o                            66
    strlen.o                            54
    zero_init3.o                        34
    --------------------------------------------------------
    Total:                             726

    Gaps                                84                 8
    Linker created                               58   69 632
------------------------------------------------------------
    Grand Total:                   204 780   76 870  190 129


*******************************************************************************
*** ENTRY LIST
***

Entry                      Address    Size  Type      Object
-----                      -------    ----  ----      ------
.intvec$$Base           0x08080800           --   Gb  - Linker created -
.intvec$$Limit          0x0808093c           --   Gb  - Linker created -
?main                   0x080ac551          Code  Gb  cmain.o [8]
ADCPrescTable           0x20001208     0x4  Data  Lc  stm32f10x_rcc.o [1]
APBAHBPrescTable        0x200011f8    0x10  Data  Lc  stm32f10x_rcc.o [1]
ActDataLen              0x20012428     0x2  Data  Lc  dll_drx.o [3]
ActFbcTimeId            0x20008547     0x1  Data  Lc  dll_spc4.o [3]
Addr                    0x2000a624     0x4  Data  Gb  dll_bas.o [3]
AddrMsk                 0x20012421     0x1  Data  Lc  dll_drx.o [3]
AddrOffs                0x20012422     0x1  Data  Lc  dll_drx.o [3]
AlarmConfXlate          0x0809d974     0x8  Data  Lc  mnptberrors.o [1]
AlertFunctionTable      0x0809f5bc    0xc8  Data  Lc  appl_alert.o [1]
AlertHandle_Counter     0x0809ed51    0xa6  Code  Lc  appl_alert.o [1]
AlertHandle_Deviation   0x0809f121    0xcc  Code  Lc  appl_alert.o [1]
AlertHandle_IPCurrent   0x0809ef39   0x110  Code  Lc  appl_alert.o [1]
AlertHandle_NearClosed  0x0809f089    0x98  Code  Lc  appl_alert.o [1]
AlertHandle_Position    0x0809ebd3    0xbc  Code  Lc  appl_alert.o [1]
AlertHandle_SPTimeout   0x0809eee7    0x52  Code  Lc  appl_alert.o [1]
AlertHandle_System      0x0809edfd    0xea  Code  Lc  appl_alert.o [1]
AlertHandle_TravelAcc   0x0809ec8f    0xc2  Code  Lc  appl_alert.o [1]
AlertHandle_WorkingTime
                        0x0809f049    0x40  Code  Lc  appl_alert.o [1]
Alert_AirSupply         0x0809f2a3    0x3a  Code  Gb  appl_alert.o [1]
Alert_Deviation         0x200014b8     0x8  Data  Lc  appl_alert.o [1]
Alert_ExpireAssertHook  0x0809f523    0x6c  Code  Gb  appl_alert.o [1]
Alert_IPCStateMachineExecuted
                        0x0809f1ed    0x16  Code  Gb  appl_alert.o [1]
Alert_IPCurHandle       0x200014a0    0x10  Data  Lc  appl_alert.o [1]
Alert_InitAlertLog      0x0809f49d    0x86  Code  Gb  appl_alert.o [1]
Alert_PositionHI        0x0809f2f3    0x16  Code  Gb  appl_alert.o [1]
Alert_PositionLO        0x0809f309    0x16  Code  Gb  appl_alert.o [1]
Alert_ReadAlertLogEntry
                        0x0809f3eb    0x5a  Code  Gb  appl_alert.o [1]
Alert_SPTimeout_TimeStamp
                        0x20001474     0x4  Data  Lc  appl_alert.o [1]
Alert_TravelDeviation   0x0809f2dd    0x16  Code  Gb  appl_alert.o [1]
Alert_WriteAlertLogEntry
                        0x0809f46d    0x30  Code  Gb  appl_alert.o [1]
AlertsEtcIF             0x200010a8     0xc  Data  Lc  mnptberrors.o [1]
Alerts_Stable           0x20001479     0x1  Data  Lc  appl_alert.o [1]
ApplDiag                0x20004968    0x4c  Data  Lc  appl_dia.o [1]
Appl_DeviceID           0x2000105c     0x4  Data  Lc  appl_if.o [1]
Appl_UpdateSerialNumber
                        0x080991b3     0x6  Code  Gb  appl_if.o [1]
Appl_activate_software  0x0809aa31    0x18  Code  Gb  appl_dlh.o [1]
[...]
resb_object_rs_state    0x0808c388    0x34  Data  Lc  resb.o [1]
resb_object_set_fstate  0x0808c800    0x34  Data  Lc  resb.o [1]
resb_object_shed_rcas   0x0808c764    0x34  Data  Lc  resb.o [1]
resb_object_shed_rout   0x0808c798    0x34  Data  Lc  resb.o [1]
resb_object_software_rev
                        0x0808cf50    0x34  Data  Lc  resb.o [1]
resb_object_software_rev_app
                        0x0808d054    0x34  Data  Lc  resb.o [1]
resb_object_software_rev_ff
                        0x0808d020    0x34  Data  Lc  resb.o [1]
resb_object_st_rev      0x0808c250    0x34  Data  Lc  resb.o [1]
resb_object_strategy    0x0808c2b8    0x34  Data  Lc  resb.o [1]
resb_object_tag_desc    0x0808c284    0x34  Data  Lc  resb.o [1]
resb_object_test_rw     0x0808c3bc    0x34  Data  Lc  resb.o [1]
resb_object_update_evt  0x0808c938    0x34  Data  Lc  resb.o [1]
resb_object_view_1_1    0x0808d088    0x78  Data  Gb  resb.o [1]
resb_object_view_2_1    0x0808d100    0x78  Data  Gb  resb.o [1]
resb_object_view_3_1    0x0808d178    0x78  Data  Gb  resb.o [1]
resb_object_view_4_1    0x0808d1f0    0x78  Data  Gb  resb.o [1]
resb_object_write_alm   0x0808ca3c    0x34  Data  Lc  resb.o [1]
resb_object_write_lock  0x0808c904    0x34  Data  Lc  resb.o [1]
resb_object_write_pri   0x0808ca08    0x34  Data  Lc  resb.o [1]
resb_param_dir          0x0808bec8   0x354  Data  Gb  resb.o [1]
reset_OnReset           0x08097dc1    0x26  Code  Gb  stubs_app.o [1]
reset_Warmstart         0x08097da1    0x20  Code  Gb  stubs_app.o [1]
restart_shell_conf_timer
                        0x080aea95    0x3c  Code  Lc  fbs_alt.o [5]
ri_frame                0x200124d4     0x4  Data  Lc  dll_ltx.o [3]
roundf                  0x080a3b85          Code  Gb  roundf.o [6]
rr_frame                0x200124bc    0x10  Data  Lc  dll_lrx.o [3]
rt_frame                0x20008558     0x4  Data  Lc  dll_spc4.o [3]
rx_gap                  0x20001a10     0x4  Data  Lc  hm.o [1]
rx_no_token_handler     0x080b7dd0    0x58  Data  Lc  dll_lrx.o [3]
rx_state                0x20001a0c     0x4  Data  Lc  hm.o [1]
sAdvancedBuffer         0x200019c0    0x34  Data  Lc  mn_advanced.o [1]
sbscr_stack             0x200055a0   0x200  Data  Lc  osif_cfg.o [1]
sched_charac            0x20012524    0x10  Data  Lc  nmdom.o [3]
sched_descr             0x20012534    0x18  Data  Lc  nmdom.o [3]
sched_table             0x2000a1dc    0x20  Data  Lc  fbs_scd.o [5]
se_cnt_psc              0x200028e4     0x1  Data  Lc  hw_io.o [1]
sec_eeprom_check        0x20010fc0     0x4  Data  Lc  tmp_hi.o [3]
segment_holding         0x08096491    0x1a  Code  Lc  dlmalloc.o [4]
select_input            0x080a80ed   0x302  Code  Lc  ffbl_is.o [1]
selftest_FlashCrc       0x080962b5    0x5a  Code  Gb  selftest.o [1]
selftest_FlashCrcMon    0x0809630f    0x1c  Code  Gb  selftest.o [1]
selftest_Init           0x0809629b    0x1a  Code  Gb  selftest.o [1]
selftest_RamDataIntegrity
                        0x0809626d    0x2e  Code  Gb  selftest.o [1]
send_buff               0x20004c78    0x64  Data  Lc  hm_task.o [1]
send_buffer             0x20001944    0x3c  Data  Lc  mn_fwdl_hart.o [1]
send_cd2                0x080ba8cd    0x6e  Code  Lc  dll_las.o [3]
send_las_status         0x080ba8a1    0x2c  Code  Lc  dll_las.o [3]
send_pt                 0x080ba93b    0x3a  Code  Lc  dll_las.o [3]
send_tl                 0x080ba975    0x1c  Code  Lc  dll_las.o [3]
send_trend_buffer       0x20007a70    0x64  Data  Lc  fbs_run.o [5]
serial_nr               0x08092f42    0x21  Data  Lc  appl_if.o [1]
set_good_nc_substatus   0x080a7c6d    0x20  Code  Lc  ffbl_ar.o [1]
set_macrocycle          0x080babe1    0x66  Code  Lc  dll_las.o [3]
sha256_final            0x0809e3ff    0xda  Code  Gb  sha256.o [1]
sha256_init             0x0809e3ad    0x16  Code  Gb  sha256.o [1]
sha256_transform        0x0809e271   0x13c  Code  Lc  sha256.o [1]
sha256_update           0x0809e3c3    0x3c  Code  Gb  sha256.o [1]
short_var_info_array    0x080a2e90    0xe4  Data  Gb  lui_ipc_variables.o [1]
sm_adm                  0x20007e30   0x1ac  Data  Gb  sm.o [3]
sm_check_if_block_is_scheduled
                        0x080c14eb    0x36  Code  Gb  sm.o [3]
sm_check_tags           0x080c1b2b    0x40  Code  Lc  sm.o [3]
sm_clear_addr           0x080c1a6d    0x60  Code  Lc  sm.o [3]
sm_config               0x20008284    0x48  Data  Lc  sm.o [3]
sm_connections_closed   0x080c182f    0xc4  Code  Gb  sm.o [3]
sm_directory            0x080c4f78    0x28  Data  Gb  nmcfg.o [3]
sm_eep_ptr              0x20010fb4     0x8  Data  Gb  fmg.o [3]
sm_enc_reply_tag        0x080c1cf5   0x16c  Code  Gb  sm.o [3]
sm_find_tag             0x080c1c1b    0xda  Code  Lc  sm.o [3]
sm_frame                0x200082cc   0x278  Data  Lc  sm.o [3]
sm_get_scd_offset       0x080c1521    0x40  Code  Gb  sm.o [3]
sm_handle_dll_msg       0x080c15db   0x206  Code  Gb  sm.o [3]
sm_identify             0x080c18f3    0x3e  Code  Lc  sm.o [3]
sm_ind                  0x20007de0    0x14  Data  Gb  sm.o [3]
sm_init                 0x080c11cd   0x132  Code  Gb  sm.o [3]
sm_mac_in_ring          0x080c1589    0x52  Code  Gb  sm.o [3]
sm_mib                  0x20008214    0x70  Data  Gb  sm.o [3]
sm_min_macrocycle       0x20007e2c     0x4  Data  Lc  sm.o [3]
sm_monitor              0x20010ff4     0x4  Data  Lc  faltim.o [3]
sm_msg_blocks           0x20008134    0xe0  Data  Lc  sm.o [3]
sm_proc_con             0x080c17e1    0x4e  Code  Lc  sm.o [3]
sm_read_obj             0x080c1e89    0x1a  Code  Gb  sm.o [3]
sm_read_record          0x080c1ff5   0x13c  Code  Lc  sm.o [3]
sm_read_simple_var      0x080c1ea3   0x146  Code  Lc  sm.o [3]
sm_send_reply_tag       0x080c1e61    0x20  Code  Gb  sm.o [3]
sm_set_addr             0x080c1acd    0x5e  Code  Lc  sm.o [3]
sm_set_node_address     0x080c1561    0x28  Code  Lc  sm.o [3]
sm_set_operational      0x080c1b6b    0xb0  Code  Lc  sm.o [3]
sm_set_pd_tag           0x080c1931   0x13c  Code  Lc  sm.o [3]
sm_start                0x080c12ff   0x1e0  Code  Gb  sm.o [3]
sm_start_list           0x20007e20     0x4  Data  Gb  sm.o [3]
sm_struct_1             0x080917da    0x9a  Data  Lc  mib.o [3]
sm_struct_2             0x08091874    0x9a  Data  Lc  mib.o [3]
sm_struct_dom_descr     0x080919a8    0x9a  Data  Lc  mib.o [3]
sm_struct_dom_hdr       0x0809190e    0x9a  Data  Lc  mib.o [3]
sm_struct_dwnld_prop    0x08091a42    0x9a  Data  Lc  mib.o [3]
sm_struct_mdom_descr    0x08091b76    0x9a  Data  Lc  mib.o [3]
sm_struct_mdom_sum      0x08091adc    0x9a  Data  Lc  mib.o [3]
sm_t2_expired           0x080c14df     0xc  Code  Gb  sm.o [3]
sm_usr_handle_fb_start_ind
                        0x080b0773    0xa0  Code  Gb  fbs_run.o [5]
sm_usr_search_tag       0x080b2f09    0x5e  Code  Gb  fbs_od.o [5]
sm_write_obj            0x080c2305   0x228  Code  Gb  sm.o [3]
sm_write_simple_var     0x080c213d   0x1c2  Code  Gb  sm.o [3]
smdl_call_fdev_funct    0x20007dcc    0x14  Data  Gb  smdls.o [3]
smdls_active_hdr        0x20002524    0x2c  Data  Gb  smdls.o [3]
smdls_calc_eep_size     0x080c07c5     0x4  Code  Gb  smdls.o [3]
smdls_cancel_dwnld      0x080c0ed1    0x44  Code  Lc  smdls.o [3]
smdls_copy_dom_header   0x080c0e6b    0x66  Code  Lc  smdls.o [3]
smdls_decode_dom_header
                        0x080c0d65    0xac  Code  Lc  smdls.o [3]
smdls_dom_hdr_api       0x2000257c    0x20  Data  Gb  smdls.o [3]
smdls_domain_descr      0x20002500    0x18  Data  Gb  smdls.o [3]
smdls_dwnld_hdr         0x20002550    0x2c  Data  Gb  smdls.o [3]
smdls_get_dom_state     0x080c09eb    0x12  Code  Gb  smdls.o [3]
smdls_handle_download_ind
                        0x080c0b27   0x1d0  Code  Gb  smdls.o [3]
smdls_init              0x080c0799    0x2c  Code  Gb  smdls.o [3]
smdls_is_dwnld_dom      0x080c09df     0xc  Code  Gb  smdls.o [3]
smdls_load_swdl_defaults
                        0x080c07c9    0x3a  Code  Gb  smdls.o [3]
smdls_mib_vcr_aborted   0x080c0cf7    0x22  Code  Gb  smdls.o [3]
smdls_nv_data           0x20002520     0x4  Data  Gb  smdls.o [3]
smdls_read_domain_descr
                        0x080c0f95   0x11a  Code  Lc  smdls.o [3]
smdls_read_domain_hdr   0x080c10b1   0x100  Code  Lc  smdls.o [3]
smdls_read_obj          0x080c09fd    0x5e  Code  Gb  smdls.o [3]
smdls_read_property     0x080c0f15    0x80  Code  Lc  smdls.o [3]
smdls_reset_dom_header  0x080c0e11    0x5a  Code  Lc  smdls.o [3]
smdls_segm_id           0x2000259c     0x1  Data  Gb  smdls.o [3]
smdls_store_dom_state   0x080c0d19    0x4c  Code  Lc  smdls.o [3]
smdls_write_dom_descr   0x080c0a6f    0xb8  Code  Lc  smdls.o [3]
smdls_write_obj         0x080c0a5b    0x14  Code  Gb  smdls.o [3]
smtim_add_u32_time      0x080c268b    0x12  Code  Lc  smtim.o [3]
smtim_adjust_system_time
                        0x080c25cf    0x1c  Code  Gb  smtim.o [3]
smtim_check_appl_time   0x080c25a9    0x18  Code  Gb  smtim.o [3]
smtim_enter_macrocycle  0x080c2775    0x56  Code  Gb  smtim.o [3]
smtim_get_appl_time     0x080c25c1     0xe  Code  Gb  smtim.o [3]
smtim_heapify           0x080c294d    0x5c  Code  Lc  smtim.o [3]
smtim_hsort             0x080c29a9    0x5c  Code  Lc  smtim.o [3]
smtim_insert_new_fb_start
                        0x080c27cb    0x8e  Code  Gb  smtim.o [3]
smtim_is_earlier_fb_start
                        0x080c2a05    0x2a  Code  Lc  smtim.o [3]
smtim_next_fb_start     0x080c2871    0xdc  Code  Lc  smtim.o [3]
smtim_start_fb_scheduling
                        0x080c26d5    0xa0  Code  Gb  smtim.o [3]
smtim_start_mc_timer    0x080c2ab3    0x12  Code  Lc  smtim.o [3]
smtim_start_wait_timer  0x080c2a9f    0x14  Code  Lc  smtim.o [3]
smtim_stop_fb_scheduling
                        0x080c2859    0x18  Code  Gb  smtim.o [3]
smtim_sub_times         0x080c26b1    0x24  Code  Lc  smtim.o [3]
smtim_sub_u32_time      0x080c269d    0x14  Code  Lc  smtim.o [3]
smtim_swap_fb_start     0x080c2a31    0x14  Code  Lc  smtim.o [3]
smtim_synchronize       0x080c25eb    0xa0  Code  Gb  smtim.o [3]
smtim_update_fb_start   0x080c2a45    0x5a  Code  Gb  smtim.o [3]
snd_buf                 0x20004aec    0x64  Data  Gb  appl_ptb.o [1]
sp_may_not_be_ready     0x20001138     0x1  Data  Lc  mn_fstate.o [1]
spec_ds_record_descr    0x080ab429    0x1a  Code  Gb  spec_ds.o [1]
sqrt                    0x080a4791          Code  Gb  sqrt.o [6]
sqrtl                   0x080a4791          Code  Gb  sqrt.o [6]
sr_frame                0x200124cc     0x4  Data  Lc  dll_lrx.o [3]
srand                   0x080ac451    0x20  Code  Gb  srand.o [4]
srv_tbl                 0x2000a648   0x690  Data  Gb  dll_bas.o [3]
st_dt_size              0x080afae0    0x16  Data  Gb  fbs_acc.o [5]
start_prepare_swdl      0x0809c497    0x12  Code  Gb  mn_fwdl.o [1]
stat                    0x200023d0     0xc  Data  Lc  selftest.o [1]
statemachine            0x0809bad1   0x1da  Code  Lc  hm.o [1]
static_data_lost        0x20001058     0x1  Data  Lc  appl_if.o [1]
storeByte               0x08098105    0x10  Code  Lc  eep_if.o [1]
storeULong              0x0809addd    0x10  Code  Lc  appl_dia.o [1]
store_token_cnt         0x2000a27e     0x2  Data  Gb  dll_bas.o [3]
strcmp                  0x080ac40d          Code  Gb  strcmp.o [8]
strlen                  0x0809b5cd          Code  Gb  strlen.o [8]
subscr_link             0x200085b4     0x4  Data  Gb  fbs_init.o [5]
suspicious_time         0x20008548     0x1  Data  Lc  dll_spc4.o [3]
svt_counter             0x20010fec     0x4  Data  Lc  faltim.o [3]
swdls_dwnld_prop        0x20002518     0x8  Data  Gb  smdls.o [3]
switcharray             0x2000109c     0x2  Data  Lc  mndoswff.o [1]
sys_alloc               0x08096833   0x34e  Code  Lc  dlmalloc.o [4]
systime_capture         0x0809f203    0x34  Code  Lc  appl_alert.o [1]
tag_len_16              0x20007d75     0x1  Data  Gb  fdc.o [3]
tag_reply               0x20011fb4    0x94  Data  Gb  fbs_od.o [5]
task_SwitchIdleOutHook  0x0809505b    0x1c  Code  Lc  osif_tsk.o [1]
task_SwitchInHook       0x08095039     0x2  Code  Lc  osif_tsk.o [1]
task_SwitchOutHook      0x0809503b    0x20  Code  Lc  osif_tsk.o [1]
task_data_subscription  0x080ad4f5    0x34  Code  Gb  fdc.o [3]
task_ext                0x08095820     0x8  Data  Gb  osif_tsk.o [1]
task_fblk_exec          0x080ad561    0x4a  Code  Gb  fdc.o [3]
task_fdc_background     0x080adb61    0x5e  Code  Gb  fdc_bgd.o [3]
task_fdc_background50   0x080adbc1    0x90  Code  Gb  fdc_bgd.o [3]
task_fdc_base_routine   0x080ad4a9    0x4a  Code  Gb  fdc.o [3]
task_hm_base_routine    0x08099433   0x182  Code  Gb  hm_task.o [1]
task_las_update         0x080ad5ad    0x38  Code  Gb  fdc.o [3]
task_send_mvc           0x080ad529    0x36  Code  Gb  fdc.o [3]
tb_Act1Pressure         0x080aba33     0x8  Code  Lc  mnptbexec.o [1]
tb_Act2Pressure         0x080aba45     0xa  Code  Lc  mnptbexec.o [1]
tb_BoolSp               0x080ab979    0x98  Code  Lc  mnptbexec.o [1]
tb_DOsw1                0x0809f981    0x3c  Code  Gb  mndoswff.o [1]
tb_DOsw2                0x0809f9bd    0x3a  Code  Gb  mndoswff.o [1]
tb_DiscreteInput        0x080abab5    0x12  Code  Lc  mnptbexec.o [1]
tb_FinalPosValue        0x080aba75     0x8  Code  Lc  mnptbexec.o [1]
tb_FinalValue           0x080aba6d     0x8  Code  Lc  mnptbexec.o [1]
tb_HasRun               0x200028e2     0x1  Data  Gb  appl_ptb.o [1]
tb_IPcurrent            0x080aba59     0xa  Code  Lc  mnptbexec.o [1]
tb_IntSp                0x080ab8eb    0x84  Code  Lc  mnptbexec.o [1]
tb_MAIchannels          0x080abac7    0x74  Code  Lc  mnptbexec.o [1]
tb_PilotPressure        0x080aba4f     0xa  Code  Lc  mnptbexec.o [1]
tb_PositionSp           0x080ab821    0xca  Code  Lc  mnptbexec.o [1]
tb_SupplyPressure       0x080aba29     0xa  Code  Lc  mnptbexec.o [1]
tb_Switch1              0x080aba91    0x12  Code  Lc  mnptbexec.o [1]
tb_Switch2              0x080abaa3    0x12  Code  Lc  mnptbexec.o [1]
tb_Temperature          0x080aba63     0xa  Code  Lc  mnptbexec.o [1]
tb_WorkingPos           0x080aba87     0xa  Code  Lc  mnptbexec.o [1]
tb_WorkingSP            0x080aba7d     0xa  Code  Lc  mnptbexec.o [1]
tcb_base                0x20001e4c   0x210  Data  Lc  osif_tsk.o [1]
td_frame                0x20008568     0x4  Data  Lc  dll_spc4.o [3]
testpad                 0x600093ec  0x2800  Data  Lc  eep_if.o [1]
testphase               0x200011de     0x1  Data  Lc  eep_if.o [1]
tim_list                0x20010ff8   0xfbc  Data  Lc  faltim.o [3]
time_dist_time          0x2000d09c     0x4  Data  Lc  dll_las.o [3]
timeout                 0x20004b64     0x4  Data  Lc  hm.o [1]
timer_GetTicks          0x08097df1     0xe  Code  Gb  stubs_app.o [1]
timer_GetTicksSince     0x08097dff    0x12  Code  Gb  stubs_app.o [1]
timer_handler           0x080999e7    0x9c  Code  Lc  osif_tim.o [1]
tl_frame                0x2000ae7c     0x8  Data  Gb  dll_bas.o [3]
tmalloc_large           0x08096b8d   0x37e  Code  Lc  dlmalloc.o [4]
tmalloc_small           0x08096f0b   0x1f8  Code  Lc  dlmalloc.o [4]
tmp_hi_adjust_time      0x080ac9bf    0x64  Code  Gb  tmp_hi.o [3]
tmp_hi_init             0x080ac9b5     0xa  Code  Gb  tmp_hi.o [3]
tmp_hi_initialized      0x20010fbc     0x1  Data  Lc  tmp_hi.o [3]
tmr_GetLSIFreq          0x0809c3d5    0x80  Code  Gb  stm_timer.o [1]
token_led_timeout       0x2000a280     0x2  Data  Gb  dll_bas.o [3]
token_rcvd              0x2000a27c     0x2  Data  Gb  dll_bas.o [3]
trap_systime            0x20004a7c     0xc  Data  Lc  appl_alert.o [1]
trapconf                0x0809597c    0x68  Data  Lc  mnassert.o [1]
traptab                 0x0809f684     0xd  Data  Lc  appl_alert.o [1]
trend_bitstr_obj_desc   0x080af6ac    0x34  Data  Lc  fbs_vfd.o [5]
trend_counter_cycle_counter
                        0x200010e8    0x20  Data  Lc  mn_trends.o [1]
trend_counter_position_err
                        0x20001108    0x20  Data  Lc  mn_trends.o [1]
trend_counter_travel_acc
                        0x200010c8    0x20  Data  Lc  mn_trends.o [1]
trend_disc_obj_desc     0x080af678    0x34  Data  Lc  fbs_vfd.o [5]
trend_float_obj_desc    0x080af644    0x34  Data  Lc  fbs_vfd.o [5]
trend_list              0x080a06d4    0x3c  Data  Gb  mn_trends.o [1]
tx_final                0x200124d8     0x1  Data  Lc  dll_ltx.o [3]
tx_length               0x20001a08     0x4  Data  Lc  hm.o [1]
tx_state                0x20001a04     0x4  Data  Lc  hm.o [1]
uAdvBufferFlag          0x200019bc     0x2  Data  Lc  mn_advanced.o [1]
unit_array              0x080a1ed4    0x44  Data  Lc  pressure_range.o [1]
update_bkcal_out        0x080a8e85   0x1a0  Code  Lc  ffbl_os.o [1]
update_link_settings    0x080bb011    0xf8  Code  Lc  dll_las.o [3]
update_nv_data          0x20007ad9     0x1  Data  Lc  fbs_nv.o [5]
usr_vfd_ref             0x20007e28     0x4  Data  Lc  sm.o [3]
usr_vfd_tag             0x20007df4    0x24  Data  Lc  sm.o [3]
util_GetS16             0x080a3911    0x14  Code  Gb  bufutils.o [1]
util_GetS32             0x080a392f    0x14  Code  Gb  bufutils.o [1]
util_GetU8Array         0x080a394d    0x1e  Code  Gb  bufutils.o [1]
util_PutU16             0x080a396b    0x12  Code  Gb  bufutils.o [1]
util_PutU32             0x080a397d    0x1a  Code  Gb  bufutils.o [1]
v_rid                   0x200124d0     0x1  Data  Gb  dll_lrx.o [3]
var_list                0x20008578     0x8  Data  Gb  fbs_init.o [5]
vcr_idx                 0x20010fea     0x2  Data  Lc  faltim.o [3]
verify_activation       0x0809c471     0x4  Code  Gb  appl_svi_swdl.o [1]
version_nr              0x08092f63    0x32  Data  Lc  appl_if.o [1]
view_dict_aifb          0x080816c8    0x10  Data  Gb  aifb.o [1]
view_dict_aofb          0x08082264    0x10  Data  Gb  aofb.o [1]
view_dict_arfb          0x08082fa0    0x10  Data  Gb  arfb.o [1]
view_dict_csfb          0x080838e4    0x10  Data  Gb  csfb.o [1]
view_dict_difb          0x08084294    0x10  Data  Gb  difb.o [1]
view_dict_dofb          0x08084cb4    0x10  Data  Gb  dofb.o [1]
view_dict_isfb          0x080862a4    0x10  Data  Gb  isfb.o [1]
view_dict_maifb         0x08086a7c    0x10  Data  Gb  maifb.o [1]
view_dict_osfb          0x0808746c    0x10  Data  Gb  osfb.o [1]
view_dict_pidfb         0x08088b60    0x10  Data  Gb  pidfb.o [1]
view_dict_ptb           0x0808bc0c    0x34  Data  Gb  ptb.o [1]
view_dict_resb          0x0808d384    0x10  Data  Gb  resb.o [1]
w4_tx_end               0x200124d2     0x1  Data  Lc  dll_lrx.o [3]
wd_timestamp            0x200011e4     0x4  Data  Lc  eep_if.o [1]
wdog_TickleInternalWD   0x0809a3fd     0xa  Code  Gb  stm_watchdogff.o [1]
wdog_WaitExternalWatchdog
                        0x0809a407    0x58  Code  Gb  stm_watchdogff.o [1]
wdog_WatchdogInit       0x0809a395    0x68  Code  Gb  stm_watchdogff.o [1]
wdogmon                 0x200011f0     0x8  Data  Lc  osif_tsk.o [1]
wdogmon_init            0x08095830     0x6  Data  Lc  osif_tsk.o [1]
whChecksum1__           0x08099285    0x16  Code  Gb  chsum.o [1]
working_scale           0x200028fc     0xc  Data  Lc  ffbl_ai.o [1]
writeCounter            0x20001094     0x4  Data  Lc  histogram.o [1]
write_buffer            0x60007fec  0x1400  Data  Lc  eep_if.o [1]
write_curve_local       0x080a0b09    0x4c  Code  Lc  mncharactff.o [1]
wsSignature             0x200087f6     0x2  Data  Lc  stubs_app.o [1]
xcp_dscr                0x20004ebc    0x18  Data  Gb  osif_mn.o [1]
xmt_msg                 0x0809b985    0xaa  Code  Lc  hm.o [1]


[1] = C:\tfsbuildR\SVIFF\Release2\FD-SW\cmdbuild\Rel\project_FFP
[2] = command line
[3] = base.a
[4] = dl7M_tln.a
[5] = ffbs.a
[6] = m7M_tl.a
[7] = os7m_tl__S.a
[8] = rt7M_tl.a

  204 780 bytes of readonly  code memory
   76 870 bytes of readonly  data memory
  190 129 bytes of readwrite data memory

Errors: none
Warnings: none
